02-22 03:24:22.359  1223  1260 I ActivityManager: Start proc 8024:com.miui.notes/u0a120 for content provider {com.miui.notes/com.miui.notes.provider.NotesProvider} caller=com.miui.notes
02-22 03:24:23.069  7965  7965 W BpBinder: Slow Binder: BpBinder transact took 740 ms, interface=android.app.IActivityManager, code=20 oneway=false
02-22 03:24:24.195  1223  1249 W BpBinder: Slow Binder: BpBinder transact took 245 ms, interface=android.os.IVold, code=2 oneway=false
02-22 03:24:24.195  1223  1249 W Looper  : Slow dispatch took 569ms android.fg h=android.os.Handler c=com.android.server.Watchdog$HandlerChecker@28f2971 m=0
02-22 03:24:24.309  1223  1251 W FileUtils: Slow Operation: fsync took 1116ms
02-22 03:24:24.443  1223  1251 W Looper  : Slow Looper android.io: Long Msg: seq=352 plan=03:24:23.177  late=0ms wall=1265ms running=17ms runnable=4ms io=1189ms h=android.os.Handler c=com.android.server.notification.-$$Lambda$NotificationManagerService$Ehw7Jxsy3ZIwTcAa2DFsHjIULas
02-22 03:24:24.606  1223  3604 I DropBoxManagerService: add tag=keymaster isTagEnabled=true flags=0x0
02-22 03:24:24.607  1223  1251 W FileUtils: Slow Operation: fsync took 152ms
02-22 03:24:24.723  1223  3604 I DropBoxManagerService: add tag=keymaster isTagEnabled=true flags=0x0
02-22 03:24:24.738  7965  7965 W BpBinder: Slow Binder: BpBinder transact took 1568 ms, interface=android.content.IContentProvider, code=1 oneway=false
02-22 03:24:24.899  8024  8051 E ActivityThread: Failed to find provider info for com.miui.personalassistant.widget.external
02-22 03:24:24.906  1223  3237 I ActivityManager: Process com.google.android.projection.gearhead:car (pid 7280) has died: cch+95 CEM 
02-22 03:24:24.989  1223  3603 I ActivityManager: Process com.google.android.tts (pid 7403) has died: cch+85 CEM 
02-22 03:24:25.069  7965  7965 W BpBinder: Slow Binder: BpBinder transact took 320 ms, interface=android.content.IContentProvider, code=1 oneway=false
02-22 03:24:25.088  7965  7965 W Looper  : Slow Looper main: Long Msg: seq=3 plan=03:24:21.205  late=1058ms wall=2824ms running=26ms runnable=10ms io=142ms h=android.app.ActivityThread$H w=113
02-22 03:24:25.329  7988  7988 W Looper  : Slow Looper main: Long Msg: seq=2 plan=03:24:21.279  late=4ms wall=4045ms running=384ms runnable=38ms io=1142ms h=android.app.ActivityThread$H w=110
02-22 03:24:25.464  5342  5342 W PK      : cloud receive BOOT_COMPLETED
02-22 03:24:25.674  1223  1260 I ActivityManager: Start proc 8073:com.miui.screenrecorder/1000 for broadcast {com.miui.screenrecorder/com.miui.screenrecorder.receiver.BootReceiver} caller=null
02-22 03:24:25.678  1223  2263 I ActivityManager: Process com.google.android.apps.messaging (pid 7130) has died: cch+65 CEM 
02-22 03:24:25.892  1223  3485 I ActivityManager: Process com.google.android.partnersetup (pid 7095) has died: cch+55 CEM 
02-22 03:24:26.545  1223  1223 W Looper  : Slow Looper main: Long Msg: seq=4600 plan=03:24:14.998  late=5885ms wall=5662ms running=169ms runnable=13ms io=3060ms h=android.app.ActivityThread$H c=android.app.-$$Lambda$LoadedApk$ReceiverDispatcher$Args$_BumDX2UKsnxLVrE6UJsJZkotuA
02-22 03:24:26.545  1223  1223 W Looper  : Slow dispatch took 5662ms main h=android.app.ActivityThread$H c=android.app.-$$Lambda$LoadedApk$ReceiverDispatcher$Args$_BumDX2UKsnxLVrE6UJsJZkotuA@bab6b1 m=0
02-22 03:24:26.566  1223  1223 I Telecom : DefaultDialerCache: Refreshing default dialer for user 0: now com.google.android.dialer: DDC.oR@ACA
02-22 03:24:26.786  7340  7462 W BpBinder: Slow Binder: BpBinder transact took 298 ms, interface=android.ui.ISurfaceComposer, code=1598311760 oneway=false
02-22 03:24:27.159  1223  1382 W JobServiceContext: No response from client for onStartJob b662c79 #1000/108145 com.google.android.gms.reminders/com.google/teccondavid@gmail.com:android
02-22 03:24:27.177  1223  1382 W JobServiceContext: No response from client for onStartJob ac7f518 #1000/104053 com.google.android.gms.chromesync/com.google/daveonthebit@gmail.com:android
02-22 03:24:27.180  1223  1382 W JobServiceContext: No response from client for onStartJob c60db71 #1000/107582 com.google.android.gms.chromesync/com.google/holatecnicolo@gmail.com:android
02-22 03:24:27.183  1223  1382 W JobServiceContext: No response from client for onStartJob 9b060fb #1000/108820 com.google.android.gms.chromesync/com.google/teccondavid@gmail.com:android
02-22 03:24:27.185  1223  1382 W JobServiceContext: No response from client for onStartJob 80b4540 #1000/104681 com.google.android.gms.reminders/com.google/holatecnicola@gmail.com:android
02-22 03:24:27.188  1223  1382 W JobServiceContext: No response from client for onStartJob 5ff756c #1000/108170 com.google.android.gms.reminders/com.google/daveonthebit@gmail.com:android
02-22 03:24:27.711  1223  3485 I WakePathChecker: updateLauncherPackageNames =com.miui.home
02-22 03:24:27.711  1223  3485 I WakePathChecker: updateLauncherPackageNames =com.android.settings
02-22 03:24:27.738  1223  3485 W BroadcastQueue: Permission Denial: receiving Intent { act=android.intent.action.BOOT_COMPLETED flg=0x89000010 (has extras) } to com.miui.videoplayer/androidx.work.impl.background.systemalarm.RescheduleReceiver requires android.permission.RECEIVE_BOOT_COMPLETED due to sender null (uid 1000)
02-22 03:24:27.764  1223  1260 I ActivityManager: Start proc 8216:com.miui.weather2/u0a72 for broadcast {com.miui.weather2/com.miui.weather2.receiver.UpdateWeatherReceiver} caller=null
02-22 03:24:27.779  1223  1383 I AlarmManager: remove power off alarm pacakge name android
02-22 03:24:27.969  1223  1223 W Looper  : Slow Looper main: Long Msg: seq=4623 plan=03:24:18.399  late=8200ms wall=1369ms running=105ms runnable=2ms io=460ms h=android.app.ActivityThread$H c=android.app.-$$Lambda$LoadedApk$ReceiverDispatcher$Args$_BumDX2UKsnxLVrE6UJsJZkotuA
02-22 03:24:27.969  1223  1223 W Looper  : Slow dispatch took 1369ms main h=android.app.ActivityThread$H c=android.app.-$$Lambda$LoadedApk$ReceiverDispatcher$Args$_BumDX2UKsnxLVrE6UJsJZkotuA@e37f5f5 m=0
02-22 03:24:28.224  1223  1259 E NotificationService: Suppressing notification from package by user request.
02-22 03:24:28.233  1223  1259 E NotificationService: Suppressing notification from package by user request.
02-22 03:24:28.242  1223  1260 I ActivityManager: Start proc 8246:com.xiaomi.discover/u0a100 for broadcast {com.xiaomi.discover/com.xiaomi.market.data.StartupReceiver} caller=null
02-22 03:24:28.315  2406  3801 W BpBinder: Slow Binder: BpBinder transact took 6787 ms, interface=com.google.android.gms.droidguard.internal.IDroidGuardHandle, code=5 oneway=false
02-22 03:24:28.342  1223  1223 W Looper  : Slow dispatch took 354ms main h=android.app.ActivityThread$H c=android.app.-$$Lambda$LoadedApk$ReceiverDispatcher$Args$_BumDX2UKsnxLVrE6UJsJZkotuA@6efe6c1 m=0
02-22 03:24:28.343  1223  1223 I Telecom : DefaultDialerCache: Refreshing default dialer for user 0: now com.google.android.dialer: DDC.oR@ACE
02-22 03:24:28.436  1223  1260 I ActivityManager: Start proc 8271:com.google.android.dialer/u0a169 for service {com.google.android.dialer/androidx.work.impl.background.systemjob.SystemJobService} caller=android
02-22 03:24:28.605  1223  1223 W Looper  : Slow dispatch took 108ms main h=android.app.ActivityThread$H c=android.app.-$$Lambda$LoadedApk$ReceiverDispatcher$Args$_BumDX2UKsnxLVrE6UJsJZkotuA@fd3387 m=0
02-22 03:24:28.616  1223  1223 W Looper  : Drained
02-22 03:24:28.829  1223  1223 W Looper  : Slow dispatch took 207ms main h=android.app.job.JobServiceEngine$JobHandler c=null m=2
02-22 03:24:28.907  7933  7933 W Looper  : Slow Looper main: Long Msg: seq=5 plan=03:24:20.927  late=1ms wall=7977ms running=14ms runnable=2ms io=66ms h=android.app.ActivityThread$H w=114
02-22 03:24:29.385  7933  8294 W BpBinder: Slow Binder: BpBinder transact took 419 ms, interface=com.android.internal.telephony.ITelephony, code=142 oneway=false
02-22 03:24:29.518  2406  8290 W BpBinder: Slow Binder: BpBinder transact took 244 ms, interface=android.content.IContentService, code=19 oneway=false
02-22 03:24:29.518  1424  1851 W BpBinder: Slow Binder: BpBinder transact took 319 ms, interface=android.content.IContentService, code=24 oneway=false
02-22 03:24:29.633  8246  8246 W Looper  : Slow Looper main: Long Msg: seq=2 plan=03:24:28.294  late=4ms wall=1333ms running=163ms runnable=10ms io=1076ms h=android.app.ActivityThread$H w=110
02-22 03:24:30.285  1223  3620 I ActivityManager: Killing 7307:com.google.process.gapps/u0a189 (adj 965): empty #13
02-22 03:24:30.319  1223  1260 I ActivityManager: Start proc 8313:com.xiaomi.location.fused/1000 for broadcast {com.xiaomi.location.fused/com.xiaomi.location.fused.BootCompleteReceiver} caller=null
02-22 03:24:30.424  1223  1859 I ActivityManager: Process com.google.android.youtube (pid 7488) has died: cch+65 CEM 
02-22 03:24:30.468  1223  1250 W Looper  : Slow dispatch took 144ms android.ui h=com.android.server.am.ActivityManagerService$UiHandler c=null m=53
02-22 03:24:30.533  1223  3485 W FileUtils: Slow Operation: fsync took 103ms
02-22 03:24:30.835  1223  1859 I ActivityManager: Process com.mediatek.engineermode (pid 7692) has died: cch+55 CEM 
02-22 03:24:31.231  1223  1260 I ActivityManager: Start proc 8392:com.xiaomi.mipicks/u0a115 for content provider {com.xiaomi.mipicks/com.xiaomi.market.provider.MarketProvider} caller=com.xiaomi.discover
02-22 03:24:31.286  8271  8271 W Looper  : Slow Looper main: Long Msg: seq=2 plan=03:24:28.473  late=2ms wall=2810ms running=395ms runnable=29ms io=2202ms h=android.app.ActivityThread$H w=110
02-22 03:24:31.344  1223  1260 I ActivityManager: Start proc 8421:com.google.android.projection.gearhead:provider/u0a178 for content provider {com.google.android.projection.gearhead/com.google.android.apps.auto.components.projectionstate.ProjectionStateProvider} caller=com.google.android.dialer
02-22 03:24:31.533  1223  3506 I ActivityManager: Process com.android.vending (pid 7237) has died: cch+55 CEM 
02-22 03:24:31.869  1223  1260 I ActivityManager: Start proc 8466:com.xiaomi.mi_connect_service/1000 for broadcast {com.xiaomi.mi_connect_service/com.xiaomi.mi_connect_service.BoostReceiver} caller=null
02-22 03:24:31.924  1223  3388 I ActivityManager: Process com.miui.bugreport (pid 7777) has died: cch+45 CEM 
02-22 03:24:31.973  1223  3614 I ActivityManager: Process com.miui.notes:remote (pid 7965) has died: cch+95 CEM 
02-22 03:24:32.034  1223  3388 I ActivityManager: Process com.android.vending:background (pid 7988) has died: cch+95 CEM 
02-22 03:24:32.231  8271  8420 W BpBinder: Slow Binder: BpBinder transact took 922 ms, interface=android.app.IActivityManager, code=20 oneway=false
02-22 03:24:32.263  1223  1260 I ActivityManager: Start proc 8496:com.xiaomi.mipicks:guard/u0a115 for broadcast {com.xiaomi.mipicks/com.xiaomi.market.data.StartupReceiver} caller=null
02-22 03:24:32.395  8246  8299 W BpBinder: Slow Binder: BpBinder transact took 1190 ms, interface=android.app.IActivityManager, code=20 oneway=false
02-22 03:24:32.441  8392  8392 W Looper  : Slow Looper main: Long Msg: seq=2 plan=03:24:31.276  late=7ms wall=1157ms running=242ms runnable=70ms io=792ms h=android.app.ActivityThread$H w=110
02-22 03:24:32.475  8421  8421 W Looper  : Slow Looper main: Long Msg: seq=2 plan=03:24:31.369  late=4ms wall=1102ms running=202ms runnable=65ms io=757ms h=android.app.ActivityThread$H w=110
02-22 03:24:32.612  8496  8542 I Ad      : isPersonalizedAdEnabled getAdSettings: 3
02-22 03:24:32.648  1223  1259 E NotificationService: Suppressing notification from package by user request.
02-22 03:24:32.779  1223  3485 W BroadcastQueueInjector: Unable to launch app com.canva.editor/10214 for broadcast Intent { act=android.intent.action.BOOT_COMPLETED flg=0x89000010 (has extras) }: process is not permitted to  auto start
02-22 03:24:32.783  1223  1259 W BroadcastQueueInjector: Unable to launch app com.gombosdev.ampere/10201 for broadcast Intent { act=android.intent.action.BOOT_COMPLETED flg=0x89000010 (has extras) }: process is not permitted to  auto start
02-22 03:24:32.784  1223  1259 W BroadcastQueueInjector: Unable to launch app com.google.android.keep/10216 for broadcast Intent { act=android.intent.action.BOOT_COMPLETED flg=0x89000010 (has extras) }: process is not permitted to  auto start
02-22 03:24:32.787  1223  1259 I chatty  : uid=1000(system) ActivityManager identical 2 lines
02-22 03:24:32.788  1223  1259 W BroadcastQueueInjector: Unable to launch app com.google.android.keep/10216 for broadcast Intent { act=android.intent.action.BOOT_COMPLETED flg=0x89000010 (has extras) }: process is not permitted to  auto start
02-22 03:24:32.789  1223  1259 W BroadcastQueue: Permission Denial: receiving Intent { act=android.intent.action.BOOT_COMPLETED flg=0x89000010 (has extras) } to com.miui.android.fashiongallery/androidx.work.impl.background.systemalarm.RescheduleReceiver requires android.permission.RECEIVE_BOOT_COMPLETED due to sender null (uid 1000)
02-22 03:24:32.789  1223  1259 W BroadcastQueue: Permission Denial: receiving Intent { act=android.intent.action.BOOT_COMPLETED flg=0x89000010 (has extras) } to com.multi.sandbox.mods.space/com.unity.androidnotifications.UnityNotificationRestartReceiver requires android.permission.RECEIVE_BOOT_COMPLETED due to sender null (uid 1000)
02-22 03:24:32.790  1223  1259 W BroadcastQueueInjector: Unable to launch app com.roblox.client/10268 for broadcast Intent { act=android.intent.action.BOOT_COMPLETED flg=0x89000010 (has extras) }: process is not permitted to  auto start
02-22 03:24:32.791  1223  1259 W BroadcastQueue: Permission Denial: receiving Intent { act=android.intent.action.BOOT_COMPLETED flg=0x89000010 (has extras) } to com.scream.imposter.monster.survival/mygame.plugin.localpushnotify.PushNotifyBrcv requires android.permission.RECEIVE_BOOT_COMPLETED due to sender null (uid 1000)
02-22 03:24:32.792  1223  1259 W BroadcastQueueInjector: Unable to launch app notes.notepad.checklist.calendar.todolist.notebook/10209 for broadcast Intent { act=android.intent.action.BOOT_COMPLETED flg=0x89000010 (has extras) }: process is not permitted to  auto start
02-22 03:24:32.809  8496  8542 I SystemConfig: Non-xml file /system/etc/permissions/pms_sysapp_removable_system_list.txt in /system/etc/permissions directory, ignoring
02-22 03:24:32.809  8496  8542 I SystemConfig: Non-xml file /system/etc/permissions/pms_sysapp_removable_vendor_list.txt in /system/etc/permissions directory, ignoring
02-22 03:24:32.814  1223  1260 I ActivityManager: Start proc 8548:com.duolingo/u0a207 for broadcast {com.duolingo/com.duolingo.streak.streakWidget.StreakWidgetProvider} caller=android
02-22 03:24:32.934  8496  8542 W SystemConfig: No directory /product_services/etc/sysconfig, skipping
02-22 03:24:32.935  8496  8542 W SystemConfig: No directory /product_services/etc/permissions, skipping
02-22 03:24:33.808  1223  3485 I ActivityManager: Process com.miui.notes (pid 8024) has died: cch+55 CEM 
02-22 03:24:34.084  1223  1859 I ActivityManager: Process com.miui.screenrecorder (pid 8073) has died: cch+95 CEM 
02-22 03:24:34.286  1223  1831 I ActivityManager: Process com.miui.analytics (pid 7737) has died: cch+85 CEM 
02-22 03:24:34.625  1223  1831 I ActivityManager: Process com.miui.weather2 (pid 8216) has died: cch+75 CEM 
02-22 03:24:34.692  8548  8548 W Looper  : Slow Looper main: Long Msg: seq=2 plan=03:24:32.859  late=3ms wall=1828ms running=836ms runnable=206ms io=472ms h=android.app.ActivityThread$H w=110
02-22 03:24:34.871  1223  3485 I ActivityManager: Process com.miui.cloudbackup (pid 7856) has died: cch+65 CEM 
02-22 03:24:34.941  1223  3485 I ActivityManager: Process com.xiaomi.discover (pid 8246) has died: cch+55 CEM 
--------- beginning of main
02-22 03:24:35.014  2406  2406 D BoundBrokerSvc: onUnbind: Intent { act=com.google.android.gms.measurement.START pkg=com.google.android.gms }
02-22 03:24:35.016  8548  8678 D WM-SystemJobScheduler: Scheduling work ID ebf94ae7-0568-4dbb-8b56-a6d4ccd3c17eJob ID 23877
02-22 03:24:35.021  8548  8632 I FirebaseCrashlytics: Saved version control info
02-22 03:24:35.026  1223  1352 I MiuiNetworkPolicy: updateUidState uid = 10207, uidState = 9
02-22 03:24:35.026  8548  8678 D WM-GreedyScheduler: Starting work for ebf94ae7-0568-4dbb-8b56-a6d4ccd3c17e
02-22 03:24:35.033  8548  8548 D WM-SystemJobService: onStartJob for WorkGenerationalId(workSpecId=ebf94ae7-0568-4dbb-8b56-a6d4ccd3c17e, generation=0)
02-22 03:24:35.037  1223  1352 I MiuiNetworkPolicy: updateUidState uid = 10195, uidState = 20
02-22 03:24:35.051  8548  8587 I DuoLog  : [Platform - Application Stability and Performance]: beginSection: file_read:/data/user/0/com.duolingo/files/res/v2/score/local/users/948577102/DUOLINGO_EN_ES/score_info.json
02-22 03:24:35.052   528   528 D Zygote  : Forked child process 8699
02-22 03:24:35.055  8699  8699 I Zygote  : DropCapabilitiesBoundingSet ro.build.version.type=
02-22 03:24:35.061   527   527 D OemNetd : setPidForPackage: packageName=com.google.android.apps.maps, pid=8699, pid=10195
02-22 03:24:35.061  1223  1260 I ActivityManager: Start proc 8699:com.google.android.apps.maps/u0a195 for broadcast {com.google.android.apps.maps/com.google.android.apps.gmm.navigation.service.detection.StartDetectionReceiver} caller=null
02-22 03:24:35.062  2870  2870 I AppBase : AppBase.onTrimMemory():287 onTrimMemory(): 5
02-22 03:24:35.067  8548  8587 I DuoLog  : [Platform - Application Stability and Performance]: endSection: file_read:/data/user/0/com.duolingo/files/res/v2/score/local/users/948577102/DUOLINGO_EN_ES/score_info.json
02-22 03:24:35.077  8699  8699 E droid.apps.map: Unknown bits set in runtime_flags: 0x8000
02-22 03:24:35.081  2870  2870 I KeyboardDefCache: MemoryFileCache$1.onTrimMemory():124 clearMemory() for trim memory: 5
02-22 03:24:35.081  2870  2870 I KeyboardDefCache: MemoryFileCache.clearMemory():408 evictAll()
02-22 03:24:35.082  2870  2870 I GoogleInputMethodService: GoogleInputMethodService.onTrimMemory():2852 onTrimMemory(): 5
02-22 03:24:35.086  8699  8699 E droid.apps.map: Not starting debugger since process cannot load the jdwp agent.
02-22 03:24:35.098  8548  8587 W Adjust  : PRODUCTION: Adjust is running in Production mode. Use this setting only for the build that you want to publish. Set the environment to `sandbox` if you want to test your app!
02-22 03:24:35.098  8548  8614 I DuoLog  : [Platform - Client Architecture]: Running DiskBatteryMetricsStartupTask
02-22 03:24:35.098  2870  2870 I AppBase : AppBase.onTrimMemory():287 onTrimMemory(): 10
02-22 03:24:35.099  2870  2870 I KeyboardDefCache: MemoryFileCache$1.onTrimMemory():124 clearMemory() for trim memory: 10
02-22 03:24:35.099  2870  2870 I KeyboardDefCache: MemoryFileCache.clearMemory():408 evictAll()
02-22 03:24:35.099  2870  2870 I GoogleInputMethodService: GoogleInputMethodService.onTrimMemory():2852 onTrimMemory(): 10
02-22 03:24:35.100  8548  8587 W Adjust  : PRODUCTION: Adjust is running in Production mode. Use this setting only for the build that you want to publish. Set the environment to `sandbox` if you want to test your app!
02-22 03:24:35.107  8548  8587 I DuoLog  : [Platform - Data Tooling]: Tracking timeout experiment condition: CONTROL
02-22 03:24:35.108  8548  8587 I DuoLog  : [Platform - Data Tooling]: SetHttpTimeouts: connection=PT30S, read=PT0S, write=PT0S
02-22 03:24:35.117  1223  1352 I MiuiNetworkPolicy: updateUidState uid = 10195, uidState = 12
02-22 03:24:35.119  8548  8616 I DuoLog  : [Platform - Application Stability and Performance]: beginSection: file_read:/data/user/0/com.duolingo/files/res/v2/offlineManifest.json
02-22 03:24:35.125  8548  8611 I DuoLog  : [Platform - Application Stability and Performance]: beginSection: file_read:/data/user/0/com.duolingo/files/res/v2/rest/2017-06-30/config.json
02-22 03:24:35.132  8548  8611 I DuoLog  : [Platform - Application Stability and Performance]: endSection: file_read:/data/user/0/com.duolingo/files/res/v2/rest/2017-06-30/config.json
02-22 03:24:35.133  8548  8698 D WM-SystemJobScheduler: Scheduling work ID f00ca8fd-9164-457b-9d3e-393b0a175025Job ID 23878
02-22 03:24:35.138  8548  8698 D WM-GreedyScheduler: Starting work for f00ca8fd-9164-457b-9d3e-393b0a175025
02-22 03:24:35.139  2094  7662 I PhenotypeResourceReader: unable to find any Phenotype resource metadata for com.duolingo
02-22 03:24:35.139  8548  8548 D WM-SystemJobService: onStartJob for WorkGenerationalId(workSpecId=f00ca8fd-9164-457b-9d3e-393b0a175025, generation=0)
02-22 03:24:35.147  8548  8613 I DuoLog  : [Platform - Application Stability and Performance]: beginSection: file_read:/data/user/0/com.duolingo/files/res/v2/rest/2017-06-30/users/948577102/experiments.json
02-22 03:24:35.180  8548  8722 D WM-Processor: Processor cancelling ebf94ae7-0568-4dbb-8b56-a6d4ccd3c17e
02-22 03:24:35.180  8548  8722 D WM-Processor: WorkerWrapper could not be found for ebf94ae7-0568-4dbb-8b56-a6d4ccd3c17e
02-22 03:24:35.184  8548  8722 D WM-GreedyScheduler: Cancelling work ID ebf94ae7-0568-4dbb-8b56-a6d4ccd3c17e
02-22 03:24:35.186  8548  8548 D WM-SystemJobService: onStopJob for WorkGenerationalId(workSpecId=ebf94ae7-0568-4dbb-8b56-a6d4ccd3c17e, generation=0)
02-22 03:24:35.192  8548  8613 I DuoLog  : [Platform - Application Stability and Performance]: endSection: file_read:/data/user/0/com.duolingo/files/res/v2/rest/2017-06-30/users/948577102/experiments.json
02-22 03:24:35.195  8548  8589 I DuoLog  : [Platform - Data Tooling]: Event blocklist initialized: [tour page 2, tour page 3, tour page 4, opened main menu, opened language menu, math_sg_asset_load_attempt, math_sg_asset_slow]
02-22 03:24:35.198  8548  8619 I DuoLog  : [Platform - Application Stability and Performance]: beginSection: file_read:/data/user/0/com.duolingo/files/res/v2/rest/2017-06-30/users/948577102.json
02-22 03:24:35.203  8548  8722 D WM-SystemJobScheduler: Scheduling work ID 484fe4b4-abec-4d0e-8026-2ad2c3f05bceJob ID 23879
02-22 03:24:35.206  8548  8619 I DuoLog  : [Platform - Application Stability and Performance]: endSection: file_read:/data/user/0/com.duolingo/files/res/v2/rest/2017-06-30/users/948577102.json
02-22 03:24:35.218  2406  2406 D BoundBrokerSvc: onRebind: Intent { act=com.google.android.gms.appset.service.START dat=chimera-action: cmp=com.google.android.gms/.chimera.GmsApiService }
02-22 03:24:35.233  8548  8722 D WM-SystemJobScheduler: Scheduling work ID 1c480de6-f154-44a1-8d5e-51089e1dd4a5Job ID 23880
02-22 03:24:35.245  8548  8722 D WM-GreedyScheduler: Starting work for 1c480de6-f154-44a1-8d5e-51089e1dd4a5
02-22 03:24:35.245  1223  1352 I MiuiNetworkPolicy: updateUidState uid = 10165, uidState = 20
02-22 03:24:35.247  8548  8548 D WM-SystemJobService: onStartJob for WorkGenerationalId(workSpecId=1c480de6-f154-44a1-8d5e-51089e1dd4a5, generation=0)
02-22 03:24:35.255   528   528 D Zygote  : Forked child process 8727
02-22 03:24:35.256  8727  8727 I Zygote  : DropCapabilitiesBoundingSet ro.build.version.type=
02-22 03:24:35.260   527   527 D OemNetd : setPidForPackage: packageName=com.android.vending, pid=8727, pid=10165
02-22 03:24:35.261  1223  1260 I ActivityManager: Start proc 8727:com.android.vending/u0a165 for service {com.android.vending/com.google.android.finsky.developergroupidinfo.DeveloperGroupIdInfoService} caller=com.google.android.gms
02-22 03:24:35.277  8548  8722 D WM-SystemJobScheduler: Scheduling work ID 52c64238-83ee-46ff-b571-238c3e4a2ef7Job ID 23881
02-22 03:24:35.278  8727  8727 E android.vendin: Not starting debugger since process cannot load the jdwp agent.
02-22 03:24:35.284  8548  8722 D WM-GreedyScheduler: Starting work for 52c64238-83ee-46ff-b571-238c3e4a2ef7
02-22 03:24:35.284  8548  8548 D WM-SystemJobService: onStartJob for WorkGenerationalId(workSpecId=52c64238-83ee-46ff-b571-238c3e4a2ef7, generation=0)
02-22 03:24:35.293  8548  8722 W WM-Processor: Didn't find WorkSpec for id WorkGenerationalId(workSpecId=ebf94ae7-0568-4dbb-8b56-a6d4ccd3c17e, generation=0)
02-22 03:24:35.294  8548  8548 D WM-SystemJobService: ebf94ae7-0568-4dbb-8b56-a6d4ccd3c17e executed on JobScheduler
02-22 03:24:35.299  8548  8696 W WM-Processor: Didn't find WorkSpec for id WorkGenerationalId(workSpecId=ebf94ae7-0568-4dbb-8b56-a6d4ccd3c17e, generation=0)
02-22 03:24:35.299  8548  8548 D WM-SystemJobService: ebf94ae7-0568-4dbb-8b56-a6d4ccd3c17e executed on JobScheduler
02-22 03:24:35.301  1223  1352 I MiuiNetworkPolicy: updateUidState uid = 10165, uidState = 5
02-22 03:24:35.313  8548  8698 D WM-Processor: e: processing WorkGenerationalId(workSpecId=f00ca8fd-9164-457b-9d3e-393b0a175025, generation=0)
02-22 03:24:35.328  8548  8698 D WM-Processor: Work WorkGenerationalId(workSpecId=f00ca8fd-9164-457b-9d3e-393b0a175025, generation=0) is already enqueued for processing
02-22 03:24:35.329  8548  8698 D WM-StopWorkRunnable: StopWorkRunnable for ebf94ae7-0568-4dbb-8b56-a6d4ccd3c17e; Processor.stopWork = false
02-22 03:24:35.329  8548  8698 D WM-StopWorkRunnable: StopWorkRunnable for ebf94ae7-0568-4dbb-8b56-a6d4ccd3c17e; Processor.stopWork = false
02-22 03:24:35.333  8548  8616 I DuoLog  : [Platform - Application Stability and Performance]: endSection: file_read:/data/user/0/com.duolingo/files/res/v2/offlineManifest.json
02-22 03:24:35.335  8548  8585 I DuoLog  : [Platform - Data Tooling]: Event blocklist initialized: [tour page 2, tour page 3, tour page 4, opened main menu, opened language menu, math_sg_asset_load_attempt, math_sg_asset_slow]
02-22 03:24:35.336  8727  8727 I android.vendin: The ClassLoaderContext is a special shared library.
02-22 03:24:35.349  8548  8698 D WM-Processor: e: processing WorkGenerationalId(workSpecId=1c480de6-f154-44a1-8d5e-51089e1dd4a5, generation=0)
02-22 03:24:35.357  8548  8698 D WM-Processor: Work WorkGenerationalId(workSpecId=1c480de6-f154-44a1-8d5e-51089e1dd4a5, generation=0) is already enqueued for processing
02-22 03:24:35.367  8548  8698 D WM-Processor: e: processing WorkGenerationalId(workSpecId=52c64238-83ee-46ff-b571-238c3e4a2ef7, generation=0)
02-22 03:24:35.374  8548  8698 D WM-Processor: Work WorkGenerationalId(workSpecId=52c64238-83ee-46ff-b571-238c3e4a2ef7, generation=0) is already enqueued for processing
02-22 03:24:35.377  2094  2094 D BoundBrokerSvc: onUnbind: Intent { act=com.google.android.gms.presencemanager.service.START dat=chimera-action: cmp=com.google.android.gms/.chimera.PersistentApiService }
02-22 03:24:35.380  2094  2094 D BoundBrokerSvc: onUnbind: Intent { act=com.google.android.gms.presencemanager.service.INTERNAL_IDENTITY dat=chimera-action: cmp=com.google.android.gms/.chimera.PersistentApiService }
02-22 03:24:35.389  8548  8698 D WM-GreedyScheduler: Cancelling work ID ebf94ae7-0568-4dbb-8b56-a6d4ccd3c17e
02-22 03:24:35.398  8548  8673 I com.duolingo: WaitForGcToComplete blocked ClassLinker on ClassLinker for 531.473ms
02-22 03:24:35.398  8548  8649 I com.duolingo: Waiting for a blocking GC ClassLinker
02-22 03:24:35.399  8548  8649 I com.duolingo: WaitForGcToComplete blocked ClassLinker on ClassLinker for 437.320ms
02-22 03:24:35.399  8548  8673 I System.out: [okhttp]:not MMS!
02-22 03:24:35.399  8548  8673 I System.out: [okhttp]:not Email!
02-22 03:24:35.400  8548  8671 W com.duolingo: Long monitor contention with owner AsyncTask #3 (8673) at void com.android.okhttp.internal.http.HttpEngine.sendRequest()(HttpEngine.java:239) waiters=0 in void com.android.okhttp.internal.http.HttpEngine.sendRequest() for 588ms
02-22 03:24:35.403  8548  8698 D WM-GreedyScheduler: Cancelling work ID ebf94ae7-0568-4dbb-8b56-a6d4ccd3c17e
02-22 03:24:35.406  8548  8582 D AudioManager: getStreamVolume isRestricted mode = 0
02-22 03:24:35.409  8548  8671 I System.out: [okhttp]:check permission begin!
02-22 03:24:35.409  8548  8671 I System.out: [okhttp]:not MMS!
02-22 03:24:35.409  8548  8671 I System.out: [okhttp]:not Email!
02-22 03:24:35.441  8548  8673 I System.out: [socket]:check permission begin!
02-22 03:24:35.449  8548  8671 I System.out: [socket]:check permission begin!
02-22 03:24:35.453  8548  8548 D WM-WorkerWrapper: Starting work for com.duolingo.streak.streakWidget.RefreshWidgetWorker
02-22 03:24:35.470  8548  8548 D WM-WorkerWrapper: Starting work for com.duolingo.feature.appicon.UnextendedStreakAppIconUpdateWorker
02-22 03:24:35.475  8548  8581 E QTagParser: Error reading from /proc/net/xt_qtaguid/stats. Please check if this file exists.
02-22 03:24:35.480  8548  8754 I DuoLog  : [Platform - Application Stability and Performance]: beginSection: api_call https://zombie.duolingo.com/2/android.json?user=948577102&ts=1771727075&tzoffset=1.0&requestingProcessContext=other
02-22 03:24:35.498  8548  8689 I DuoLog  : [Platform - Application Stability and Performance]: beginSection: file_read:/data/user/0/com.duolingo/files/rest/2017-06-30/users/948577102/widget_timeline.json
02-22 03:24:35.501  8548  8582 I DuoLog  : [Platform - Data Tooling]: Track: <widget_update_work_request_enqueued> {"keyboard_vendor":"google","memory_maximum":536870912,"lesson_coach_enabled":true,"is_dark_mode":false,"memory_system_threshold":282664960,"memory_system_available":788938752,"webview_chrome_version_code":755913200,"device_year":2013,"available_processors":8,"memory_class":256,"build_flavor":"play","Client":"Duodroid","memory_total":17022416,"is_low_end_device":false,"app_standby_bucket":"rare","geoip_country":"ES","default_launcher_package":"com.miui.home","default_launcher_version":"RELEASE-4.21.15.3260-11081751","memory_used":15158840,"battery_status":"CHARGING","webview_chrome_version_name":"144.0.7559.132","performance_mode":"NORMAL","volume":0.4666666666666667,"battery_pct":56,"sim_network_country":"ES","is_poor_frame_performance":false,"device_orientation":"PORTRAIT","current_app_icon":"AppIcon","recognizer_package_name":"com.google.android.googlequicksearchbox","memory_system_low":false,"network_downlink":1048576,"data_saver":"disabled","device_default_locale":"es_ES","app_level_haptics_enabled":true,"timezone":"Europe\/Madrid","origin":"worker_small_widget_metadata","is_home_widget_medium_installed":false,"current_app_name_variant":"Duolingo","notifications_enabled":true,"memory_system_unavailable":1064144896,"memory_class_large":512,"keyboard":"nokeys","memory_free":1863576,"notifications_enabled_compat":true,"orientation":"portrait","is_streak_widget_installed":true,"audio_output_volume":0.4666666666666667,"app_pre_release":false,"billing_country_code":"ES","android_sdk_int":29,"has_google_recognizer":true,"has_google_play_services":true,"font_scale":1,"is_low_performance_mode":false,"battery_tmp":287,"is_home_widget_small_installed":true,"network_type":"WIFI","network_quality":"UNKNOWN","memory_system_total":1853083648}
02-22 03:24:35.507  2094  2094 D BoundBrokerSvc: onUnbind: Intent { act=com.google.android.gms.semanticlocation.service.START_ODLH dat=chimera-action: cmp=com.google.android.gms/.chimera.PersistentBoundBrokerService }
02-22 03:24:35.522  8548  8678 D WM-PackageManagerHelper: Skipping component enablement for androidx.work.impl.background.systemalarm.RescheduleReceiver
02-22 03:24:35.523  8727  8727 W android.vendin: JIT profile information will not be recorded: profile file does not exits.
02-22 03:24:35.523  8727  8727 W android.vendin: JIT profile information will not be recorded: profile file does not exits.
02-22 03:24:35.525  8699  8699 W droid.apps.map: JIT profile information will not be recorded: profile file does not exits.
02-22 03:24:35.526  8699  8699 I chatty  : uid=10195(com.google.android.apps.maps) identical 1 line
02-22 03:24:35.526  8699  8699 W droid.apps.map: JIT profile information will not be recorded: profile file does not exits.
02-22 03:24:35.539   527  8756 E ResolverController: No valid NAT64 prefix (100, <unspecified>/0)
02-22 03:24:35.540  8548  8754 I System.out: [socket]:check permission begin!
02-22 03:24:35.549  8548  8548 D WM-WorkerWrapper: Starting work for com.duolingo.feature.appicon.UnhingedAppIconUpdateWorker
02-22 03:24:35.556  8548  8595 I DuoLog  : [Platform - Application Stability and Performance]: beginSection: file_read:/data/user/0/com.duolingo/files/res/v2/rest/2017-06-30/users/past_month/948577102/xpSummaries.json
02-22 03:24:35.563  8548  8604 I DuoLog  : [Platform - Application Stability and Performance]: beginSection: file_read:/data/user/0/com.duolingo/files/res/v2/users/948577102/user_streak_states.json
02-22 03:24:35.578  8548  8604 I DuoLog  : [Platform - Application Stability and Performance]: endSection: file_read:/data/user/0/com.duolingo/files/res/v2/users/948577102/user_streak_states.json
02-22 03:24:35.579  8548  8595 I DuoLog  : [Platform - Application Stability and Performance]: endSection: file_read:/data/user/0/com.duolingo/files/res/v2/rest/2017-06-30/users/past_month/948577102/xpSummaries.json
02-22 03:24:35.582  8548  8587 I DuoLog  : [Platform - Data Tooling]: Event blocklist initialized: [tour page 2, tour page 3, tour page 4, opened main menu, opened language menu, math_sg_asset_load_attempt, math_sg_asset_slow]
02-22 03:24:35.586  8548  8587 V DuoLog  : [Platform - Application Stability and Performance]: BreadCrumb: observe energy config: UserId(id=948577102)
02-22 03:24:35.587  8548  8599 I DuoLog  : [Platform - Data Tooling]: Event blocklist initialized: [tour page 2, tour page 3, tour page 4, opened main menu, opened language menu, math_sg_asset_load_attempt, math_sg_asset_slow]
02-22 03:24:35.603  8548  8718 I FA      : App measurement disabled by setAnalyticsCollectionEnabled(false)
02-22 03:24:35.617  8548  8605 I DuoLog  : [Platform - Application Stability and Performance]: beginSection: file_read:/data/user/0/com.duolingo/files/rest/2017-06-30/users/948577102/energy_modifications.json
02-22 03:24:35.619  8548  8629 I DuoLog  : [Platform - Data Tooling]: Event blocklist initialized: [tour page 2, tour page 3, tour page 4, opened main menu, opened language menu, math_sg_asset_load_attempt, math_sg_asset_slow]
02-22 03:24:35.621  8548  8629 I DuoLog  : [Platform - Data Tooling]: Event blocklist initialized: [tour page 2, tour page 3, tour page 4, opened main menu, opened language menu, math_sg_asset_load_attempt, math_sg_asset_slow]
02-22 03:24:35.623  8548  8605 I DuoLog  : [Platform - Application Stability and Performance]: endSection: file_read:/data/user/0/com.duolingo/files/rest/2017-06-30/users/948577102/energy_modifications.json
02-22 03:24:35.623  8548  8586 V DuoLog  : [Platform - Application Stability and Performance]: BreadCrumb: update energy config: UserId(id=948577102)
02-22 03:24:35.624  8548  8629 V DuoLog  : [Platform - Application Stability and Performance]: BreadCrumb: observe energy config: UserId(id=948577102)
02-22 03:24:35.630  8548  8618 I DuoLog  : [Platform - Application Stability and Performance]: beginSection: file_read:/data/user/0/com.duolingo/files/rest/2017-06-30/users/948577102/energy_modifications.json
02-22 03:24:35.631  8548  8618 I DuoLog  : [Platform - Application Stability and Performance]: endSection: file_read:/data/user/0/com.duolingo/files/rest/2017-06-30/users/948577102/energy_modifications.json
02-22 03:24:35.632  8548  8585 V DuoLog  : [Platform - Application Stability and Performance]: BreadCrumb: update energy config: UserId(id=948577102)
02-22 03:24:35.647  8548  8718 I FA      : App measurement initialized, version: 152008
02-22 03:24:35.648  8548  8718 I FA      : To enable debug logging run: adb shell setprop log.tag.FA VERBOSE
02-22 03:24:35.650  8727  8727 I FeatureParser: can't find angelican.xml in assets/device_features/,it may be in /vendor/etc/device_features
02-22 03:24:35.652  8548  8718 I FA      : To enable faster debug mode event logging run:
02-22 03:24:35.652  8548  8718 I FA      :   adb shell setprop debug.firebase.analytics.app com.duolingo
02-22 03:24:35.652  8727  8727 W android.vending: type=1400 audit(0.0:1156): avc: denied { read } for name="u:object_r:vendor_default_prop:s0" dev="tmpfs" ino=383 scontext=u:r:priv_app:s0:c512,c768 tcontext=u:object_r:vendor_default_prop:s0 tclass=file permissive=0
02-22 03:24:35.654  8727  8727 E libc    : Access denied finding property "ro.vendor.df.effect.conflict"
02-22 03:24:35.696  1223  1354 D WifiNetworkFactory: got request NetworkRequest [ TRACK_DEFAULT id=93, [ Capabilities: INTERNET&NOT_RESTRICTED&TRUSTED Uid: 10207] ] with score 60 and serial -1
02-22 03:24:35.697  1223  1407 D Ethernet: got request NetworkRequest [ TRACK_DEFAULT id=93, [ Capabilities: INTERNET&NOT_RESTRICTED&TRUSTED Uid: 10207] ] with score 60 and serial -1
02-22 03:24:35.697  1223  1354 D UntrustedWifiNetworkFactory: got request NetworkRequest [ TRACK_DEFAULT id=93, [ Capabilities: INTERNET&NOT_RESTRICTED&TRUSTED Uid: 10207] ] with score 60 and serial -1
02-22 03:24:35.697  1611  1611 D PhoneSwitcherNetworkRequstListener: got request NetworkRequest [ TRACK_DEFAULT id=93, [ Capabilities: INTERNET&NOT_RESTRICTED&TRUSTED Uid: 10207] ] with score 60 and serial -1
02-22 03:24:35.700  8548  8698 I WM-WorkerWrapper: Worker result SUCCESS for Work [ id=52c64238-83ee-46ff-b571-238c3e4a2ef7, tags={ com.duolingo.feature.appicon.UnhingedAppIconUpdateWorker } ]
02-22 03:24:35.704  8548  8548 D WM-Processor: e 52c64238-83ee-46ff-b571-238c3e4a2ef7 executed; reschedule = false
02-22 03:24:35.705  8548  8548 D WM-SystemJobService: 52c64238-83ee-46ff-b571-238c3e4a2ef7 executed on JobScheduler
02-22 03:24:35.706  8548  8696 I WM-WorkerWrapper: Worker result SUCCESS for Work [ id=1c480de6-f154-44a1-8d5e-51089e1dd4a5, tags={ com.duolingo.feature.appicon.UnextendedStreakAppIconUpdateWorker } ]
02-22 03:24:35.708  8548  8548 D WM-Processor: e 1c480de6-f154-44a1-8d5e-51089e1dd4a5 executed; reschedule = false
02-22 03:24:35.708  8548  8548 D WM-SystemJobService: 1c480de6-f154-44a1-8d5e-51089e1dd4a5 executed on JobScheduler
02-22 03:24:35.716  8548  8696 D WM-GreedyScheduler: Cancelling work ID 52c64238-83ee-46ff-b571-238c3e4a2ef7
02-22 03:24:35.716  8548  8689 I DuoLog  : [Platform - Application Stability and Performance]: endSection: file_read:/data/user/0/com.duolingo/files/rest/2017-06-30/users/948577102/widget_timeline.json
02-22 03:24:35.733   527  8771 E ResolverController: No valid NAT64 prefix (100, <unspecified>/0)
02-22 03:24:35.734  8548  8635 I System.out: [socket]:check permission begin!
02-22 03:24:35.736  8548  8696 D WM-GreedyScheduler: Cancelling work ID 1c480de6-f154-44a1-8d5e-51089e1dd4a5
02-22 03:24:35.756  8548  8635 V DuoLog  : [Platform - Application Stability and Performance]: Reachability check status for: https://android-api-cf.duolingo.com : true
02-22 03:24:35.785  8548  8671 I System.out: [OkHttp] sendRequest>>
02-22 03:24:35.785  8548  8673 I System.out: [OkHttp] sendRequest>>
02-22 03:24:35.800  8548  8673 I System.out: [OkHttp] sendRequest<<
02-22 03:24:35.800  8548  8671 I System.out: [OkHttp] sendRequest<<
02-22 03:24:35.802  8727  8727 I Finsky  : [2] Process created at version: 50.1.33-29 [0] [PR] 867780628
02-22 03:24:35.803  2406  2406 D BoundBrokerSvc: onBind: Intent { act=com.google.android.gms.measurement.START pkg=com.google.android.gms }
02-22 03:24:35.803  2406  2406 D BoundBrokerSvc: Loading bound service for intent: Intent { act=com.google.android.gms.measurement.START pkg=com.google.android.gms }
02-22 03:24:35.893  2406  6498 D AdvertisingIdClient: AdvertisingIdClient already created.
02-22 03:24:35.898  2406  6498 I AdvertisingIdClient: shouldSendLog 889706
02-22 03:24:35.898  2406  6498 I AdvertisingIdClient: GetInfoInternal elapse 5ms
02-22 03:24:35.927  1223  1259 I ActivityManager: Waited long enough for: ServiceRecord{149342c u0 com.miui.core/miui.autoinstall.config.service.AutoInstallService}
02-22 03:24:35.942  8727  8784 W Finsky  : [709] Failed to get the task info for cold start.
02-22 03:24:35.942  8727  8784 I Finsky  : [709] Process started for unknown session.
02-22 03:24:35.983  8727  8784 I Finsky  : [709] Finished reading experiment flags from file [mex24iEZMBanqKEeqM27nzpuz1mpvrCfavclaDYDfeY] numFlags=2099.
02-22 03:24:35.988  8727  8783 I Finsky  : [708] Finished reading experiment flags from file [Se-xCc4LzNyh3UrKMIU2sUf-PUKz4oQEbpKZDMuaFno] numFlags=2090.
02-22 03:24:35.993  8727  8781 I Finsky  : [706] Finished reading experiment flags from file [0tGUNCGIkbk4o6-fQ335kUYSKwVj4lusnHT-A5Dsy08] numFlags=2150.
02-22 03:24:36.013  8548  8671 I System.out: [okhttp]:check permission begin!
02-22 03:24:36.013  8548  8671 I System.out: [okhttp]:not MMS!
02-22 03:24:36.013  8548  8671 I System.out: [okhttp]:not Email!
02-22 03:24:36.013  8548  8671 I System.out: [OkHttp] sendRequest>>
02-22 03:24:36.013  8548  8671 I System.out: [OkHttp] sendRequest<<
02-22 03:24:36.092  8548  8754 I DuoLog  : [Platform - Application Stability and Performance]: endSection: api_call https://zombie.duolingo.com/2/android.json?user=948577102&ts=1771727075&tzoffset=1.0&requestingProcessContext=other
02-22 03:24:36.119  8548  8660 V DuoLog  : [Platform - Engineering Studio]: zombie.duolingo.com returned a failure as expected. This indicates normal site conditions.
02-22 03:24:36.125  8548  8798 I DuoLog  : [Platform - Application Stability and Performance]: beginSection: api_call https://android-api-cf.duolingo.com/2017-06-30/users/948577102?fields=streakData%7BlongestStreak%2CcurrentStreak%2CpreviousStreak%7D
02-22 03:24:36.130  8548  8798 I System.out: [socket]:check permission begin!
02-22 03:24:36.194  8727  8727 I Finsky  : [2] Profiling: Starting up (1)
02-22 03:24:36.258  8727  8781 I Finsky  : [706] ahue - Registering in memory receiver for android.intent.action.PACKAGE_ADDED and android.intent.action.PACKAGE_REMOVED
02-22 03:24:36.282  8727  8727 I Finsky  : [2] Memory trim requested to level 10
02-22 03:24:36.315  8727  8727 W Settings: Setting download_manager_max_bytes_over_mobile has moved from android.provider.Settings.Secure to android.provider.Settings.Global.
02-22 03:24:36.317  8727  8727 I Finsky  : [2] SettingNotFoundException, fall through to G.downloadBytesOverMobileMaximum
02-22 03:24:36.317  8727  8727 W Settings: Setting download_manager_recommended_max_bytes_over_mobile has moved from android.provider.Settings.Secure to android.provider.Settings.Global.
02-22 03:24:36.378  8727  8727 I Finsky  : [2] This process start was not selected for Play memory metrics collection.
02-22 03:24:36.447  8699  8699 I FeatureParser: can't find angelican.xml in assets/device_features/,it may be in /vendor/etc/device_features
02-22 03:24:36.452  8699  8699 W droid.apps.maps: type=1400 audit(0.0:1157): avc: denied { read } for name="u:object_r:vendor_default_prop:s0" dev="tmpfs" ino=383 scontext=u:r:untrusted_app:s0:c195,c256,c512,c768 tcontext=u:object_r:vendor_default_prop:s0 tclass=file permissive=0
02-22 03:24:36.454  8699  8699 E libc    : Access denied finding property "ro.vendor.df.effect.conflict"
02-22 03:24:36.492  2094  7662 W GetConfigSnapshotOp: Succeeded but not registered: com.google.android.gms.gmscompliance_client#com.android.vending [CONTEXT service_id=51 ]
02-22 03:24:36.513  8548  8581 E QTagParser: Error reading from /proc/net/xt_qtaguid/stats. Please check if this file exists.
02-22 03:24:36.562  8548  8798 I DuoLog  : [Platform - Application Stability and Performance]: endSection: api_call https://android-api-cf.duolingo.com/2017-06-30/users/948577102?fields=streakData%7BlongestStreak%2CcurrentStreak%2CpreviousStreak%7D
02-22 03:24:36.566  8548  8581 E QTagParser: Error reading from /proc/net/xt_qtaguid/stats. Please check if this file exists.
02-22 03:24:36.568  8548  8611 I DuoLog  : [Platform - Application Stability and Performance]: beginSection: file_write:/data/user/0/com.duolingo/files/res/v2/users/948577102/user_streak_states.json
02-22 03:24:36.569  8548  8644 I DuoLog  : [Platform - Data Tooling]: Event blocklist initialized: [tour page 2, tour page 3, tour page 4, opened main menu, opened language menu, math_sg_asset_load_attempt, math_sg_asset_slow]
02-22 03:24:36.586  8548  8611 I DuoLog  : [Platform - Application Stability and Performance]: endSection: file_write:/data/user/0/com.duolingo/files/res/v2/users/948577102/user_streak_states.json
02-22 03:24:36.588  8548  8613 I DuoLog  : [Platform - Application Stability and Performance]: beginSection: file_read:/data/user/0/com.duolingo/files/res/v2/users/948577102/user_streak_states.json
02-22 03:24:36.590  8548  8613 I DuoLog  : [Platform - Application Stability and Performance]: endSection: file_read:/data/user/0/com.duolingo/files/res/v2/users/948577102/user_streak_states.json
02-22 03:24:36.597  8548  8596 I DuoLog  : [Platform - Data Tooling]: Event blocklist initialized: [tour page 2, tour page 3, tour page 4, opened main menu, opened language menu, math_sg_asset_load_attempt, math_sg_asset_slow]
02-22 03:24:36.599  8548  8596 V DuoLog  : [Platform - Application Stability and Performance]: BreadCrumb: observe energy config: UserId(id=948577102)
02-22 03:24:36.602  8548  8757 I DuoLog  : [Platform - Data Tooling]: Event blocklist initialized: [tour page 2, tour page 3, tour page 4, opened main menu, opened language menu, math_sg_asset_load_attempt, math_sg_asset_slow]
02-22 03:24:36.605  8548  8596 V DuoLog  : [Platform - Application Stability and Performance]: BreadCrumb: observe energy config: UserId(id=948577102)
02-22 03:24:36.609  8548  8765 I DuoLog  : [Platform - Application Stability and Performance]: beginSection: file_read:/data/user/0/com.duolingo/files/rest/2017-06-30/users/948577102/widget_timeline_request.json
02-22 03:24:36.610  8548  8619 I DuoLog  : [Platform - Application Stability and Performance]: beginSection: file_read:/data/user/0/com.duolingo/files/rest/2017-06-30/users/948577102/energy_modifications.json
02-22 03:24:36.614  8548  8619 I DuoLog  : [Platform - Application Stability and Performance]: endSection: file_read:/data/user/0/com.duolingo/files/rest/2017-06-30/users/948577102/energy_modifications.json
02-22 03:24:36.615  8548  8601 V DuoLog  : [Platform - Application Stability and Performance]: BreadCrumb: update energy config: UserId(id=948577102)
02-22 03:24:36.670  8548  8765 I DuoLog  : [Platform - Application Stability and Performance]: endSection: file_read:/data/user/0/com.duolingo/files/rest/2017-06-30/users/948577102/widget_timeline_request.json
02-22 03:24:36.726  8548  8581 E QTagParser: Error reading from /proc/net/xt_qtaguid/stats. Please check if this file exists.
02-22 03:24:36.732  8548  8814 I DuoLog  : [Platform - Application Stability and Performance]: beginSection: api_call https://android-api-cf.duolingo.com/2017-06-30/users/948577102?fields=experiments%7Bads_android_breaking_the_fourth_wall_mads%2Cads_android_fullscreen_native_ads_v3%2Cads_android_predictive_refresh%2Cads_android_ttl_validation%2Candroid_asap_cefr_json%2Candroid_asap_course_path_info_json_v2%2Candroid_asap_feed_assets_json%2Candroid_asap_goals_progress_json%2Candroid_asap_grammar_json%2Candroid_asap_load_path_rive_main%2Candroid_asap_mistakes_practice_json%2Candroid_asap_offline_manifest_descriptor_to_db_v2%2Candroid_asap_preload_path_rive%2Candroid_asap_refresh_custom_ads_background%2Candroid_asap_refresh_old_prefetched_sessions_v2%2Candroid_asap_retry_session_request_v3%2Candroid_asap_score_info_json%2Candroid_asap_session_json_v2%2Candroid_asap_skill_tip_json%2Candroid_asap_smart_tip_json%2Candroid_asap_stories_list_json%2Candroid_asap_subscribe_path_actions_computation%2Candroid_asap_subscribe_path_items_computation%2Candroid_asap_subscribe_promo_fab_computation%2Candroid_asap_subscribe_start_oval_computation%2Candroid_asap_user_suggestions_json%2Candroid_asap_validate_session_for_manifest%2Candroid_avatars_v2_v2%2Candroid_clarc_alphabets_json_v2%2Candroid_clarc_guidebook_resource_json%2Candroid_clarc_leaderboard_json_v2%2Candroid_consistent_session_end_cta_position_v2%2Candroid_estudio_compose_transcript_speech_bubble%2Candroid_sfc_fix_line_wrap%2Caxl_progress_bar_rive_v5%2Ccap_android_better_se_xp_boost_animation%2Ccap_android_fix_perfect_streak_latency%2Ccap_android_keep_splash_for_rive_draw%2Ccap_android_picasso_in_sessions%2Ccap_android_simplify_path_scroll%2Ccap_apply_chess_initial_tts_fix%2Ccap_loosen_character_hidden_criteria%2Cchess_android_show_previous_mistake_v2%2Cchina_add_age_to_registration%2Cchina_d12_free_trial_reminder%2Cchina_enable_phone_number_settings%2Ccjk_android_gap_fill_transliterations%2Ccjk_android_tap_complete_transliterations%2Ccjk_improve_pinyin_tts%2Ccross_a
