02-22 03:08:29.322  1223  1223 I SystemServer: StartBiometricService
02-22 03:08:29.322  1223  1223 I SystemServiceManager: Starting com.android.server.biometrics.BiometricService
02-22 03:08:29.326  1223  1223 I SystemServer: StartBackgroundDexOptService
02-22 03:08:29.327  1223  1223 I SystemServer: StartDynamicCodeLoggingService
02-22 03:08:29.327  1223  1223 I SystemServer: StartPruneInstantAppsJobService
02-22 03:08:29.328  1223  1223 I SystemServer: StartShortcutServiceLifecycle
02-22 03:08:29.328  1223  1223 I SystemServiceManager: Starting com.android.server.pm.ShortcutService$Lifecycle
02-22 03:08:29.330  1223  1223 I SystemServer: StartLauncherAppsService
02-22 03:08:29.331  1223  1223 I SystemServiceManager: Starting com.android.server.pm.LauncherAppsService
02-22 03:08:29.333  1223  1223 I SystemServer: StartCrossProfileAppsService
02-22 03:08:29.333  1223  1223 I SystemServiceManager: Starting com.android.server.pm.CrossProfileAppsService
02-22 03:08:29.334  1223  1223 I SystemServer: StartMediaProjectionManager
02-22 03:08:29.335  1223  1223 I SystemServiceManager: Starting com.android.server.media.projection.MediaProjectionManagerService
02-22 03:08:29.339  1223  1223 I SystemServer: StartSliceManagerService
02-22 03:08:29.339  1223  1223 I SystemServiceManager: Starting com.android.server.slice.SliceManagerService$Lifecycle
02-22 03:08:29.342  1223  1223 I SystemServer: StartCameraServiceProxy
02-22 03:08:29.342  1223  1223 I SystemServiceManager: Starting com.android.server.camera.CameraServiceProxy
02-22 03:08:29.345  1223  1223 I SystemServer: StartStatsCompanionService
02-22 03:08:29.345  1223  1223 I SystemServiceManager: Starting com.android.server.stats.StatsCompanionService$Lifecycle
02-22 03:08:29.350  1223  1223 I StatsCompanionService: register thermal listener successfully
02-22 03:08:29.356  1223  1223 I SystemServer: StartIncidentCompanionService
02-22 03:08:29.356  1223  1223 I SystemServiceManager: Starting com.android.server.incident.IncidentCompanionService
02-22 03:08:29.358  1223  1223 I SystemServer: StartMmsService
02-22 03:08:29.358  1223  1223 I SystemServiceManager: Starting com.android.server.MmsServiceBroker
02-22 03:08:29.360  1223  1223 I SystemServer: StartAutoFillService
02-22 03:08:29.361  1223  1223 I SystemServiceManager: Starting com.android.server.autofill.AutofillManagerService
02-22 03:08:29.363  1223  1223 E AutofillManagerServiceImpl: Bad service name: com.google.android.gms/.autofill.service.AutofillService
02-22 03:08:29.365  1223  1223 I SystemServer: StartClipboardService
02-22 03:08:29.365  1223  1223 I SystemServiceManager: Starting com.android.server.clipboard.ClipboardService
02-22 03:08:29.367  1223  1223 I SystemServer: AppServiceManager
02-22 03:08:29.367  1223  1223 I SystemServiceManager: Starting com.android.server.appbinding.AppBindingService$Lifecycle
02-22 03:08:29.369  1223  1223 I MtkSystemServerImpl: startOtherMtkService 
02-22 03:08:29.370  1223  1223 I MtkSystemServerImpl: StartSearchEngineManagerService
02-22 03:08:29.373  1223  1223 E MtkSystemServerImpl: com.mediatek.fmradio.FmRadioPackageManager not found 
02-22 03:08:29.373  1223  1223 I MtkSystemServerImpl: StartPowerHalMgrService
02-22 03:08:29.374  1223  1223 I SystemServiceManager: Starting com.mediatek.powerhalservice.PowerHalMgrService
02-22 03:08:29.378  1223  1223 I SystemServer: MakeVibratorServiceReady
02-22 03:08:29.384  1223  1223 W SystemServer: ***********************************************
02-22 03:08:29.385  1223  1223 E SystemServer: BOOT FAILURE making BsGamePad Service ready
02-22 03:08:29.385  1223  1223 E SystemServer: java.lang.NullPointerException: Attempt to invoke virtual method 'void com.android.server.gamepad.BsGamePadService.systemReady()' on a null object reference
02-22 03:08:29.385  1223  1223 E SystemServer: 	at com.android.server.SystemServer.startOtherServices(SystemServer.java:2086)
02-22 03:08:29.385  1223  1223 E SystemServer: 	at com.android.server.SystemServer.run(SystemServer.java:548)
02-22 03:08:29.385  1223  1223 E SystemServer: 	at com.android.server.SystemServer.main(SystemServer.java:377)
02-22 03:08:29.385  1223  1223 E SystemServer: 	at java.lang.reflect.Method.invoke(Native Method)
02-22 03:08:29.385  1223  1223 E SystemServer: 	at com.android.internal.os.RuntimeInit$MethodAndArgsCaller.run(RuntimeInit.java:539)
02-22 03:08:29.385  1223  1223 E SystemServer: 	at com.android.internal.os.ZygoteInit.main(ZygoteInit.java:972)
02-22 03:08:29.385  1223  1223 I SystemServer: MakeLockSettingsServiceReady
02-22 03:08:29.387  1223  1259 I DropBoxManagerService: add tag=system_server_wtf isTagEnabled=true flags=0x2
02-22 03:08:29.411  1223  1223 I SyntheticPasswordManager: Device does not support weaver
02-22 03:08:29.412  1223  1223 I LockSettingsService: Device doesn't implement AuthSecret HAL
02-22 03:08:29.414  1223  1223 E LockSettingsStorage: Cannot read file java.io.FileNotFoundException: /data/system/gatekeeper.password.key: open failed: ENOENT (No such file or directory)
02-22 03:08:29.415  1223  1223 E LockSettingsStorage: Cannot read file java.io.FileNotFoundException: /data/system/password.key: open failed: ENOENT (No such file or directory)
02-22 03:08:29.415  1223  1223 E LockSettingsStorage: Cannot read file java.io.FileNotFoundException: /data/system/gatekeeper.pattern.key: open failed: ENOENT (No such file or directory)
02-22 03:08:29.416  1223  1223 E LockSettingsStorage: Cannot read file java.io.FileNotFoundException: /data/system/gatekeeper.gesture.key: open failed: ENOENT (No such file or directory)
02-22 03:08:29.416  1223  1223 E LockSettingsStorage: Cannot read file java.io.FileNotFoundException: /data/system/gesture.key: open failed: ENOENT (No such file or directory)
02-22 03:08:29.416  1223  1223 I SystemServer: StartBootPhaseLockSettingsReady
02-22 03:08:29.416  1223  1223 I SystemServiceManager: Starting phase 480
02-22 03:08:29.421  1223  1223 I DevicePolicyManager: Set ro.device_owner property to false
02-22 03:08:29.425  1223  1223 I SystemServiceManager: Starting phase 480 done
02-22 03:08:29.425  1223  1223 I SystemServer: StartBootPhaseSystemServicesReady
02-22 03:08:29.425  1223  1223 I SystemServiceManager: Starting phase 500
02-22 03:08:29.645  1223  1223 W SystemServiceManager: Service com.android.server.connectivity.IpConnectivityMetrics took 201 ms in onBootPhase
02-22 03:08:29.669  1223  1223 I WifiService: WifiService starting up with Wi-Fi enabled
02-22 03:08:29.737  1403  1403 I android.hardware.wifi@1.0-service-lazy-mediatek: Wifi Hal is booting up...
02-22 03:08:29.737  1403  1403 I android.hardware.wifi@1.0-service-lazy-mediatek: Registering HAL: android.hardware.wifi@1.3::IWifi with name: default
02-22 03:08:29.740  1403  1403 I ServiceManagement: Registered android.hardware.wifi@1.3::IWifi/default (start delay of 60ms)
02-22 03:08:29.745   688   688 E wificond: No interface is found
02-22 03:08:29.763  1223  1223 W SystemServiceManager: Service com.android.server.wifi.WifiService took 95 ms in onBootPhase
02-22 03:08:29.790  1223  1223 W SoundTriggerHelper: listModules status=0, # of modules=0
02-22 03:08:29.794  1223  1223 I SystemServiceManager: Starting phase 500 done
02-22 03:08:29.794  1223  1223 I SystemServer: MakeWindowManagerServiceReady
02-22 03:08:29.825  1223  1223 I SystemServer: MakePowerManagerServiceReady
02-22 03:08:29.833  1223  1223 I AutomaticBrightnessControllerInjector: AUTO_BRIGHTNESS_MIN_NIT_SPLINE: MonotoneCubicSpline{[(10.0, 1.0: 0.2), (15.0, 2.0: 0.2), (20.0, 3.0: 0.2), (25.0, 4.0: 0.2)]}
02-22 03:08:29.834  1223  1223 E DisplayPowerController: failed to set up display white-balance: java.lang.IllegalStateException: cannot find sensor com.google.sensor.color
02-22 03:08:29.847  1223  1223 I SystemServer: StartPermissionPolicyService
02-22 03:08:29.848  1223  1223 I SystemServiceManager: Starting com.android.server.policy.PermissionPolicyService
02-22 03:08:29.853  1223  1223 I SystemServer: MakePackageManagerServiceReady
02-22 03:08:29.854  1223  1223 E GreenKidManagerService: Disable greenGuard agent : [ com.miui.greenguard] failed , package not install
02-22 03:08:29.854  1223  1223 E GreenKidManagerService: android.content.pm.PackageManager$NameNotFoundException: com.miui.greenguard
02-22 03:08:29.854  1223  1223 E GreenKidManagerService: 	at android.app.ApplicationPackageManager.getApplicationInfoAsUser(ApplicationPackageManager.java:427)
02-22 03:08:29.854  1223  1223 E GreenKidManagerService: 	at android.app.ApplicationPackageManager.getApplicationInfo(ApplicationPackageManager.java:408)
02-22 03:08:29.854  1223  1223 E GreenKidManagerService: 	at com.miui.server.GreenGuardManagerService.disableAgentProcess(GreenGuardManagerService.java:36)
02-22 03:08:29.854  1223  1223 E GreenKidManagerService: 	at com.miui.server.GreenGuardManagerService.init(GreenGuardManagerService.java:29)
02-22 03:08:29.854  1223  1223 E GreenKidManagerService: 	at com.android.server.pm.PackageManagerServiceInjector.beforeSystemReady(PackageManagerServiceInjector.java:1307)
02-22 03:08:29.854  1223  1223 E GreenKidManagerService: 	at com.android.server.pm.PackageManagerService.systemReady(PackageManagerService.java:22371)
02-22 03:08:29.854  1223  1223 E GreenKidManagerService: 	at com.android.server.SystemServer.startOtherServices(SystemServer.java:2154)
02-22 03:08:29.854  1223  1223 E GreenKidManagerService: 	at com.android.server.SystemServer.run(SystemServer.java:548)
02-22 03:08:29.854  1223  1223 E GreenKidManagerService: 	at com.android.server.SystemServer.main(SystemServer.java:377)
02-22 03:08:29.854  1223  1223 E GreenKidManagerService: 	at java.lang.reflect.Method.invoke(Native Method)
02-22 03:08:29.854  1223  1223 E GreenKidManagerService: 	at com.android.internal.os.RuntimeInit$MethodAndArgsCaller.run(RuntimeInit.java:539)
02-22 03:08:29.854  1223  1223 E GreenKidManagerService: 	at com.android.internal.os.ZygoteInit.main(ZygoteInit.java:972)
02-22 03:08:29.855  1223  1268 I WindowManager: Screen turning on...
02-22 03:08:29.855  1223  1268 W KeyguardServiceDelegate: onScreenTurningOn(): no keyguard service!
02-22 03:08:29.857  1223  1268 W BackLightController: brightness dynamic range not support.
02-22 03:08:29.895  1223  1223 I PackageManager: Un-granting permission android.permission.MANAGE_DOCUMENTS from package com.google.android.youtube (protectionLevel=262146 flags=0x20dbbec5)
02-22 03:08:29.898  1223  1223 I PackageManager: Un-granting permission android.permission.CAPTURE_AUDIO_OUTPUT from package com.google.android.googlequicksearchbox (protectionLevel=18 flags=0x20d83ec5)
02-22 03:08:29.898  1223  1223 I PackageManager: Un-granting permission android.permission.SUBSTITUTE_SHARE_TARGET_APP_NAME_AND_ICON from package com.google.android.googlequicksearchbox (protectionLevel=18 flags=0x20d83ec5)
02-22 03:08:29.898  1223  1223 I PackageManager: Un-granting permission android.permission.CAPTURE_MEDIA_OUTPUT from package com.google.android.googlequicksearchbox (protectionLevel=18 flags=0x20d83ec5)
02-22 03:08:29.898  1223  1223 I PackageManager: Un-granting permission android.permission.MODIFY_AUDIO_ROUTING from package com.google.android.googlequicksearchbox (protectionLevel=18 flags=0x20d83ec5)
02-22 03:08:29.898  1223  1223 I PackageManager: Un-granting permission android.permission.SYSTEM_ALERT_WINDOW from package cn.wps.xiaomi.abroad.lite (protectionLevel=1250 flags=0x3858be44)
02-22 03:08:29.898  1223  1223 I PackageManager: Un-granting permission android.permission.REQUEST_INSTALL_PACKAGES from package cn.wps.xiaomi.abroad.lite (protectionLevel=66 flags=0x3858be44)
02-22 03:08:29.899  1223  1223 I PackageManager: Un-granting permission com.google.android.googleapps.permission.GOOGLE_AUTH from package com.android.providers.calendar (protectionLevel=2 flags=0x20883e45)
02-22 03:08:29.899  1223  1223 I PackageManager: Un-granting permission com.google.android.googleapps.permission.GOOGLE_AUTH.cl from package com.android.providers.calendar (protectionLevel=2 flags=0x20883e45)
02-22 03:08:29.905  1223  1223 I PackageManager: Un-granting permission android.permission.HIDE_NON_SYSTEM_OVERLAY_WINDOWS from package com.android.companiondevicemanager (protectionLevel=258 flags=0x30c83e45)
02-22 03:08:29.907  1223  1223 I PackageManager: Un-granting permission android.permission.READ_PRIVILEGED_PHONE_STATE from package com.google.android.apps.messaging (protectionLevel=18 flags=0x28cabec5)
02-22 03:08:29.907  1223  1223 I PackageManager: Un-granting permission android.permission.MODIFY_PHONE_STATE from package com.google.android.apps.messaging (protectionLevel=18 flags=0x28cabec5)
02-22 03:08:29.907  1223  1223 I PackageManager: Un-granting permission android.permission.READ_PRECISE_PHONE_STATE from package com.google.android.apps.messaging (protectionLevel=18 flags=0x28cabec5)
02-22 03:08:29.907  1223  1223 I PackageManager: Un-granting permission android.permission.CONNECTIVITY_USE_RESTRICTED_NETWORKS from package com.google.android.apps.messaging (protectionLevel=18 flags=0x28cabec5)
02-22 03:08:29.907  1223  1223 I PackageManager: Un-granting permission com.google.android.setupwizard.READ_DEVICE_ORIGIN from package com.google.android.apps.messaging (protectionLevel=18 flags=0x28cabec5)
02-22 03:08:29.908  1223  1223 I PackageManager: Un-granting permission android.permission.MANAGE_USERS from package com.miui.securitycenter (protectionLevel=18 flags=0x20c9bec5)
02-22 03:08:29.908  1223  1223 I PackageManager: Un-granting permission android.permission.INTERACT_ACROSS_USERS from package com.miui.securitycenter (protectionLevel=50 flags=0x20c9bec5)
02-22 03:08:29.908  1223  1223 I PackageManager: Un-granting permission android.permission.READ_PRIVILEGED_PHONE_STATE from package com.miui.securitycenter (protectionLevel=18 flags=0x20c9bec5)
02-22 03:08:29.911  1223  1223 I PackageManager: Un-granting permission android.permission.START_ACTIVITIES_FROM_BACKGROUND from package com.android.soundrecorder (protectionLevel=49682 flags=0x30c83e85)
02-22 03:08:29.912  1223  1223 I PackageManager: Un-granting permission android.permission.HIDE_NON_SYSTEM_OVERLAY_WINDOWS from package com.android.vending (protectionLevel=258 flags=0x28cabec5)
02-22 03:08:29.912  1223  1223 I PackageManager: Un-granting permission android.permission.SEND_DOWNLOAD_COMPLETED_INTENTS from package com.android.vending (protectionLevel=2 flags=0x28cabec5)
02-22 03:08:29.921  1223  1223 I PackageManager: Un-granting permission android.permission.REQUEST_INSTALL_PACKAGES from package com.google.android.gm (protectionLevel=66 flags=0x28dbbec5)
02-22 03:08:29.925  1223  1223 I PackageManager: Un-granting permission android.permission.WRITE_SECURE_SETTINGS from package com.android.printspooler (protectionLevel=50 flags=0x38c8be45)
02-22 03:08:29.927  1223  1223 I PackageManager: Un-granting permission android.permission.REBOOT from package com.google.android.apps.wellbeing (protectionLevel=18 flags=0x20cbbec5)
02-22 03:08:29.927  1223  1223 I PackageManager: Un-granting permission android.permission.REAL_GET_TASKS from package com.google.android.apps.wellbeing (protectionLevel=18 flags=0x20cbbec5)
02-22 03:08:29.927  1223  1223 I PackageManager: Un-granting permission android.permission.START_TASKS_FROM_RECENTS from package com.google.android.apps.wellbeing (protectionLevel=18 flags=0x20cbbec5)
02-22 03:08:29.927  1223  1223 I PackageManager: Un-granting permission android.permission.MODIFY_DAY_NIGHT_MODE from package com.google.android.apps.wellbeing (protectionLevel=18 flags=0x20cbbec5)
02-22 03:08:29.930  1223  1223 I PackageManager: Un-granting permission android.permission.INTERACT_ACROSS_USERS from package com.google.android.syncadapters.contacts (protectionLevel=50 flags=0x20883e45)
02-22 03:08:29.931  1223  1223 I PackageManager: Un-granting permission android.permission.REQUEST_INSTALL_PACKAGES from package com.android.chrome (protectionLevel=66 flags=0xa0cbbec5)
02-22 03:08:29.933  1223  1223 I PackageManager: Un-granting permission android.permission.WRITE_EMBEDDED_SUBSCRIPTIONS from package com.google.android.gms (protectionLevel=50 flags=0xa0cabec5)
02-22 03:08:29.933  1223  1223 I PackageManager: Un-granting permission android.permission.CAPTURE_VIDEO_OUTPUT from package com.google.android.gms (protectionLevel=2 flags=0xa0cabec5)
02-22 03:08:29.933  1223  1223 I PackageManager: Un-granting permission android.permission.FORCE_STOP_PACKAGES from package com.google.android.gms (protectionLevel=18 flags=0xa0cabec5)
02-22 03:08:29.933  1223  1223 I PackageManager: Un-granting permission android.permission.OBSERVE_ROLE_HOLDERS from package com.google.android.gms (protectionLevel=258 flags=0xa0cabec5)
02-22 03:08:29.933  1223  1223 I PackageManager: Un-granting permission android.permission.MODIFY_DEFAULT_AUDIO_EFFECTS from package com.google.android.gms (protectionLevel=18 flags=0xa0cabec5)
02-22 03:08:29.934  1223  1223 I PackageManager: Un-granting permission android.permission.MANAGE_DEVICE_ADMINS from package com.google.android.gms (protectionLevel=2 flags=0xa0cabec5)
02-22 03:08:29.934  1223  1223 I PackageManager: Un-granting permission android.permission.MANAGE_ACTIVITY_STACKS from package com.google.android.gms (protectionLevel=2 flags=0xa0cabec5)
02-22 03:08:29.934  1223  1223 I PackageManager: Un-granting permission android.permission.CAPTURE_SECURE_VIDEO_OUTPUT from package com.google.android.gms (protectionLevel=2 flags=0xa0cabec5)
02-22 03:08:29.934  1223  1223 I PackageManager: Un-granting permission android.permission.MANAGE_ROLLBACKS from package com.google.android.gms (protectionLevel=514 flags=0xa0cabec5)
02-22 03:08:29.934  1223  1223 I PackageManager: Un-granting permission android.permission.MEDIA_CONTENT_CONTROL from package com.google.android.gms (protectionLevel=18 flags=0xa0cabec5)
02-22 03:08:29.934  1223  1223 I PackageManager: Un-granting permission android.permission.HIDE_NON_SYSTEM_OVERLAY_WINDOWS from package com.google.android.gms (protectionLevel=258 flags=0xa0cabec5)
02-22 03:08:29.936  1223  1223 I PackageManager: Un-granting permission android.permission.UPDATE_APP_OPS_STATS from package com.google.android.tts (protectionLevel=274 flags=0x34cbbec5)
02-22 03:08:29.936  1223  1223 I PackageManager: Un-granting permission android.permission.START_ACTIVITIES_FROM_BACKGROUND from package com.google.android.tts (protectionLevel=49682 flags=0x34cbbec5)
02-22 03:08:29.942  1223  1223 I PackageManager: Un-granting permission android.permission.INTERACT_ACROSS_PROFILES from package com.google.android.calendar (protectionLevel=18 flags=0x20cbbec5)
02-22 03:08:29.948  1223  1223 I PackageManager: Un-granting permission com.miui.bugreport.permission.DUMP_CACHED_LOG from package com.miui.weather2 (protectionLevel=2 flags=0x30c9bec5)
02-22 03:08:29.949  1223  1223 I PackageManager: Un-granting permission com.google.android.finsky.permission.GEARHEAD_SERVICE from package com.google.android.projection.gearhead (protectionLevel=18 flags=0x288bbec5)
02-22 03:08:29.949  1223  1223 I PackageManager: Un-granting permission android.permission.CHANGE_COMPONENT_ENABLED_STATE from package com.google.android.projection.gearhead (protectionLevel=18 flags=0x288bbec5)
02-22 03:08:29.949  1223  1223 I PackageManager: Un-granting permission android.permission.UPDATE_APP_OPS_STATS from package com.google.android.projection.gearhead (protectionLevel=274 flags=0x288bbec5)
02-22 03:08:29.949  1223  1223 I PackageManager: Un-granting permission android.permission.BIND_APPWIDGET from package com.google.android.projection.gearhead (protectionLevel=18 flags=0x288bbec5)
02-22 03:08:29.949  1223  1223 I PackageManager: Un-granting permission android.permission.CAPTURE_SECURE_VIDEO_OUTPUT from package com.google.android.projection.gearhead (protectionLevel=2 flags=0x288bbec5)
02-22 03:08:29.949  1223  1223 I PackageManager: Un-granting permission android.permission.INTERACT_ACROSS_PROFILES from package com.google.android.projection.gearhead (protectionLevel=18 flags=0x288bbec5)
02-22 03:08:29.957  1223  1223 I PackageManager: Un-granting permission com.xiaomi.permission.CLOUD_MANAGER from package com.mipay.wallet.in (protectionLevel=18 flags=0x38483e45)
02-22 03:08:29.957  1223  1223 I PackageManager: Un-granting permission android.permission.REQUEST_INSTALL_PACKAGES from package com.mipay.wallet.in (protectionLevel=66 flags=0x38483e45)
02-22 03:08:29.959  1223  1223 I PackageManager: Un-granting permission android.permission.READ_PRIVILEGED_PHONE_STATE from package com.miui.core (protectionLevel=18 flags=0x28883e05)
02-22 03:08:29.961  1223  1223 I PackageManager: Un-granting permission android.permission.INTERACT_ACROSS_PROFILES from package com.google.android.inputmethod.latin (protectionLevel=18 flags=0x20cabec5)
02-22 03:08:29.963  1223  1272 E DefaultPermGrantPolicy: PackageNot found: com.google.android.apps.assistant
02-22 03:08:29.963  1223  1272 E DefaultPermGrantPolicy: android.content.pm.PackageManager$NameNotFoundException: com.google.android.apps.assistant
02-22 03:08:29.963  1223  1272 E DefaultPermGrantPolicy: 	at android.app.ApplicationPackageManager.getPackageInfoAsUser(ApplicationPackageManager.java:194)
02-22 03:08:29.963  1223  1272 E DefaultPermGrantPolicy: 	at android.app.ApplicationPackageManager.getPackageInfo(ApplicationPackageManager.java:161)
02-22 03:08:29.963  1223  1272 E DefaultPermGrantPolicy: 	at com.android.server.pm.permission.DefaultPermissionGrantPolicy.getPackageInfo(DefaultPermissionGrantPolicy.java:1321)
02-22 03:08:29.963  1223  1272 E DefaultPermGrantPolicy: 	at com.android.server.pm.permission.DefaultPermissionGrantPolicy.getSystemPackageInfo(DefaultPermissionGrantPolicy.java:1308)
02-22 03:08:29.963  1223  1272 E DefaultPermGrantPolicy: 	at com.android.server.pm.permission.DefaultPermissionGrantPolicy.parseExceptions(DefaultPermissionGrantPolicy.java:1492)
02-22 03:08:29.963  1223  1272 E DefaultPermGrantPolicy: 	at com.android.server.pm.permission.DefaultPermissionGrantPolicy.parse(DefaultPermissionGrantPolicy.java:1469)
02-22 03:08:29.963  1223  1272 E DefaultPermGrantPolicy: 	at com.android.server.pm.permission.DefaultPermissionGrantPolicy.readDefaultPermissionExceptionsLocked(DefaultPermissionGrantPolicy.java:1450)
02-22 03:08:29.963  1223  1272 E DefaultPermGrantPolicy: 	at com.android.server.pm.permission.DefaultPermissionGrantPolicy.access$200(DefaultPermissionGrantPolicy.java:104)
02-22 03:08:29.963  1223  1272 E DefaultPermGrantPolicy: 	at com.android.server.pm.permission.DefaultPermissionGrantPolicy$1.handleMessage(DefaultPermissionGrantPolicy.java:233)
02-22 03:08:29.963  1223  1272 E DefaultPermGrantPolicy: 	at android.os.Handler.dispatchMessage(Handler.java:107)
02-22 03:08:29.963  1223  1272 E DefaultPermGrantPolicy: 	at android.os.Looper.loop(Looper.java:225)
02-22 03:08:29.963  1223  1272 E DefaultPermGrantPolicy: 	at android.os.HandlerThread.run(HandlerThread.java:67)
02-22 03:08:29.963  1223  1272 E DefaultPermGrantPolicy: 	at com.android.server.ServiceThread.run(ServiceThread.java:45)
02-22 03:08:29.966  1223  1223 I InstallationStatistic: beginInstallSession: 163598069
02-22 03:08:29.967  1223  1223 I InstallationStatistic: beginInstallSession: 1397676287
02-22 03:08:29.971  1223  1223 W UserDataPreparer: Invalid user directory /data/system_de/mdfilter
02-22 03:08:29.983  1223  1223 I SystemServer: MakeDisplayManagerServiceReady
02-22 03:08:29.985  1223  1223 I SystemServer: StartDeviceSpecificServices
02-22 03:08:29.985  1223  1223 I SystemServer: StartBootPhaseDeviceSpecificServicesReady
02-22 03:08:29.985  1223  1223 I SystemServiceManager: Starting phase 520
02-22 03:08:29.985  1223  1223 I SystemServiceManager: Starting phase 520 done
02-22 03:08:29.989  1223  1223 I SplashScreenServiceDelegate: Register BOOT_COMPLETED receiver
02-22 03:08:29.989  1223  1223 I SplashScreenServiceDelegate: Register debugger receiver
02-22 03:08:29.990  1223  1223 W UsageStatsService: Event reported without a package name, eventType:15
02-22 03:08:29.995  1223  1223 I AppOps  : Pruning old package system/com.android.server.appop.AppOpsService$UidState@77777ca: new uid=-1
02-22 03:08:29.997  1223  1223 I ActivityManager: System now ready
02-22 03:08:30.002  1223  1252 I MtkWifiDisplayController: mResolution:0, resolutionIndex: 5
02-22 03:08:30.024  1223  1223 I ActivityTaskManager: Config changes=100 {1.0 ?mcc?mnc [es_ES] ldltr sw360dp w360dp h724dp 320dpi nrml long port finger -keyb/v/h -nav/h winConfig={ mBounds=Rect(0, 0 - 720, 1600) mAppBounds=Rect(0, 55 - 720, 1504) mWindowingMode=fullscreen mDisplayWindowingMode=fullscreen mActivityType=undefined mAlwaysOnTop=undefined mRotation=ROTATION_0} s.6 themeChanged=0 themeChangedFlags=0 extraData = Bundle[{}]}
02-22 03:08:30.025  1223  1223 I ActivityTaskManager: Override config changes=100 {1.0 ?mcc?mnc [es_ES] ldltr sw360dp w360dp h724dp 320dpi nrml long port finger -keyb/v/h -nav/h winConfig={ mBounds=Rect(0, 0 - 720, 1600) mAppBounds=Rect(0, 55 - 720, 1504) mWindowingMode=fullscreen mDisplayWindowingMode=fullscreen mActivityType=undefined mAlwaysOnTop=undefined mRotation=ROTATION_0} s.6 themeChanged=0 themeChangedFlags=0 extraData = Bundle[{}]} for displayId=0
02-22 03:08:30.041  1223  1223 I SystemServer: Making services ready
02-22 03:08:30.041  1223  1223 I SystemServer: StartActivityManagerReadyPhase
02-22 03:08:30.041  1223  1223 I SystemServiceManager: Starting phase 550
02-22 03:08:30.043  1223  1223 E ThermalHalWrapper: Thermal HAL 2.0 service not connected, trying 1.1.
02-22 03:08:30.045  1223  1223 E ThermalHalWrapper: Thermal HAL 1.1 service not connected, no thermal call back will be called.
02-22 03:08:30.047  1223  1223 I ThermalHalWrapper: Thermal HAL 1.0 service connected, no thermal call back will be called due to legacy API.
02-22 03:08:30.339  1223  1259 W BroadcastQueue: Background execution not allowed: receiving Intent { act=android.net.wifi.WIFI_STATE_CHANGED flg=0x4000010 (has extras) } to com.android.settings/.MiuiSettingsReceiver
02-22 03:08:30.387  1223  1223 W SyncManager: Failure adding authority: auth=personal_assistant enabled=false syncable=1
02-22 03:08:30.401  1403  1403 I android.hardware.wifi@1.0-service-lazy-mediatek: Wifi HAL started
02-22 03:08:30.406  1223  1223 W SystemServiceManager: Service com.android.server.content.ContentService$Lifecycle took 354 ms in onBootPhase
02-22 03:08:30.521  1223  1223 W SystemServiceManager: Service com.android.server.inputmethod.InputMethodManagerService$Lifecycle took 113 ms in onBootPhase
02-22 03:08:30.522  1223  1343 I MountServiceIdlerInjector: sNextTrimDuration :  7200000
02-22 03:08:30.524  1223  1343 I ExtM    : Extm Version 1.0
02-22 03:08:30.525  1223  1343 W ExtM    : Failed to read kernel info
02-22 03:08:30.538  1223  1223 I AppBindingService: Updating constants with: null
02-22 03:08:30.538  1223  1269 I UsbPortManager: ClientCallback V1_1: dual-role-usb20
02-22 03:08:30.539  1223  1249 I UsbPortManager: USB port added: port=UsbPort{id=dual-role-usb20, supportedModes=dualsupportedContaminantProtectionModes=0supportsEnableContaminantPresenceProtection=falsesupportsEnableContaminantPresenceDetection=false, status=UsbPortStatus{connected=true, currentMode=ufp, currentPowerRole=sink, currentDataRole=device, supportedRoleCombinations=[sink:device], contaminantDetectionStatus=0, contaminantProtectionStatus=0}, canChangeMode=false, canChangePowerRole=false, canChangeDataRole=false, connectedAtMillis=21879, lastConnectDurationMillis=0
02-22 03:08:30.613  1223  1260 I ActivityManager: Start proc 1424:com.android.systemui/1000 for service {com.android.systemui/com.android.systemui.ImageWallpaper} caller=android
02-22 03:08:30.619  1223  1223 I PackageManager: Un-granting permission android.permission.MANAGE_DOCUMENTS from package com.google.android.youtube (protectionLevel=262146 flags=0x20dbbec5)
02-22 03:08:30.622  1223  1223 I PackageManager: Un-granting permission android.permission.CAPTURE_AUDIO_OUTPUT from package com.google.android.googlequicksearchbox (protectionLevel=18 flags=0x20d83ec5)
02-22 03:08:30.622  1223  1223 I PackageManager: Un-granting permission android.permission.SUBSTITUTE_SHARE_TARGET_APP_NAME_AND_ICON from package com.google.android.googlequicksearchbox (protectionLevel=18 flags=0x20d83ec5)
02-22 03:08:30.622  1223  1223 I PackageManager: Un-granting permission android.permission.CAPTURE_MEDIA_OUTPUT from package com.google.android.googlequicksearchbox (protectionLevel=18 flags=0x20d83ec5)
02-22 03:08:30.622  1223  1223 I PackageManager: Un-granting permission android.permission.MODIFY_AUDIO_ROUTING from package com.google.android.googlequicksearchbox (protectionLevel=18 flags=0x20d83ec5)
02-22 03:08:30.623  1223  1223 I PackageManager: Un-granting permission android.permission.SYSTEM_ALERT_WINDOW from package cn.wps.xiaomi.abroad.lite (protectionLevel=1250 flags=0x3858be44)
02-22 03:08:30.623  1223  1223 I PackageManager: Un-granting permission android.permission.REQUEST_INSTALL_PACKAGES from package cn.wps.xiaomi.abroad.lite (protectionLevel=66 flags=0x3858be44)
02-22 03:08:30.623  1403  1403 I android.hardware.wifi@1.0-service-lazy-mediatek: Adding interface handle for wlan0
02-22 03:08:30.623  1403  1403 I android.hardware.wifi@1.0-service-lazy-mediatek: Adding interface handle for p2p0
02-22 03:08:30.623  1403  1403 W android.hardware.wifi@1.0-service-lazy-mediatek: No active wlan interfaces in use! Using default
02-22 03:08:30.624  1403  1403 E android.hardware.wifi@1.0-service-lazy-mediatek: Failed to register radio mode change callback
02-22 03:08:30.624  1403  1403 W android.hardware.wifi@1.0-service-lazy-mediatek: No active wlan interfaces in use! Using default
02-22 03:08:30.624  1223  1223 I PackageManager: Un-granting permission com.google.android.googleapps.permission.GOOGLE_AUTH from package com.android.providers.calendar (protectionLevel=2 flags=0x20883e45)
02-22 03:08:30.624  1223  1223 I PackageManager: Un-granting permission com.google.android.googleapps.permission.GOOGLE_AUTH.cl from package com.android.providers.calendar (protectionLevel=2 flags=0x20883e45)
02-22 03:08:30.626  1403  1403 I android.hardware.wifi@1.0-service-lazy-mediatek: Configured chip in mode 0
02-22 03:08:30.626  1403  1403 W android.hardware.wifi@1.0-service-lazy-mediatek: No active wlan interfaces in use! Using default
02-22 03:08:30.631  1223  1223 I PackageManager: Un-granting permission android.permission.HIDE_NON_SYSTEM_OVERLAY_WINDOWS from package com.android.companiondevicemanager (protectionLevel=258 flags=0x30c83e45)
02-22 03:08:30.633  1223  1223 I PackageManager: Un-granting permission android.permission.READ_PRIVILEGED_PHONE_STATE from package com.google.android.apps.messaging (protectionLevel=18 flags=0x28cabec5)
02-22 03:08:30.633  1223  1223 I PackageManager: Un-granting permission android.permission.MODIFY_PHONE_STATE from package com.google.android.apps.messaging (protectionLevel=18 flags=0x28cabec5)
02-22 03:08:30.633  1223  1223 I PackageManager: Un-granting permission android.permission.READ_PRECISE_PHONE_STATE from package com.google.android.apps.messaging (protectionLevel=18 flags=0x28cabec5)
02-22 03:08:30.633  1223  1223 I PackageManager: Un-granting permission android.permission.CONNECTIVITY_USE_RESTRICTED_NETWORKS from package com.google.android.apps.messaging (protectionLevel=18 flags=0x28cabec5)
02-22 03:08:30.633  1223  1223 I PackageManager: Un-granting permission com.google.android.setupwizard.READ_DEVICE_ORIGIN from package com.google.android.apps.messaging (protectionLevel=18 flags=0x28cabec5)
02-22 03:08:30.634  1223  1223 I PackageManager: Un-granting permission android.permission.MANAGE_USERS from package com.miui.securitycenter (protectionLevel=18 flags=0x20c9bec5)
02-22 03:08:30.634  1223  1223 I PackageManager: Un-granting permission android.permission.INTERACT_ACROSS_USERS from package com.miui.securitycenter (protectionLevel=50 flags=0x20c9bec5)
02-22 03:08:30.634  1223  1223 I PackageManager: Un-granting permission android.permission.READ_PRIVILEGED_PHONE_STATE from package com.miui.securitycenter (protectionLevel=18 flags=0x20c9bec5)
02-22 03:08:30.637  1223  1223 I PackageManager: Un-granting permission android.permission.START_ACTIVITIES_FROM_BACKGROUND from package com.android.soundrecorder (protectionLevel=49682 flags=0x30c83e85)
02-22 03:08:30.638  1223  1223 I PackageManager: Un-granting permission android.permission.HIDE_NON_SYSTEM_OVERLAY_WINDOWS from package com.android.vending (protectionLevel=258 flags=0x28cabec5)
02-22 03:08:30.638  1223  1223 I PackageManager: Un-granting permission android.permission.SEND_DOWNLOAD_COMPLETED_INTENTS from package com.android.vending (protectionLevel=2 flags=0x28cabec5)
02-22 03:08:30.640   688   688 I wificond: create scanner for interface with index: 32
02-22 03:08:30.640   688   688 I wificond: subscribe scan result for interface with index: 32
02-22 03:08:30.642   688   688 E wificond: No Offload Service available
02-22 03:08:30.642   688   688 I wificond: Offload HAL not supported 
02-22 03:08:30.646  1223  1223 I PackageManager: Un-granting permission android.permission.REQUEST_INSTALL_PACKAGES from package com.google.android.gm (protectionLevel=66 flags=0x28dbbec5)
02-22 03:08:30.651  1223  1223 I PackageManager: Un-granting permission android.permission.WRITE_SECURE_SETTINGS from package com.android.printspooler (protectionLevel=50 flags=0x38c8be45)
02-22 03:08:30.654  1223  1223 I PackageManager: Un-granting permission android.permission.REBOOT from package com.google.android.apps.wellbeing (protectionLevel=18 flags=0x20cbbec5)
02-22 03:08:30.654  1223  1223 I PackageManager: Un-granting permission android.permission.REAL_GET_TASKS from package com.google.android.apps.wellbeing (protectionLevel=18 flags=0x20cbbec5)
02-22 03:08:30.654  1223  1223 I PackageManager: Un-granting permission android.permission.START_TASKS_FROM_RECENTS from package com.google.android.apps.wellbeing (protectionLevel=18 flags=0x20cbbec5)
02-22 03:08:30.654  1223  1223 I PackageManager: Un-granting permission android.permission.MODIFY_DAY_NIGHT_MODE from package com.google.android.apps.wellbeing (protectionLevel=18 flags=0x20cbbec5)
02-22 03:08:30.658  1223  1223 I PackageManager: Un-granting permission android.permission.INTERACT_ACROSS_USERS from package com.google.android.syncadapters.contacts (protectionLevel=50 flags=0x20883e45)
02-22 03:08:30.660  1223  1223 I PackageManager: Un-granting permission android.permission.REQUEST_INSTALL_PACKAGES from package com.android.chrome (protectionLevel=66 flags=0xa0cbbec5)
02-22 03:08:30.661  1223  1223 I PackageManager: Un-granting permission android.permission.WRITE_EMBEDDED_SUBSCRIPTIONS from package com.google.android.gms (protectionLevel=50 flags=0xa0cabec5)
02-22 03:08:30.661  1223  1223 I PackageManager: Un-granting permission android.permission.CAPTURE_VIDEO_OUTPUT from package com.google.android.gms (protectionLevel=2 flags=0xa0cabec5)
02-22 03:08:30.661  1223  1223 I PackageManager: Un-granting permission android.permission.FORCE_STOP_PACKAGES from package com.google.android.gms (protectionLevel=18 flags=0xa0cabec5)
02-22 03:08:30.661  1223  1223 I PackageManager: Un-granting permission android.permission.OBSERVE_ROLE_HOLDERS from package com.google.android.gms (protectionLevel=258 flags=0xa0cabec5)
02-22 03:08:30.662  1223  1223 I PackageManager: Un-granting permission android.permission.MODIFY_DEFAULT_AUDIO_EFFECTS from package com.google.android.gms (protectionLevel=18 flags=0xa0cabec5)
02-22 03:08:30.662  1223  1223 I PackageManager: Un-granting permission android.permission.MANAGE_DEVICE_ADMINS from package com.google.android.gms (protectionLevel=2 flags=0xa0cabec5)
02-22 03:08:30.662  1223  1223 I PackageManager: Un-granting permission android.permission.MANAGE_ACTIVITY_STACKS from package com.google.android.gms (protectionLevel=2 flags=0xa0cabec5)
02-22 03:08:30.662  1223  1223 I PackageManager: Un-granting permission android.permission.CAPTURE_SECURE_VIDEO_OUTPUT from package com.google.android.gms (protectionLevel=2 flags=0xa0cabec5)
02-22 03:08:30.663  1223  1223 I PackageManager: Un-granting permission android.permission.MANAGE_ROLLBACKS from package com.google.android.gms (protectionLevel=514 flags=0xa0cabec5)
02-22 03:08:30.663  1223  1223 I PackageManager: Un-granting permission android.permission.MEDIA_CONTENT_CONTROL from package com.google.android.gms (protectionLevel=18 flags=0xa0cabec5)
02-22 03:08:30.663  1223  1223 I PackageManager: Un-granting permission android.permission.HIDE_NON_SYSTEM_OVERLAY_WINDOWS from package com.google.android.gms (protectionLevel=258 flags=0xa0cabec5)
02-22 03:08:30.665  1223  1223 I PackageManager: Un-granting permission android.permission.UPDATE_APP_OPS_STATS from package com.google.android.tts (protectionLevel=274 flags=0x34cbbec5)
02-22 03:08:30.665  1223  1223 I PackageManager: Un-granting permission android.permission.START_ACTIVITIES_FROM_BACKGROUND from package com.google.android.tts (protectionLevel=49682 flags=0x34cbbec5)
02-22 03:08:30.672  1223  1223 I PackageManager: Un-granting permission android.permission.INTERACT_ACROSS_PROFILES from package com.google.android.calendar (protectionLevel=18 flags=0x20cbbec5)
02-22 03:08:30.679  1223  1223 I PackageManager: Un-granting permission com.miui.bugreport.permission.DUMP_CACHED_LOG from package com.miui.weather2 (protectionLevel=2 flags=0x30c9bec5)
02-22 03:08:30.680  1223  1223 I PackageManager: Un-granting permission com.google.android.finsky.permission.GEARHEAD_SERVICE from package com.google.android.projection.gearhead (protectionLevel=18 flags=0x288bbec5)
02-22 03:08:30.680  1223  1223 I PackageManager: Un-granting permission android.permission.CHANGE_COMPONENT_ENABLED_STATE from package com.google.android.projection.gearhead (protectionLevel=18 flags=0x288bbec5)
02-22 03:08:30.680  1223  1223 I PackageManager: Un-granting permission android.permission.UPDATE_APP_OPS_STATS from package com.google.android.projection.gearhead (protectionLevel=274 flags=0x288bbec5)
02-22 03:08:30.680  1223  1223 I PackageManager: Un-granting permission android.permission.BIND_APPWIDGET from package com.google.android.projection.gearhead (protectionLevel=18 flags=0x288bbec5)
02-22 03:08:30.680  1223  1223 I PackageManager: Un-granting permission android.permission.CAPTURE_SECURE_VIDEO_OUTPUT from package com.google.android.projection.gearhead (protectionLevel=2 flags=0x288bbec5)
02-22 03:08:30.680  1223  1223 I PackageManager: Un-granting permission android.permission.INTERACT_ACROSS_PROFILES from package com.google.android.projection.gearhead (protectionLevel=18 flags=0x288bbec5)
02-22 03:08:30.689  1223  1223 I PackageManager: Un-granting permission com.xiaomi.permission.CLOUD_MANAGER from package com.mipay.wallet.in (protectionLevel=18 flags=0x38483e45)
02-22 03:08:30.689  1223  1223 I PackageManager: Un-granting permission android.permission.REQUEST_INSTALL_PACKAGES from package com.mipay.wallet.in (protectionLevel=66 flags=0x38483e45)
02-22 03:08:30.691  1223  1223 I PackageManager: Un-granting permission android.permission.READ_PRIVILEGED_PHONE_STATE from package com.miui.core (protectionLevel=18 flags=0x28883e05)
02-22 03:08:30.695  1223  1223 I PackageManager: Un-granting permission android.permission.INTERACT_ACROSS_PROFILES from package com.google.android.inputmethod.latin (protectionLevel=18 flags=0x20cabec5)
02-22 03:08:30.695  1223  1223 W SystemServiceManager: Service com.android.server.policy.PermissionPolicyService took 157 ms in onBootPhase
02-22 03:08:30.695  1223  1223 I SystemServiceManager: Starting phase 550 done
02-22 03:08:30.696  1223  1223 I SystemServer: StartObservingNativeCrashes
02-22 03:08:30.697  1223  1223 I longcheer: /sys/android_lcd/lcd_lockdown exists!!
02-22 03:08:30.697  1223  1330 I SystemServer: WebViewFactoryPreparation
02-22 03:08:30.702  1223  1223 I SystemServer: StartSystemUI
02-22 03:08:30.703  1223  1259 W BroadcastQueue: Background execution not allowed: receiving Intent { act=android.net.wifi.WIFI_STATE_CHANGED flg=0x4000010 (has extras) } to com.android.settings/.MiuiSettingsReceiver
02-22 03:08:30.710  1223  1223 I SystemServer: MakeNetworkManagementServiceReady
02-22 03:08:30.712  1223  1223 I SystemServer: MakeIpSecServiceReady
02-22 03:08:30.713  1223  1223 I SystemServer: MakeNetworkStatsServiceReady
02-22 03:08:30.727  1223  1350 W NetworkPolicy: setRestrictBackgroundUL: already false
02-22 03:08:30.727  1223  1260 I ActivityManager: Start proc 1452:WebViewLoader-armeabi-v7a/1037 [android.webkit.WebViewLibraryLoader$RelroFileCreator] for null caller=Webview
02-22 03:08:30.774  1223  1223 I SystemServer: MakeConnectivityServiceReady
02-22 03:08:30.850  1223  1223 I SystemServer: MakeNetworkPolicyServiceReady
02-22 03:08:30.851  1223  1223 I SystemServer: PhaseThirdPartyAppsCanStart
02-22 03:08:30.851  1223  1223 I SystemServiceManager: Starting phase 600
02-22 03:08:30.852  1223  1223 I ExplicitHealthCheckController: Explicit health checks enabled.
02-22 03:08:30.852  1223  1223 I PackageWatchdog: Syncing state, reason: health check state enabled
02-22 03:08:30.852  1223  1223 I PackageWatchdog: Not pruning observers, elapsed time: 0ms
02-22 03:08:30.853  1223  1258 I PackageWatchdog: Saving observer state to file
02-22 03:08:30.853  1223  1223 I PackageWatchdog: Scheduling next state sync in 1208922429ms
02-22 03:08:30.986  1223  1223 W SystemServiceManager: Service com.android.server.trust.TrustManagerService took 84 ms in onBootPhase
02-22 03:08:30.992  1223  1223 W DreamManagerService: Dream ComponentInfo{com.miui.aod/com.miui.aod.doze.DozeService} does not exist
02-22 03:08:30.997  1223  1223 I StatsCompanionService: Told statsd that StatsCompanionService is alive.
02-22 03:08:31.016  1223  1246 I ActivityManager: Process WebViewLoader-armeabi-v7a (pid 1452) has died: psvc PER 
02-22 03:08:31.059  1223  1223 W SystemServiceManager: Service com.android.server.autofill.AutofillManagerService took 62 ms in onBootPhase
02-22 03:08:31.059  1223  1223 I SystemServiceManager: Starting phase 600 done
02-22 03:08:31.059  1223  1223 I SystemServer: StartNetworkStack
02-22 03:08:31.061  1223  1223 I SystemServer: MakeLocationServiceReady
02-22 03:08:31.070  1223  1259 W BroadcastQueue: Background execution not allowed: receiving Intent { act=android.location.PROVIDERS_CHANGED flg=0x10 (has extras) } to com.google.android.gms/.chimera.GmsIntentOperationService$PersistentTrustedReceiver
02-22 03:08:31.098  1223  1259 I chatty  : uid=1000(system) ActivityManager identical 6 lines
02-22 03:08:31.099  1223  1259 W BroadcastQueue: Background execution not allowed: receiving Intent { act=android.location.PROVIDERS_CHANGED flg=0x10 (has extras) } to com.google.android.gms/.chimera.GmsIntentOperationService$PersistentTrustedReceiver
02-22 03:08:31.105  1223  1223 I MiuiGpsProvider: register provider status
02-22 03:08:31.105  1223  1223 I MiuiGpsProvider: create miui gps provider
02-22 03:08:31.105  1223  1223 I SystemServer: MakeCountryDetectionServiceReady
02-22 03:08:31.105  1223  1223 I SystemServer: MakeNetworkTimeUpdateReady
02-22 03:08:31.107  1223  1223 I SystemServer: MakeInputManagerServiceReady
02-22 03:08:31.108  1223  1223 I SystemServer: MakeTelephonyRegistryReady
02-22 03:08:31.109  1223  1223 I SystemServer: MakeMediaRouterServiceReady
02-22 03:08:31.109  1223  1223 I SystemServer: MakeMmsServiceReady
02-22 03:08:31.109  1223  1223 I MmsServiceBroker: Delay connecting to MmsService until an API is called
02-22 03:08:31.109  1223  1223 I SystemServer: IncidentDaemonReady
02-22 03:08:31.112  1223  1223 I SystemServer: NetworkDataControllerService
02-22 03:08:31.112  1223  1223 I ActivityManager: Current user:0
02-22 03:08:31.113  1223  1223 I SystemServiceManager: Calling onStartUser u0
02-22 03:08:31.135  1223  1259 W BroadcastQueue: Background execution not allowed: receiving Intent { act=android.location.PROVIDERS_CHANGED flg=0x10 (has extras) } to com.google.android.gms/.chimera.GmsIntentOperationService$PersistentTrustedReceiver
02-22 03:08:31.135  1223  1249 W LocationProviderProxy: Odd, no component found for service com.android.location.service.v3.NetworkLocationProvider
02-22 03:08:31.139  1223  1249 W GeocoderProxy: Odd, no component found for service com.android.location.service.GeocodeProvider
02-22 03:08:31.139  1223  1249 W GeofenceProxy: Odd, no component found for service com.android.location.service.GeofenceProvider
02-22 03:08:31.139  1223  1249 W ActivityRecognitionProxy: Odd, no component found for service com.android.location.service.ActivityRecognitionProvider
02-22 03:08:31.253  1223  1223 W SystemServiceManager: Service com.android.server.om.OverlayManagerService took 141 ms in onStartUser 
02-22 03:08:31.290  1223  1223 I ActivityTaskManager: START u0 {act=android.intent.action.MAIN cat=[android.intent.category.HOME] flg=0x10000100 cmp=com.miui.home/.launcher.Launcher} from uid 0
02-22 03:08:31.352  1223  1223 I ActivityTaskManager: Loaded persisted task ids for user 0
02-22 03:08:31.472  1223  1260 W ActivityManager: Slow operation: 189ms so far, now at startProcess: done updating battery stats
02-22 03:08:31.474  1223  1260 W ActivityManager: Slow operation: 190ms so far, now at startProcess: building log message
02-22 03:08:31.474  1223  1260 I ActivityManager: Start proc 1554:com.xiaomi.finddevice/9810 for added application com.xiaomi.finddevice caller=android
02-22 03:08:31.474  1223  1260 W ActivityManager: Slow operation: 190ms so far, now at startProcess: starting to update pids map
02-22 03:08:31.474  1223  1260 W ActivityManager: Slow operation: 191ms so far, now at startProcess: done updating pids map
02-22 03:08:31.474  1223  1260 W ActivityManager: Slow operation: 189ms so far, now at startProcess: asking zygote to start proc
02-22 03:08:31.475  1223  1223 I SystemServer: Entered the Android system server main thread loop.
02-22 03:08:31.476  1223  1223 W Looper  : Slow delivery took 3885ms main h=android.app.ActivityThread$H c=com.android.server.am.-$$Lambda$gATL8uvTPRd405IfefK1RL9bNqA@45fab31 m=0
02-22 03:08:31.490  1223  1249 W DreamManagerService: Dream ComponentInfo{com.miui.aod/com.miui.aod.doze.DozeService} does not exist
02-22 03:08:31.491  1223  1249 W LocationProviderProxy: Odd, no component found for service com.android.location.service.v3.NetworkLocationProvider
02-22 03:08:31.491  1223  1250 W Looper  : Slow dispatch took 208ms android.ui h=com.android.server.am.ActivityManagerService$UiHandler c=null m=53
02-22 03:08:31.491  1223  1250 W WindowManager: Keyguard drawn timeout. Setting mKeyguardDrawComplete
02-22 03:08:31.492  1223  1260 W ActivityManager: Slow operation: 207ms so far, now at startProcess: returned from zygote!
02-22 03:08:31.492  1223  1250 I WindowManager: All windows ready for display!
02-22 03:08:31.493  1223  1260 W ActivityManager: Slow operation: 208ms so far, now at startProcess: done updating battery stats
02-22 03:08:31.494  1223  1249 W GeocoderProxy: Odd, no component found for service com.android.location.service.GeocodeProvider
02-22 03:08:31.494  1223  1249 W GeofenceProxy: Odd, no component found for service com.android.location.service.GeofenceProvider
02-22 03:08:31.495  1223  1260 W ActivityManager: Slow operation: 209ms so far, now at startProcess: building log message
02-22 03:08:31.495  1223  1260 I ActivityManager: Start proc 1611:com.android.phone/1001 for added application com.android.phone caller=android
02-22 03:08:31.495  1223  1249 W ActivityRecognitionProxy: Odd, no component found for service com.android.location.service.ActivityRecognitionProvider
02-22 03:08:31.495  1223  1260 W ActivityManager: Slow operation: 210ms so far, now at startProcess: starting to update pids map
02-22 03:08:31.495  1223  1260 W ActivityManager: Slow operation: 210ms so far, now at startProcess: done updating pids map
02-22 03:08:31.497  1223  1250 W WindowManager: Setting mWindowManagerDrawComplete
02-22 03:08:31.497  1223  1250 I WindowManager: Finished screen turning on...
02-22 03:08:31.516  1223  1260 I ActivityManager: Start proc 1623:com.miui.home/u0a86 for activity {com.miui.home/com.miui.home.launcher.Launcher} caller=null
02-22 03:08:31.519  1223  1223 I AppOps  : setUserRestriction: 0 action: false from uid: 1000 pid: 1223
02-22 03:08:31.519  1223  1223 I AppOps  : setUserRestriction: 1 action: false from uid: 1000 pid: 1223
02-22 03:08:31.519  1223  1223 I AppOps  : setUserRestriction: 2 action: false from uid: 1000 pid: 1223
02-22 03:08:31.519  1223  1223 I AppOps  : setUserRestriction: 6 action: false from uid: 1000 pid: 1223
02-22 03:08:31.519  1223  1223 I AppOps  : setUserRestriction: 7 action: false from uid: 1000 pid: 1223
02-22 03:08:31.519  1223  1223 I AppOps  : setUserRestriction: 10 action: false from uid: 1000 pid: 1223
02-22 03:08:31.519  1223  1223 I AppOps  : setUserRestriction: 14 action: false from uid: 1000 pid: 1223
02-22 03:08:31.519  1223  1223 I AppOps  : setUserRestriction: 15 action: false from uid: 1000 pid: 1223
02-22 03:08:31.519  1223  1223 I AppOps  : setUserRestriction: 16 action: false from uid: 1000 pid: 1223
02-22 03:08:31.519  1223  1223 I AppOps  : setUserRestriction: 18 action: false from uid: 1000 pid: 1223
02-22 03:08:31.519  1223  1223 I AppOps  : setUserRestriction: 20 action: false from uid: 1000 pid: 1223
02-22 03:08:31.519  1223  1223 I AppOps  : setUserRestriction: 21 action: false from uid: 1000 pid: 1223
02-22 03:08:31.519  1223  1223 I AppOps  : setUserRestriction: 22 action: false from uid: 1000 pid: 1223
02-22 03:08:31.519  1223  1223 I AppOps  : setUserRestriction: 24 action: false from uid: 1000 pid: 1223
02-22 03:08:31.519  1223  1223 I AppOps  : setUserRestriction: 26 action: false from uid: 1000 pid: 1223
02-22 03:08:31.519  1223  1223 I AppOps  : setUserRestriction: 27 action: false from uid: 1000 pid: 1223
