02-22 03:23:15.294  2406  2454 W BpBinder: Slow Binder: BpBinder transact took 959 ms, interface=com.google.android.gms.common.internal.IGmsServiceBroker, code=46 oneway=false
02-22 03:23:15.335  1223  3629 W BaseMiuiPhoneWindowManager: keyCode:3 down:true eventTime:906673 downTime:906673 policyFlags:2b000002 flags:48 deviceId:-1 isScreenOn:true keyguardActive:false repeatCount:0
02-22 03:23:15.481  1223  3629 W BaseMiuiPhoneWindowManager: keyCode:3 down:false eventTime:906821 downTime:906673 policyFlags:2b000002 flags:48 deviceId:-1 isScreenOn:true keyguardActive:false repeatCount:0
02-22 03:23:15.489  1223  1340 I ActivityTaskManager: START u0 {act=android.intent.action.MAIN cat=[android.intent.category.HOME] flg=0x10000100 cmp=com.miui.home/.launcher.Launcher (has extras)} from uid 0
02-22 03:23:16.007  4769  5017 W BpBinder: Slow Binder: BpBinder transact took 3902 ms, interface=com.google.android.gms.measurement.internal.IMeasurementService, code=11 oneway=false
02-22 03:23:16.066  3918  3918 W Looper  : Slow Looper main: Long Msg: seq=47 plan=03:23:12.664  late=1092ms wall=2310ms running=137ms runnable=3ms io=1550ms h=android.os.Handler c=ejqp
02-22 03:23:16.111  1223  3613 I ActivityManager: Killing 3103:com.miui.weather2/u0a72 (adj 965): empty #13
02-22 03:23:17.245  5123  5123 W Looper  : Slow Looper main: Long Msg: seq=2 plan=03:23:11.733  late=4ms wall=5506ms running=362ms runnable=82ms io=3707ms h=android.app.ActivityThread$H w=110
02-22 03:23:17.886  1223  1250 W Looper  : Slow dispatch took 137ms android.ui h=android.os.Handler c=com.android.server.wm.DisplayRotation$OrientationListener$UpdateRunnable@88c4b69 m=0
02-22 03:23:17.914  5123  5331 W BpBinder: Slow Binder: BpBinder transact took 221 ms, interface=com.google.android.gms.phenotype.internal.IPhenotypeService, code=11 oneway=false
02-22 03:23:19.122  5248  5248 W Looper  : Slow Looper main: Long Msg: seq=2 plan=03:23:13.381  late=1ms wall=5731ms running=915ms runnable=80ms io=3732ms h=android.app.ActivityThread$H w=110
02-22 03:23:19.135  1223  3640 I ActivityManager: Killing 4129:com.android.htmlviewer/u0a96 (adj 965): empty #13
02-22 03:23:19.235  1223  3628 I ActivityManager: Process com.miui.notification:remote (pid 5248) has died: fore RCVR
02-22 03:23:19.306  1223  1260 I ActivityManager: Start proc 5342:com.miui.powerkeeper/1000 for broadcast {com.miui.powerkeeper/com.miui.powerkeeper.PowerKeeperReceiver} caller=null
02-22 03:23:19.534  3918  3918 W Looper  : Slow Looper main: Long Msg: seq=48 plan=03:23:12.909  late=3158ms wall=3468ms running=530ms runnable=7ms io=2674ms h=android.os.Handler c=ejqp
02-22 03:23:19.534  3918  3918 W Looper  : Slow Looper main: MotionEvent is 2666ms late (event_seq=0, action=ACTION_DOWN) because of 1 msg, msg 1 took 3468ms (seq=48 running=530ms runnable=7ms io=2674ms late=3158ms h=android.os.Handler c=ejqp)
02-22 03:23:19.535  3918  3918 W InputEventReceiver: App Input: 2666ms before dispatchInputEvent (MotionEvent: event_seq=0, seq=147, action=ACTION_DOWN)
02-22 03:23:19.552  3918  3918 W InputEventReceiver: App Input: 2659ms before dispatchInputEvent (MotionEvent: event_seq=1, seq=149, action=ACTION_UP)
02-22 03:23:19.998  3918  3918 W Looper  : Slow Looper main: doFrame is 3719ms late because of 34 msg, msg 1 took 2310ms (seq=47 running=137ms runnable=3ms io=1550ms late=1092ms h=android.os.Handler c=ejqp), msg 2 took 3468ms (seq=48 running=530ms runnable=7ms io=2674ms late=3158ms h=android.os.Handler c=ejqp)
02-22 03:23:20.051  3918  4070 W BpBinder: Slow Binder: BpBinder transact took 302 ms, interface=android.content.IContentProvider, code=1 oneway=false
02-22 03:23:20.051  3918  4068 W BpBinder: Slow Binder: BpBinder transact took 298 ms, interface=android.content.IContentProvider, code=1 oneway=false
02-22 03:23:20.264  3918  3918 W Looper  : Slow Looper main: doFrame is 439ms late because of 172 msg, msg 1 took 278ms (seq=81 running=50ms runnable=7ms io=110ms late=3719ms h=android.view.Choreographer$FrameHandler c=android.view.Choreographer$FrameDisplayEventReceiver), msg 17 took 228ms (seq=97 running=7ms io=210ms late=557ms h=android.view.ViewRootImpl$ViewRootHandler c=dceo)
02-22 03:23:20.445  3918  4075 W BpBinder: Slow Binder: BpBinder transact took 445 ms, interface=com.google.android.gms.common.internal.IGmsServiceBroker, code=46 oneway=false
02-22 03:23:20.459  1223  1859 I ActivityManager: Killing 2913:android.process.acore/u0a56 (adj 965): empty #13
02-22 03:23:20.659  3918  4075 W BpBinder: Slow Binder: BpBinder transact took 212 ms, interface=com.google.android.gms.inappreach.internal.IInAppReachService, code=1 oneway=false
02-22 03:23:21.201  3918  4075 W BpBinder: Slow Binder: BpBinder transact took 351 ms, interface=com.google.android.gms.common.internal.IGmsServiceBroker, code=46 oneway=false
02-22 03:23:21.563  3918  4085 W BpBinder: Slow Binder: BpBinder transact took 240 ms, interface=com.google.android.auth.IAuthManagerService, code=8 oneway=false
02-22 03:23:21.575  2094  2170 W BpBinder: Slow Binder: BpBinder transact took 267 ms, interface=com.google.android.gms.common.internal.IGmsServiceBroker, code=46 oneway=false
02-22 03:23:23.073  5342  5342 W PK      : main receive BOOT_COMPLETED
02-22 03:23:23.384  5342  5342 W PK      : init EventsAggregator context=com.miui.powerkeeper.PowerKeeperApplication@f2f46ed
02-22 03:23:23.961  5342  5342 E PeSchedController: parse default config error: java.io.FileNotFoundException: default_perf_config
02-22 03:23:23.983  1223  1831 W ProcessManager: Permission Denial: ProcessManager.protectCurrentProcess() from pid=5342, uid=1000
02-22 03:23:24.415  5342  5405 W PK      : mipush success r=+nAz45i7XycL+GDBR6F2x1sSMwYV8PTI2VSMCMbc99jd+Di1ET2OITkmsjA825S9 a=11d033d16a6e6c28db28f9a1af5b5647 i=006
02-22 03:23:24.538  1223  1260 I ActivityManager: Start proc 5408:com.android.deskclock/u0a104 for broadcast {com.android.deskclock/com.android.deskclock.AlarmInitReceiver} caller=null
02-22 03:23:25.478  1223  1383 I AlarmManager: remove power off alarm pacakge name android
02-22 03:23:25.636  5408  5408 W Looper  : Slow Looper main: Long Msg: seq=2 plan=03:23:24.575  late=2ms wall=1058ms running=314ms runnable=13ms io=584ms h=android.app.ActivityThread$H w=110
02-22 03:23:25.691  1223  3506 I ActivityManager: Killing 3712:com.miui.analytics/u0a94 (adj 965): empty #13
02-22 03:23:25.693  1223  3506 I ActivityManager: Killing 4296:com.google.android.partnersetup/u0a160 (adj 965): empty #14
02-22 03:23:25.701  1223  1383 I AlarmManager: remove power off alarm pacakge name android
02-22 03:23:25.754  1223  1260 I ActivityManager: Start proc 5449:com.google.android.dialer/u0a169 for broadcast {com.google.android.dialer/com.android.dialer.bootreceiver.DialerBootReceiver} caller=null
02-22 03:23:26.050  5342  5391 I DeviceIdleController: DeviceIdleController enable
02-22 03:23:26.152  5342  5391 I DeviceIdleController: DeviceIdleController enable end
02-22 03:23:26.655  2406  5387 W BpBinder: Slow Binder: BpBinder transact took 1843 ms, interface=com.google.android.auth.IAuthManagerService, code=5 oneway=false
02-22 03:23:26.854  1223  3629 I ActivityManager: Killing 4174:com.android.settings.intelligence/u0a170 (adj 965): empty #13
02-22 03:23:27.315  5449  5449 W Looper  : Slow Looper main: Long Msg: seq=2 plan=03:23:25.782  late=1ms wall=1531ms running=401ms runnable=23ms io=989ms h=android.app.ActivityThread$H w=110
02-22 03:23:27.424  1223  1260 I ActivityManager: Start proc 5520:com.google.android.projection.gearhead:provider/u0a178 for content provider {com.google.android.projection.gearhead/com.google.android.apps.auto.components.projectionstate.ProjectionStateProvider} caller=com.google.android.dialer
02-22 03:23:27.460  1223  1831 I ActivityManager: Killing 4527:com.xiaomi.finddevice:securitypush/9810 (adj 965): empty #13
02-22 03:23:27.563  1223  1260 I ActivityManager: Start proc 5550:android.process.acore/u0a56 for content provider {com.android.providers.contacts/com.android.providers.contacts.CallLogProvider} caller=com.google.android.dialer
02-22 03:23:27.596  1223  3639 I ActivityManager: Killing 4688:com.google.android.projection.gearhead:shared/u0a178 (adj 965): empty #13
02-22 03:23:27.610  5449  5481 W BpBinder: Slow Binder: BpBinder transact took 213 ms, interface=com.google.android.gms.common.internal.IGmsServiceBroker, code=46 oneway=false
02-22 03:23:27.626  1223  1223 W ContextImpl: Calling a method in the system process without a qualified user: android.app.ContextImpl.startService:1581 android.content.ContextWrapper.startService:679 android.content.ContextWrapper.startService:679 com.mediatek.location.lppe.main.LPPeBootUpReceiver.onReceive:18 android.app.ActivityThread.handleReceiver:3878 
02-22 03:23:27.640  1223  1223 W Looper  : Slow dispatch took 271ms main h=android.app.ActivityThread$H c=null m=113
02-22 03:23:27.662  1223  1260 I ActivityManager: Start proc 5574:com.miui.miservice/u0a89 for broadcast {com.miui.miservice/com.miui.miservice.push.MiServiceReceiver} caller=null
02-22 03:23:27.746  2406  5387 W BpBinder: Slow Binder: BpBinder transact took 846 ms, interface=com.google.android.auth.IAuthManagerService, code=5 oneway=false
02-22 03:23:27.838  1223  1223 W Looper  : Slow dispatch took 198ms main h=android.app.ActivityThread$H c=null m=114
02-22 03:23:27.839  1223  1223 W Looper  : Slow delivery took 204ms main h=android.app.ActivityThread$H c=null m=115
02-22 03:23:27.974  1223  1223 W Looper  : Drained
02-22 03:23:28.115  2094  3484 W BpBinder: Slow Binder: BpBinder transact took 224 ms, interface=android.accounts.IAccountManager, code=21 oneway=false
02-22 03:23:28.234  1223  1260 I ActivityManager: Start proc 5599:com.android.vending:background/u0a165 for service {com.android.vending/com.google.frameworks.client.data.android.server.play.BackgroundProcessEndpointService} caller=com.android.vending
02-22 03:23:28.407  5449  5515 W BpBinder: Slow Binder: BpBinder transact took 1012 ms, interface=android.app.IActivityManager, code=20 oneway=false
02-22 03:23:28.542  2406  5387 W BpBinder: Slow Binder: BpBinder transact took 491 ms, interface=com.google.android.auth.IAuthManagerService, code=5 oneway=false
02-22 03:23:28.642  5449  5515 W BpBinder: Slow Binder: BpBinder transact took 234 ms, interface=android.content.IContentProvider, code=1 oneway=false
02-22 03:23:28.676  5449  5514 W BpBinder: Slow Binder: BpBinder transact took 1140 ms, interface=android.app.IActivityManager, code=20 oneway=false
02-22 03:23:28.698  5550  5550 W Looper  : Slow Looper main: Long Msg: seq=2 plan=03:23:27.597  late=2ms wall=1098ms running=293ms runnable=40ms io=639ms h=android.app.ActivityThread$H w=110
02-22 03:23:28.709  5520  5520 W Looper  : Slow Looper main: Long Msg: seq=2 plan=03:23:27.459  late=5ms wall=1244ms running=195ms runnable=44ms io=922ms h=android.app.ActivityThread$H w=110
02-22 03:23:28.870  1223  1831 I ActivityManager: Killing 4616:com.google.android.projection.gearhead:car/u0a178 (adj 965): empty #13
02-22 03:23:28.890  1223  1260 I ActivityManager: Start proc 5663:com.xiaomi.misettings/1000 for broadcast {com.xiaomi.misettings/com.xiaomi.misettings.usagestats.AppTimerReceiver} caller=null
02-22 03:23:29.032  2406  5387 W BpBinder: Slow Binder: BpBinder transact took 401 ms, interface=com.google.android.auth.IAuthManagerService, code=5 oneway=false
02-22 03:23:29.771  1223  1859 W ActivityManager: Background start not allowed: service Intent { cmp=com.google.android.dialer/com.google.apps.tiktok.concurrent.AndroidFuturesService (has extras) } to com.google.android.dialer/com.google.apps.tiktok.concurrent.AndroidFuturesService from pid=5449 uid=10169 pkg=com.google.android.dialer startFg?=false
02-22 03:23:29.928  5449  5493 W BpBinder: Slow Binder: BpBinder transact took 225 ms, interface=com.android.internal.telephony.ITelephony, code=54 oneway=false
02-22 03:23:29.986  1223  1859 W ActivityManager: Receiver with filter android.content.IntentFilter@30edc88 already registered for pid 5574, callerPackage is com.miui.miservice
02-22 03:23:30.036  1223  1246 I ActivityManager: Killing 3983:com.android.keychain/1000 (adj 999): empty #13
02-22 03:23:30.055  1223  1260 I ActivityManager: Start proc 5759:com.google.android.projection.gearhead:shared/u0a178 for broadcast {com.google.android.projection.gearhead/com.google.android.apps.auto.wireless.bluetooth.WifiBluetoothReceiver} caller=null
02-22 03:23:30.474  1223  1831 I ActivityManager: Killing 4345:com.google.android.gms.unstable/u0a177 (adj 965): empty #13
02-22 03:23:30.533  1223  1223 I SplashScreenServiceDelegate: Boot completed, delay to bind SplashScreenService
02-22 03:23:30.539  1223  1223 I Telecom : DefaultDialerCache: Refreshing default dialer for user 0: now com.google.android.dialer: DDC.oR@ABk
02-22 03:23:30.543  1223  1223 I Telecom : MiuiMissedCallNotifierImpl: reloadFromDatabase()...: TSBCR.oR@ABo
02-22 03:23:30.964  1223  1260 I ActivityManager: Start proc 5802:com.debug.loggerui/u0a137 for broadcast {com.debug.loggerui/com.debug.loggerui.framework.LogReceiver} caller=null
02-22 03:23:31.386  1223  1794 I ActivityManager: Killing 4509:com.xiaomi.account/u0a101 (adj 965): empty #13
02-22 03:23:31.414  1223  1260 I ActivityManager: Start proc 5824:com.miui.cit/1000 for broadcast {com.miui.cit/com.miui.cit.receiver.CitBroadcastReceiver} caller=null
02-22 03:23:31.650  1223  3421 W BroadcastQueueInjector: Unable to launch app com.android.camera/10070 for broadcast Intent { act=android.intent.action.BOOT_COMPLETED flg=0x89000010 (has extras) }: process is not permitted to  auto start
02-22 03:23:31.653  1223  3421 I ActivityManager: Killing 4570:com.duolingo/u0a207 (adj 965): empty #13
02-22 03:23:31.687  1223  1260 I ActivityManager: Start proc 5844:com.android.dynsystem/1000 for broadcast {com.android.dynsystem/com.android.dynsystem.BootCompletedReceiver} caller=null
02-22 03:23:32.107  5844  5844 W BpBinder: Slow Binder: BpBinder transact took 263 ms, interface=android.os.image.IDynamicSystemService, code=4 oneway=false
02-22 03:23:32.109  1223  3389 W DynamicSystemService: gsiservice died; reconnecting
02-22 03:23:32.122  1223  1831 I ActivityManager: Killing 4426:com.miui.gallery/u0a92 (adj 965): empty #13
02-22 03:23:32.150  1223  1260 I ActivityManager: Start proc 5865:com.android.managedprovisioning/u0a74 for broadcast {com.android.managedprovisioning/com.android.managedprovisioning.preprovisioning.BootReminder} caller=null
02-22 03:23:32.387  1223  3620 I ActivityManager: Killing 4932:com.miui.cloudservice:galleryproxy/u0a114 (adj 965): empty #13
02-22 03:23:32.605  1223  1260 I ActivityManager: Start proc 5887:com.android.providers.calendar/u0a66 for broadcast {com.android.providers.calendar/com.android.providers.calendar.CalendarReceiver} caller=null
02-22 03:23:33.025  1223  3628 I ActivityManager: Killing 5186:com.longcheertel.secretcode/1000 (adj 965): empty #13
02-22 03:23:33.465  1223  1713 I ActivityManager: Process com.debug.loggerui (pid 5802) has died: cch+25 CEM 
02-22 03:23:33.626  1223  1260 I ActivityManager: Start proc 5910:com.android.traceur/u0a116 for broadcast {com.android.traceur/com.android.traceur.Receiver} caller=null
02-22 03:23:34.032  1223  1713 I ActivityManager: Killing 5408:com.android.deskclock/u0a104 (adj 965): empty #13
02-22 03:23:34.050  1223  1260 I ActivityManager: Start proc 5935:com.facebook.appmanager/u0a123 for broadcast {com.facebook.appmanager/com.facebook.oxygen.common.boot.OnBootCompleteReceiver} caller=null
02-22 03:23:34.342  1223  1260 I ActivityManager: Start proc 5960:com.google.android.gms.unstable/u0a177 for service {com.google.android.gms/com.google.android.gms.droidguard.DroidGuardService} caller=com.android.vending
02-22 03:23:34.860  1223  1260 I ActivityManager: Start proc 5994:com.facebook.services/u0a90 for broadcast {com.facebook.services/com.facebook.oxygen.common.boot.OnBootCompleteReceiver} caller=null
02-22 03:23:35.105  1223  1260 I ActivityManager: Start proc 6023:com.facebook.system/u0a83 for content provider {com.facebook.system/com.facebook.oxygen.installer.api.AppManagerApiProvider} caller=com.facebook.appmanager
02-22 03:23:35.296  5935  6016 E ActivityThread: Failed to find provider info for com.facebook.appmanager.nekodirect
02-22 03:23:35.298  1223  1260 I ActivityManager: Start proc 6058:com.google.android.apps.maps/u0a195 for broadcast {com.google.android.apps.maps/com.google.android.apps.gmm.geofence.RestartDetectionBroadcastReceiver} caller=null
02-22 03:23:35.513  5960  5960 W Looper  : Slow Looper main: Long Msg: seq=2 plan=03:23:34.390  late=5ms wall=1116ms running=421ms runnable=10ms io=509ms h=android.app.ActivityThread$H w=110
02-22 03:23:35.596  1223  3421 I ActivityManager: Killing 5574:com.miui.miservice/u0a89 (adj 965): empty #13
02-22 03:23:35.901  5123  5957 W BpBinder: Slow Binder: BpBinder transact took 228 ms, interface=com.google.android.gms.common.internal.IGmsServiceBroker, code=46 oneway=false
02-22 03:23:36.179  1223  1794 I ActivityManager: Killing 5520:com.google.android.projection.gearhead:provider/u0a178 (adj 955): empty #13
02-22 03:23:36.180  1223  1794 I ActivityManager: Killing 5663:com.xiaomi.misettings/1000 (adj 965): empty #14
02-22 03:23:38.053  1223  1259 I ActivityManager: Waited long enough for: ServiceRecord{aee69cf u0 com.miui.powerkeeper/.PowerKeeperBackgroundService}
02-22 03:23:38.757  1223  3628 W BpBinder: Slow Binder: BpBinder transact took 282 ms, interface=android.os.IInstalld, code=9 oneway=false
02-22 03:23:38.758  5123  6128 W BpBinder: Slow Binder: BpBinder transact took 283 ms, interface=android.app.usage.IStorageStatsManager, code=7 oneway=false
02-22 03:23:38.852  1223  1259 I ActivityManager: Waited long enough for: ServiceRecord{bf1a8f9 u0 com.miui.powerkeeper/.statemachine.PowerStateMachineService}
02-22 03:23:38.887  1223  3620 I DropBoxManagerService: add tag=keymaster isTagEnabled=true flags=0x0
02-22 03:23:39.438  1223  1259 I ActivityManager: Waited long enough for: ServiceRecord{9c18f62 u0 com.xiaomi.powerchecker/.PowerCheckerService}
02-22 03:23:39.447  6058  6058 W Looper  : Slow Looper main: Long Msg: seq=2 plan=03:23:35.336  late=4ms wall=4106ms running=435ms runnable=44ms io=3075ms h=android.app.ActivityThread$H w=110
02-22 03:23:39.470  1223  1260 I ActivityManager: Start proc 6158:com.google.android.projection.gearhead:car/u0a178 for service {com.google.android.projection.gearhead/com.google.android.apps.auto.carservice.service.impl.GearheadCarStartupService} caller=com.google.android.apps.maps
02-22 03:23:39.970  1223  3620 W BpBinder: Slow Binder: BpBinder transact took 227 ms, interface=android.os.IInstalld, code=9 oneway=false
02-22 03:23:39.970  5123  6128 W BpBinder: Slow Binder: BpBinder transact took 229 ms, interface=android.app.usage.IStorageStatsManager, code=7 oneway=false
02-22 03:23:40.023  6058  6140 W BpBinder: Slow Binder: BpBinder transact took 290 ms, interface=com.google.android.gms.location.internal.IGoogleLocationManagerService, code=90 oneway=false
02-22 03:23:40.186  1223  1382 I AutoStartManagerService: MIUILOG- Reject service :Intent { cmp=com.duolingo/androidx.work.impl.background.systemjob.SystemJobService } userId : 0 uid : 10207 mode : 1
02-22 03:23:40.295  1223  1382 I JobServiceContext: MIUILOG- Reject Start Job, cancelJob uid : 10207 jobId :23877
02-22 03:23:40.383  1223  3421 W BpBinder: Slow Binder: BpBinder transact took 234 ms, interface=android.os.IInstalld, code=9 oneway=false
02-22 03:23:40.384  5123  6128 W BpBinder: Slow Binder: BpBinder transact took 235 ms, interface=android.app.usage.IStorageStatsManager, code=7 oneway=false
02-22 03:23:40.386  1223  3628 I ActivityManager: Killing 5449:com.google.android.dialer/u0a169 (adj 965): empty #13
02-22 03:23:40.392  1223  1713 I ActivityManager: Killing 5759:com.google.android.projection.gearhead:shared/u0a178 (adj 965): empty #13
02-22 03:23:40.416  1223  1260 I ActivityManager: Start proc 6207:com.google.android.apps.messaging/u0a186 for broadcast {com.google.android.apps.messaging/androidx.work.impl.background.systemalarm.RescheduleReceiver} caller=null
02-22 03:23:40.747  6058  6206 W BpBinder: Slow Binder: BpBinder transact took 321 ms, interface=com.google.android.gms.car.startup.IStartup, code=13 oneway=false
02-22 03:23:41.617  1223  3421 W BpBinder: Slow Binder: BpBinder transact took 856 ms, interface=android.os.IInstalld, code=9 oneway=false
02-22 03:23:41.618  5123  6128 W BpBinder: Slow Binder: BpBinder transact took 859 ms, interface=android.app.usage.IStorageStatsManager, code=7 oneway=false
02-22 03:23:41.761  6207  6207 W Looper  : Slow Looper main: Long Msg: seq=2 plan=03:23:40.471  late=2ms wall=1288ms running=399ms runnable=29ms io=806ms h=android.app.ActivityThread$H w=110
02-22 03:23:42.231  1223  1794 I ActivityManager: Killing 4359:com.xiaomi.simactivate.service/u0a148 (adj 965): empty #13
02-22 03:23:42.265  1223  1260 I ActivityManager: Start proc 6257:com.google.android.apps.setupwizard.searchselector/u0a158 for broadcast {com.google.android.apps.setupwizard.searchselector/com.google.android.apps.setupwizard.searchselector.notification.NotificationShowUpReceiver} caller=null
02-22 03:23:42.327  5123  5957 W BpBinder: Slow Binder: BpBinder transact took 6322 ms, interface=com.google.android.gms.droidguard.internal.IDroidGuardHandle, code=5 oneway=false
02-22 03:23:42.489  1223  1713 I ActivityManager: Killing 5824:com.miui.cit/1000 (adj 965): empty #13
02-22 03:23:42.507  1223  1260 I ActivityManager: Start proc 6283:com.google.android.apps.subscriptions.red/u0a182 for broadcast {com.google.android.apps.subscriptions.red/androidx.work.impl.background.systemalarm.RescheduleReceiver} caller=null
02-22 03:23:43.156  1223  1831 I ActivityManager: Killing 5844:com.android.dynsystem/1000 (adj 965): empty #13
02-22 03:23:43.175  1223  1260 I ActivityManager: Start proc 6321:com.google.android.apps.turbo/u0a172 for broadcast {com.google.android.apps.turbo/com.google.android.apps.turbo.deadline.library.BootReceiver} caller=null
02-22 03:23:43.325  5123  5957 W BpBinder: Slow Binder: BpBinder transact took 701 ms, interface=com.google.android.gms.droidguard.internal.IDroidGuardHandle, code=2 oneway=false
02-22 03:23:43.721  1223  3639 I ActivityManager: Killing 5865:com.android.managedprovisioning/u0a74 (adj 965): empty #13
02-22 03:23:43.744  1223  1260 I ActivityManager: Start proc 6347:com.google.android.apps.turbo:aab/u0a172 for broadcast {com.google.android.apps.turbo/com.google.android.libraries.smartbattery.appusage.library.BootReceiver} caller=null
02-22 03:23:44.021  1223  3603 W BpBinder: Slow Binder: BpBinder transact took 1816 ms, interface=android.os.IInstalld, code=9 oneway=false
02-22 03:23:44.021  5123  6128 W BpBinder: Slow Binder: BpBinder transact took 1818 ms, interface=android.app.usage.IStorageStatsManager, code=7 oneway=false
02-22 03:23:44.165  1223  1260 I ActivityManager: Start proc 6376:com.google.android.apps.turbo:ssb/u0a172 for broadcast {com.google.android.apps.turbo/com.google.android.libraries.smartbattery.brightness.library.BootReceiver} caller=null
02-22 03:23:44.175  1223  3421 I ActivityManager: Killing 5887:com.android.providers.calendar/u0a66 (adj 965): empty #13
02-22 03:23:44.356  1223  3506 I ActivityManager: Killing 3126:android.process.media/u0a60 (adj 965): empty #13
02-22 03:23:44.374  1223  1260 I ActivityManager: Start proc 6399:com.google.android.apps.wellbeing/u0a161 for broadcast {com.google.android.apps.wellbeing/com.google.android.apps.wellbeing.common.receiver.coalescedreceivers.BootCompletedCoalescedBroadcast_Receiver} caller=null
02-22 03:23:45.699  1223  3237 W BpBinder: Slow Binder: BpBinder transact took 241 ms, interface=android.os.IInstalld, code=9 oneway=false
02-22 03:23:45.699  5123  6128 W BpBinder: Slow Binder: BpBinder transact took 243 ms, interface=android.app.usage.IStorageStatsManager, code=7 oneway=false
02-22 03:23:46.584  1223  1246 W BpBinder: Slow Binder: BpBinder transact took 333 ms, interface=android.os.IInstalld, code=9 oneway=false
02-22 03:23:46.585  5123  6128 W BpBinder: Slow Binder: BpBinder transact took 334 ms, interface=android.app.usage.IStorageStatsManager, code=7 oneway=false
02-22 03:23:46.740  1223  3109 W PackageManager: Cannot suspend package "com.android.vending": required for package verification
02-22 03:23:46.744  1223  3109 W PackageManager: Cannot suspend package "com.google.android.apps.work.oobconfig": protected package
02-22 03:23:46.745  1223  3109 W PackageManager: Cannot suspend the platform package: android
02-22 03:23:46.754  1223  3109 W PackageManager: Cannot suspend package "com.google.android.permissioncontroller": required for permissions management
02-22 03:23:46.763  1223  3109 W PackageManager: Cannot suspend package "com.google.android.dialer": is the default dialer
02-22 03:23:46.767  1223  3109 W PackageManager: Cannot suspend package "com.google.android.packageinstaller": required for package installation
02-22 03:23:46.782  1223  3109 W PackageManager: Cannot suspend package "com.miui.home": contains the active launcher
02-22 03:23:46.923  6399  6429 W BpBinder: Slow Binder: BpBinder transact took 233 ms, interface=com.google.android.gms.contextmanager.internal.IContextManagerService, code=13 oneway=false
02-22 03:23:47.787  1223  1246 I ActivityManager: Killing 5910:com.android.traceur/u0a116 (adj 965): empty #13
02-22 03:23:47.831  1223  1260 I ActivityManager: Start proc 6455:com.google.android.apps.work.oobconfig/u0a164 for broadcast {com.google.android.apps.work.oobconfig/com.google.android.apps.work.oobconfig.BootCompletedReceiver} caller=null
02-22 03:23:48.425  1223  1859 I ActivityManager: Killing 6058:com.google.android.apps.maps/u0a195 (adj 965): empty #13
02-22 03:23:48.724  1223  3614 I ActivityManager: Killing 5994:com.facebook.services/u0a90 (adj 965): empty #13
02-22 03:23:48.751  1223  1260 I ActivityManager: Start proc 6480:com.google.android.calendar/u0a192 for broadcast {com.google.android.calendar/com.google.android.apps.calendar.sync.SyncOnUnlockReceiver} caller=null
02-22 03:23:48.809  1223  3389 I ActivityManager: Killing 5935:com.facebook.appmanager/u0a123 (adj 955): empty #13
02-22 03:23:48.810  1223  3389 I ActivityManager: Killing 6023:com.facebook.system/u0a83 (adj 965): empty #14
02-22 03:23:49.673  1223  1260 I ActivityManager: Start proc 6512:com.android.providers.calendar/u0a66 for content provider {com.android.providers.calendar/com.android.providers.calendar.CalendarProvider2} caller=com.google.android.calendar
02-22 03:23:50.095  6480  6480 W Looper  : Slow Looper main: Long Msg: seq=2 plan=03:23:48.807  late=1ms wall=1286ms running=424ms runnable=34ms io=695ms h=android.app.ActivityThread$H w=110
02-22 03:23:50.308  6480  6507 W BpBinder: Slow Binder: BpBinder transact took 674 ms, interface=android.app.IActivityManager, code=20 oneway=false
02-22 03:23:51.044  1223  1317 I ActivityManager: Killing 6257:com.google.android.apps.setupwizard.searchselector/u0a158 (adj 955): empty #13
02-22 03:23:51.045  1223  1317 I ActivityManager: Killing 6158:com.google.android.projection.gearhead:car/u0a178 (adj 965): empty #14
02-22 03:23:51.064  1223  1260 I ActivityManager: Start proc 6609:com.google.android.configupdater/u0a157 for broadcast {com.google.android.configupdater/com.google.android.configupdater.MainReceiver} caller=null
02-22 03:23:51.427  1223  1317 I ActivityManager: Killing 6283:com.google.android.apps.subscriptions.red/u0a182 (adj 955): empty #13
02-22 03:23:51.449  1223  1260 I ActivityManager: Start proc 6652:com.google.android.contacts/u0a185 for broadcast {com.google.android.contacts/androidx.work.impl.background.systemalarm.RescheduleReceiver} caller=null
02-22 03:23:51.695  1223  3604 I ActivityManager: Killing 5550:android.process.acore/u0a56 (adj 965): empty #13
02-22 03:23:52.204  1223  1260 I ActivityManager: Start proc 6690:android.process.acore/u0a56 for content provider {com.android.providers.contacts/com.android.providers.contacts.ContactsProvider2} caller=com.google.android.contacts
02-22 03:23:52.378  1223  3604 I ActivityManager: Killing 6321:com.google.android.apps.turbo/u0a172 (adj 965): empty #13
02-22 03:23:52.401  1223  1260 I ActivityManager: Start proc 6708:com.google.android.dialer/u0a169 for broadcast {com.google.android.dialer/com.google.android.libraries.notifications.platform.entrypoints.restart.RestartReceiver} caller=null
02-22 03:23:52.436  6652  6673 W BpBinder: Slow Binder: BpBinder transact took 246 ms, interface=com.google.android.gms.common.internal.IGmsServiceBroker, code=46 oneway=false
02-22 03:23:53.025  6652  6676 W BpBinder: Slow Binder: BpBinder transact took 846 ms, interface=android.app.IActivityManager, code=20 oneway=false
02-22 03:23:53.452  6690  6738 W BpBinder: Slow Binder: BpBinder transact took 412 ms, interface=miui.telephony.IMiuiTelephony, code=10 oneway=false
02-22 03:23:53.820  6652  6676 W BpBinder: Slow Binder: BpBinder transact took 794 ms, interface=android.content.IContentProvider, code=1 oneway=false
02-22 03:23:54.329  6207  6250 W BpBinder: Slow Binder: BpBinder transact took 359 ms, interface=android.content.IContentProvider, code=1 oneway=false
02-22 03:23:54.359  6652  6673 W BpBinder: Slow Binder: BpBinder transact took 400 ms, interface=com.google.android.gms.people.contactssync.internal.IContactsSyncService, code=201202 oneway=false
02-22 03:23:54.615  6708  6708 W Looper  : Slow Looper main: Long Msg: seq=2 plan=03:23:52.447  late=2ms wall=2152ms running=399ms runnable=44ms io=1510ms h=android.app.ActivityThread$H w=110
02-22 03:23:54.924  1223  1260 I ActivityManager: Start proc 6766:com.google.android.projection.gearhead:provider/u0a178 for content provider {com.google.android.projection.gearhead/com.google.android.apps.auto.components.projectionstate.ProjectionStateProvider} caller=com.google.android.dialer
02-22 03:23:55.815  6708  6763 W BpBinder: Slow Binder: BpBinder transact took 937 ms, interface=android.app.IActivityManager, code=20 oneway=false
02-22 03:23:55.850  1223  3604 I ActivityManager: Killing 6347:com.google.android.apps.turbo:aab/u0a172 (adj 955): empty #13
02-22 03:23:55.959  1223  1260 I ActivityManager: Start proc 6793:com.google.android.gm/u0a187 for broadcast {com.google.android.gm/com.google.android.gm.GoogleMailDeviceStartupReceiver} caller=null
02-22 03:23:56.579  1223  3389 I ActivityManager: Killing 6399:com.google.android.apps.wellbeing/u0a161 (adj 955): empty #13
02-22 03:23:56.580  1223  3389 I ActivityManager: Killing 6376:com.google.android.apps.turbo:ssb/u0a172 (adj 955): empty #14
02-22 03:23:57.704  6793  6793 W Looper  : Slow Looper main: Long Msg: seq=2 plan=03:23:56.015  late=2ms wall=1686ms running=447ms runnable=84ms io=928ms reclaim=9ms h=android.app.ActivityThread$H w=110
02-22 03:23:58.278  1223  1246 I ActivityManager: Process com.google.android.apps.work.oobconfig (pid 6455) has died: cch+55 CEM 
02-22 03:23:58.490  1223  3639 I ActivityManager: Process com.google.android.gms.unstable (pid 5960) has died: cch+55 CEM 
02-22 03:23:58.862  6793  6833 W BpBinder: Slow Binder: BpBinder transact took 376 ms, interface=android.content.IContentProvider, code=1 oneway=false
02-22 03:23:58.942  1223  1317 I ActivityManager: Process com.google.android.calendar (pid 6480) has died: cch+65 CEM 
02-22 03:23:59.148  1223  1859 I ActivityManager: Process com.android.vending (pid 5123) has died: cch+75 CEM 
02-22 03:23:59.664  1223  1246 I ActivityManager: Process com.android.vending:background (pid 5599) has died: cch+75 CEM 
02-22 03:24:00.353  2094  2170 W BpBinder: Slow Binder: BpBinder transact took 228 ms, interface=com.google.android.gms.common.internal.IGmsServiceBroker, code=46 oneway=false
02-22 03:24:00.551  1223  1246 I ActivityManager: Process com.android.providers.calendar (pid 6512) has died: cch+65 CEM 
02-22 03:24:01.041  1223  3630 I ActivityManager: Process com.google.android.configupdater (pid 6609) has died: cch+55 CEM 
02-22 03:24:01.667  1223  1317 I ActivityManager: Process com.google.android.contacts (pid 6652) has died: cch+55 CEM 
02-22 03:24:01.715  1223  1258 W ProcessCpuTracker: Failed to stat(/proc/6652): android.system.ErrnoException: stat failed: ENOENT (No such file or directory)
02-22 03:24:01.716  1223  1258 W ProcessCpuTracker: Skipping unknown process pid 6652
02-22 03:24:02.074  2964  3226 W MiuiPerfServiceClient: interceptAndQueuing:1424|com.android.systemui|972|962|unknown|null|StatusBar|952643760441|Slow issue draw commands|2
02-22 03:24:02.809  1223  1260 I ActivityManager: Start proc 7014:com.google.android.onetimeinitializer/u0a163 for broadcast {com.google.android.onetimeinitializer/com.google.android.onetimeinitializer.OneTimeInitializerReceiver} caller=null
02-22 03:24:02.953  1223  3639 I ActivityManager: Killing 6207:com.google.android.apps.messaging/u0a186 (adj 915): 87259k from cached
02-22 03:24:02.998  1223  3639 W ActivityManager: Scheduling restart of crashed service com.google.android.apps.messaging/.shared.datamodel.action.execution.ActionExecutorImpl$EmptyService in 1000ms
02-22 03:24:03.391  1223  1260 I ActivityManager: Start proc 7068:com.google.android.packageinstaller/u0a87 for broadcast {com.google.android.packageinstaller/com.android.packageinstaller.TemporaryFileManager} caller=null
02-22 03:24:03.608  1223  1260 I ActivityManager: Start proc 7095:com.google.android.partnersetup/u0a160 for broadcast {com.google.android.partnersetup/com.google.android.partnersetup.BootReceiver} caller=null
02-22 03:24:03.639  1223  3620 I ActivityManager: Process android.process.acore (pid 6690) has died: cch+55 CEM 
02-22 03:24:04.020  1223  1260 I ActivityManager: Start proc 7130:com.google.android.apps.messaging/u0a186 for service {com.google.android.apps.messaging/com.google.android.apps.messaging.shared.datamodel.action.execution.ActionExecutorImpl$EmptyService} caller=com.google.android.apps.messaging
02-22 03:24:04.472  1223  3485 I ActivityManager: Process com.google.android.projection.gearhead:provider (pid 6766) has died: cch+55 CEM 
02-22 03:24:04.525  1223  1260 I ActivityManager: Start proc 7172:com.google.android.permissioncontroller/u0a88 for broadcast {com.google.android.permissioncontroller/com.android.packageinstaller.permission.service.LocationAccessCheck$SetupPeriodicBackgroundLocationAccessCheck} caller=null
02-22 03:24:05.075  1223  1260 I ActivityManager: Start proc 7197:com.google.android.projection.gearhead:shared/u0a178 for broadcast {com.google.android.projection.gearhead/com.google.android.apps.auto.components.permission.impl.RecordPermissionsReceiver} caller=null
02-22 03:24:05.102  1223  3388 I ActivityManager: Process com.google.android.dialer (pid 6708) has died: cch+55 CEM 
02-22 03:24:05.499  2406  7063 W ActivityThread: ClassLoader.getResources: The class loader returned by Thread.getContextClassLoader() may fail for processes that host multiple applications. You should explicitly specify a context class loader. For example: Thread.setContextClassLoader(getClass().getClassLoader());
02-22 03:24:05.652  1223  3613 I ActivityManager: Process com.google.android.gm (pid 6793) has died: cch+45 CEM 
02-22 03:24:05.782  2406  2406 W Looper  : Slow Looper main: Long Msg: seq=395 plan=03:24:04.185  late=0ms wall=1596ms running=31ms runnable=6ms io=91ms h=android.app.ActivityThread$H w=114
02-22 03:24:05.861  1223  1260 I ActivityManager: Start proc 7237:com.android.vending/u0a165 for service {com.android.vending/com.google.android.finsky.contentfilterui.ContentFiltersService} caller=com.google.android.gms
02-22 03:24:05.975  2406  7063 W BpBinder: Slow Binder: BpBinder transact took 243 ms, interface=com.android.internal.widget.ILockSettings, code=26 oneway=false
02-22 03:24:06.047  7130  7130 W BpBinder: Slow Binder: BpBinder transact took 259 ms, interface=android.ui.ISurfaceComposer, code=4 oneway=false
02-22 03:24:06.185  7130  7130 W Looper  : Slow Looper main: Long Msg: seq=2 plan=03:24:04.074  late=4ms wall=2107ms running=354ms runnable=43ms io=1361ms h=android.app.ActivityThread$H w=110
02-22 03:24:06.269  2406  2406 W QueuedWork: Slow Operation: QueueWork waitToFinish took 107ms
02-22 03:24:06.444  7197  7197 W Looper  : Slow Looper main: Long Msg: seq=2 plan=03:24:05.116  late=3ms wall=1323ms running=222ms runnable=23ms io=995ms h=android.app.ActivityThread$H w=110
02-22 03:24:06.547  1223  1251 W FileUtils: Slow Operation: fsync took 120ms
02-22 03:24:06.561  1223  1260 I ActivityManager: Start proc 7280:com.google.android.projection.gearhead:car/u0a178 for broadcast {com.google.android.projection.gearhead/com.google.android.apps.auto.carservice.frx.FrxReceiver} caller=null
02-22 03:24:06.610  1223  3485 I ActivityManager: Process com.google.android.onetimeinitializer (pid 7014) has died: cch+55 CEM 
02-22 03:24:06.819  1223  1260 I ActivityManager: Start proc 7307:com.google.process.gapps/u0a189 for broadcast {com.google.android.syncadapters.contacts/com.google.android.syncadapters.contacts.ContactsSyncAdapterBroadcastReceiver} caller=null
02-22 03:24:06.841  1223  3604 I ActivityManager: Process com.google.android.packageinstaller (pid 7068) has died: cch+55 CEM 
02-22 03:24:07.240  1223  1260 I ActivityManager: Start proc 7340:com.google.android.gms.unstable/u0a177 for service {com.google.android.gms/com.google.android.gms.droidguard.DroidGuardService} caller=com.google.android.gms
02-22 03:24:08.099  7237  7237 W Looper  : Slow Looper main: Long Msg: seq=2 plan=03:24:05.914  late=3ms wall=2179ms running=263ms runnable=36ms io=1643ms h=android.app.ActivityThread$H w=110
02-22 03:24:08.472  7237  7399 W FileUtils: Slow Operation: fsync took 135ms
02-22 03:24:08.509  1223  1260 I ActivityManager: Start proc 7403:com.google.android.tts/u0a180 for broadcast {com.google.android.tts/androidx.work.impl.background.systemalarm.RescheduleReceiver} caller=null
02-22 03:24:09.142  7340  7340 W Looper  : Slow Looper main: Long Msg: seq=2 plan=03:24:07.272  late=3ms wall=1867ms running=409ms runnable=39ms io=1072ms h=android.app.ActivityThread$H w=110
02-22 03:24:09.220  1223  3604 I ActivityManager: Process com.google.android.googlequicksearchbox:search (pid 3177) has died: cch+55 CEM 
02-22 03:24:09.723  7403  7403 W Looper  : Slow Looper main: Long Msg: seq=2 plan=03:24:08.555  late=2ms wall=1165ms running=216ms runnable=66ms io=840ms h=android.app.ActivityThread$H w=110
02-22 03:24:09.831  1223  1252 W Looper  : Slow Looper android.display: Long Msg: seq=914 plan=03:24:08.197  late=0ms wall=1634ms running=54ms runnable=12ms io=400ms h=com.android.server.input.InputManagerService$InputManagerHandler c=android.app.-$$Lambda$LoadedApk$ReceiverDispatcher$Args$_BumDX2UKsnxLVrE6UJsJZkotuA
02-22 03:24:10.135  1223  1260 I ActivityManager: Start proc 7488:com.google.android.youtube/u0a190 for broadcast {com.google.android.youtube/com.google.android.libraries.youtube.mdx.background.MdxBackgroundScanBootReceiver} caller=null
02-22 03:24:10.154  1223  3237 I ActivityManager: Process com.google.android.permissioncontroller (pid 7172) has died: cch+45 CEM 
02-22 03:24:10.514  2406  3801 W BpBinder: Slow Binder: BpBinder transact took 1048 ms, interface=com.google.android.gms.droidguard.internal.IDroidGuardHandle, code=5 oneway=false
02-22 03:24:10.725  1223  1223 W Looper  : Slow Looper main: Long Msg: seq=4527 plan=03:24:08.193  late=1ms wall=2531ms running=122ms runnable=5ms io=828ms h=android.app.ActivityThread$H c=android.app.-$$Lambda$LoadedApk$ReceiverDispatcher$Args$_BumDX2UKsnxLVrE6UJsJZkotuA
02-22 03:24:10.725  1223  1223 W Looper  : Slow dispatch took 2531ms main h=android.app.ActivityThread$H c=android.app.-$$Lambda$LoadedApk$ReceiverDispatcher$Args$_BumDX2UKsnxLVrE6UJsJZkotuA@ef170e0 m=0
02-22 03:24:10.726  1223  1223 W Looper  : Slow delivery took 2533ms main h=android.app.ActivityThread$H c=android.app.-$$Lambda$LoadedApk$ReceiverDispatcher$Args$_BumDX2UKsnxLVrE6UJsJZkotuA@a717f99 m=0
02-22 03:24:11.331  2406  3801 W BpBinder: Slow Binder: BpBinder transact took 256 ms, interface=com.google.android.gms.droidguard.internal.IDroidGuardHandle, code=5 oneway=false
02-22 03:24:11.351  7488  7488 W Looper  : Slow Looper main: Long Msg: seq=2 plan=03:24:10.186  late=5ms wall=1159ms running=294ms runnable=31ms io=744ms h=android.app.ActivityThread$H w=110
02-22 03:24:11.971  2406  3801 W BpBinder: Slow Binder: BpBinder transact took 268 ms, interface=com.google.android.gms.droidguard.internal.IDroidGuardHandle, code=5 oneway=false
02-22 03:24:12.394  7488  7488 W Looper  : Slow Looper main: Long Msg: seq=4 plan=03:24:10.200  late=1151ms wall=1042ms running=41ms runnable=25ms io=171ms h=android.app.ActivityThread$H w=113
02-22 03:24:12.846  2406  3801 W BpBinder: Slow Binder: BpBinder transact took 298 ms, interface=com.google.android.gms.droidguard.internal.IDroidGuardHandle, code=5 oneway=false
02-22 03:24:12.881  1223  1259 W BroadcastQueue: Permission Denial: broadcasting Intent { act=android.net.conn.CONNECTIVITY_CHANGE flg=0x4200010 (has extras) } from null (pid=-1, uid=-1) requires com.google.android.youtube.DYNAMIC_RECEIVER_NOT_EXPORTED_PERMISSION due to registered receiver BroadcastFilter{be4ea69 10190/u0 ReceiverList{4d784f0 7488 com.google.android.youtube/10190/u0 remote:df76933}}
02-22 03:24:13.599  1223  1260 I ActivityManager: Start proc 7663:android.process.acore/u0a56 for content provider {com.android.providers.contacts/com.android.providers.contacts.ContactsProvider2} caller=com.google.android.gms
02-22 03:24:13.727  1223  3638 I ActivityManager: Process com.google.android.projection.gearhead:shared (pid 7197) has died: cch+55 CEM 
02-22 03:24:14.093  1223  3388 W ActivityManager: Unable to start service Intent { act=com.google.android.gms.lockbox.service.START pkg=com.google.android.gms } U=0: not found
02-22 03:24:14.094  1223  3388 W ActivityManager: Unbind failed: could not find connection for android.os.BinderProxy@4acf7ed
02-22 03:24:14.126  2406  3801 W BpBinder: Slow Binder: BpBinder transact took 346 ms, interface=com.google.android.gms.droidguard.internal.IDroidGuardHandle, code=5 oneway=false
02-22 03:24:14.519  1223  1260 I ActivityManager: Start proc 7692:com.mediatek.engineermode/1001 for broadcast {com.mediatek.engineermode/com.mediatek.engineermode.boot.EmBootupReceiver} caller=null
02-22 03:24:15.761  1223  3237 W BroadcastQueue: Permission Denial: receiving Intent { act=android.intent.action.BOOT_COMPLETED flg=0x89000010 (has extras) } to com.mi.globalbrowser/androidx.work.impl.background.systemalarm.RescheduleReceiver requires android.permission.RECEIVE_BOOT_COMPLETED due to sender null (uid 1000)
02-22 03:24:15.787  1223  1260 I ActivityManager: Start proc 7737:com.miui.analytics/u0a94 for broadcast {com.miui.analytics/com.miui.analytics.AnalyticsReceiver} caller=null
02-22 03:24:16.334  1223  1260 I ActivityManager: Start proc 7777:com.miui.bugreport/1000 for broadcast {com.miui.bugreport/com.miui.bugreport.receiver.BugreportBootCompletedReceiver} caller=null
02-22 03:24:16.546  1223  1252 W Looper  : Slow Looper android.display: Long Msg: seq=915 plan=03:24:14.998  late=0ms wall=1548ms running=49ms runnable=10ms io=479ms h=com.android.server.input.InputManagerService$InputManagerHandler c=android.app.-$$Lambda$LoadedApk$ReceiverDispatcher$Args$_BumDX2UKsnxLVrE6UJsJZkotuA
02-22 03:24:16.742  7663  7663 W BpBinder: Slow Binder: BpBinder transact took 957 ms, interface=com.android.internal.view.IInputMethodManager, code=1 oneway=false
02-22 03:24:17.242  7488  7556 W BpBinder: Slow Binder: BpBinder transact took 435 ms, interface=com.google.android.auth.IAuthManagerService, code=9 oneway=false
02-22 03:24:17.243  7488  7584 W BpBinder: Slow Binder: BpBinder transact took 458 ms, interface=com.google.android.auth.IAuthManagerService, code=9 oneway=false
02-22 03:24:17.243  7488  7548 W BpBinder: Slow Binder: BpBinder transact took 456 ms, interface=com.google.android.auth.IAuthManagerService, code=9 oneway=false
02-22 03:24:17.240  7488  7581 W BpBinder: Slow Binder: BpBinder transact took 208 ms, interface=com.google.android.auth.IAuthManagerService, code=9 oneway=false
02-22 03:24:17.254  7488  7557 W BpBinder: Slow Binder: BpBinder transact took 450 ms, interface=com.google.android.auth.IAuthManagerService, code=9 oneway=false
02-22 03:24:17.352  2406  7656 W BpBinder: Slow Binder: BpBinder transact took 3791 ms, interface=android.app.IActivityManager, code=20 oneway=false
02-22 03:24:17.369  7663  7663 W Looper  : Slow Looper main: Long Msg: seq=2 plan=03:24:13.914  late=26ms wall=3428ms running=351ms runnable=33ms io=1863ms h=android.app.ActivityThread$H w=110
02-22 03:24:17.672  7737  7822 W FileUtils: Slow Operation: fsync took 273ms
02-22 03:24:17.775  2406  7656 W BpBinder: Slow Binder: BpBinder transact took 423 ms, interface=android.content.IContentProvider, code=1 oneway=false
02-22 03:24:17.806  2406  7062 W BpBinder: Slow Binder: BpBinder transact took 207 ms, interface=android.content.IContentProvider, code=1 oneway=false
02-22 03:24:17.959  1223  1259 I ActivityManager: Waited long enough for: ServiceRecord{9b8c2e7 u0 com.google.android.apps.messaging/.shared.datamodel.action.execution.ActionExecutorImpl$EmptyService}
02-22 03:24:17.978  2406  7624 W BpBinder: Slow Binder: BpBinder transact took 618 ms, interface=android.content.IContentProvider, code=1 oneway=false
02-22 03:24:18.546  7777  7777 W Looper  : Slow Looper main: Long Msg: seq=2 plan=03:24:17.254  late=11ms wall=1280ms running=175ms runnable=38ms io=986ms h=android.app.ActivityThread$H w=110
02-22 03:24:18.615  1223  1260 I ActivityManager: Start proc 7856:com.miui.cloudbackup/u0a75 for broadcast {com.miui.cloudbackup/com.miui.cloudbackup.receiver.BootCompletedOrLauncherReadyReceiver} caller=null
02-22 03:24:18.677  1223  1249 W Looper  : Slow delivery took 214ms android.fg h=android.os.Handler c=<recycled PooledLambda@39e89ec> m=0
02-22 03:24:18.724  7663  7826 W BpBinder: Slow Binder: BpBinder transact took 713 ms, interface=miui.telephony.IMiuiTelephony, code=10 oneway=false
02-22 03:24:19.046  1223  1249 W Looper  : Drained
02-22 03:24:19.123  1223  1223 W Looper  : Slow Looper main: Long Msg: seq=4536 plan=03:24:08.195  late=2572ms wall=8355ms running=228ms runnable=14ms io=2665ms h=android.app.ActivityThread$H c=android.app.-$$Lambda$LoadedApk$ReceiverDispatcher$Args$_BumDX2UKsnxLVrE6UJsJZkotuA
02-22 03:24:19.123  1223  1223 W Looper  : Slow dispatch took 8355ms main h=android.app.ActivityThread$H c=android.app.-$$Lambda$LoadedApk$ReceiverDispatcher$Args$_BumDX2UKsnxLVrE6UJsJZkotuA@58ab35a m=0
02-22 03:24:19.149  1223  1223 I Telecom : DefaultDialerCache: Refreshing default dialer for user 0: now com.google.android.dialer: DDC.oR@AB8
02-22 03:24:19.169  1223  1223 W Looper  : Slow Looper main: doFrame is 8432ms late because of 31 msg, msg 6 took 8355ms (seq=4536 running=228ms runnable=14ms io=2665ms late=2572ms h=android.app.ActivityThread$H c=android.app.-$$Lambda$LoadedApk$ReceiverDispatcher$Args$_BumDX2UKsnxLVrE6UJsJZkotuA)
02-22 03:24:19.214  7237  7255 W BpBinder: Slow Binder: BpBinder transact took 10421 ms, interface=com.google.android.auth.IAuthManagerService, code=6 oneway=false
02-22 03:24:19.217  7237  7433 W BpBinder: Slow Binder: BpBinder transact took 9883 ms, interface=com.google.android.auth.IAuthManagerService, code=6 oneway=false
02-22 03:24:19.556  7403  7472 W BpBinder: Slow Binder: BpBinder transact took 352 ms, interface=android.content.IContentProvider, code=1 oneway=false
02-22 03:24:19.938  2406  2473 W BpBinder: Slow Binder: BpBinder transact took 11533 ms, interface=com.android.vending.contentfilters.IContentFiltersService, code=1 oneway=false
02-22 03:24:19.938  2094  7451 W BpBinder: Slow Binder: BpBinder transact took 10627 ms, interface=com.android.vending.contentfilters.IContentFiltersService, code=1 oneway=false
02-22 03:24:19.941  7856  7856 W Looper  : Slow Looper main: Long Msg: seq=2 plan=03:24:18.656  late=6ms wall=1278ms running=184ms runnable=23ms io=992ms h=android.app.ActivityThread$H w=110
02-22 03:24:19.960  7488  7770 W BpBinder: Slow Binder: BpBinder transact took 515 ms, interface=com.google.android.gms.measurement.internal.IMeasurementService, code=11 oneway=false
02-22 03:24:20.281  1223  1260 I ActivityManager: Start proc 7933:com.miui.core/u0a139 for broadcast {com.miui.core/com.miui.internal.server.Receiver} caller=null
02-22 03:24:20.335  2406  2406 W QueuedWork: Slow Operation: QueueWork waitToFinish took 176ms
02-22 03:24:20.875  1223  1223 W Looper  : Slow Looper main: Long Msg: seq=4592 plan=03:24:14.997  late=4184ms wall=1695ms running=111ms runnable=4ms io=959ms h=android.app.ActivityThread$H c=android.app.-$$Lambda$LoadedApk$ReceiverDispatcher$Args$_BumDX2UKsnxLVrE6UJsJZkotuA
02-22 03:24:20.875  1223  1223 W Looper  : Slow dispatch took 1695ms main h=android.app.ActivityThread$H c=android.app.-$$Lambda$LoadedApk$ReceiverDispatcher$Args$_BumDX2UKsnxLVrE6UJsJZkotuA@97ae839 m=0
02-22 03:24:20.929  1223  3614 W BroadcastQueueInjector: Unable to launch app com.miui.gallery/10092 for broadcast Intent { act=android.intent.action.BOOT_COMPLETED flg=0x89000010 (has extras) }: process is not permitted to  auto start
02-22 03:24:21.132  1223  1260 I ActivityManager: Start proc 7965:com.miui.notes:remote/u0a120 for broadcast {com.miui.notes/com.miui.notes.ui.AlarmReceiver} caller=null
02-22 03:24:21.235  1223  1260 I ActivityManager: Start proc 7988:com.android.vending:background/u0a165 for service {com.android.vending/com.google.frameworks.client.data.android.server.play.BackgroundProcessEndpointService} caller=com.android.vending
02-22 03:24:22.263  7965  7965 W Looper  : Slow Looper main: Long Msg: seq=2 plan=03:24:21.204  late=2ms wall=1053ms running=190ms runnable=40ms io=655ms h=android.app.ActivityThread$H w=110
