--------- beginning of system
02-22 03:08:11.997   398   398 I vold    : Vold 3.0 (the awakening) firing up
02-22 03:08:12.004   398   398 W vold    : Failed to LOOP_GET_STATUS64 /dev/block/loop4: No such device or address
02-22 03:08:12.004   398   398 W vold    : Failed to LOOP_GET_STATUS64 /dev/block/loop11: No such device or address
02-22 03:08:12.004   398   398 W vold    : Failed to LOOP_GET_STATUS64 /dev/block/loop3: No such device or address
02-22 03:08:12.004   398   398 W vold    : Failed to LOOP_GET_STATUS64 /dev/block/loop5: No such device or address
02-22 03:08:12.004   398   398 W vold    : Failed to LOOP_GET_STATUS64 /dev/block/loop10: No such device or address
02-22 03:08:12.004   398   398 W vold    : Failed to LOOP_GET_STATUS64 /dev/block/loop9: No such device or address
02-22 03:08:12.004   398   398 W vold    : Failed to LOOP_GET_STATUS64 /dev/block/loop2: No such device or address
02-22 03:08:12.004   398   398 W vold    : Failed to LOOP_GET_STATUS64 /dev/block/loop6: No such device or address
02-22 03:08:12.004   398   398 W vold    : Failed to LOOP_GET_STATUS64 /dev/block/loop7: No such device or address
02-22 03:08:12.004   398   398 W vold    : Failed to LOOP_GET_STATUS64 /dev/block/loop14: No such device or address
02-22 03:08:12.004   398   398 W vold    : Failed to LOOP_GET_STATUS64 /dev/block/loop13: No such device or address
02-22 03:08:12.004   398   398 W vold    : Failed to LOOP_GET_STATUS64 /dev/block/loop12: No such device or address
02-22 03:08:12.004   398   398 W vold    : Failed to LOOP_GET_STATUS64 /dev/block/loop8: No such device or address
02-22 03:08:12.004   398   398 W vold    : Failed to LOOP_GET_STATUS64 /dev/block/loop15: No such device or address
02-22 03:08:13.214   398   398 I Checkpoint: cp_prepareCheckpoint called
02-22 03:08:13.236   398   398 I vold    : fscrypt_initialize_systemwide_keys
02-22 03:08:13.738   398   398 I vold    : List of Keymaster HALs found:
02-22 03:08:13.738   398   398 I vold    : Keymaster HAL #1: BeanpodwareKeymasterDevice from Beanpod SecurityLevel: TRUSTED_ENVIRONMENT HAL: android.hardware.keymaster@4.0::IKeymasterDevice/default
02-22 03:08:13.756   398   398 I vold    : Using BeanpodwareKeymasterDevice from Beanpod for encryption.  Security level: TRUSTED_ENVIRONMENT, HAL: android.hardware.keymaster@4.0::IKeymasterDevice/default
02-22 03:08:13.761   398   398 I vold    : Wrote system DE key reference to:/data/unencrypted/ref
02-22 03:08:13.762   398   398 I vold    : Wrote per boot key reference to:/data/unencrypted/per_boot_ref
02-22 03:08:13.765   465   465 W BpBinder: Slow Binder: BpBinder transact took 529 ms, interface=android.os.IVold, code=45 oneway=false
02-22 03:08:14.258   398   398 I vold    : List of Keymaster HALs found:
02-22 03:08:14.258   398   398 I vold    : Keymaster HAL #1: BeanpodwareKeymasterDevice from Beanpod SecurityLevel: TRUSTED_ENVIRONMENT HAL: android.hardware.keymaster@4.0::IKeymasterDevice/default
02-22 03:08:14.258   398   398 I vold    : Using BeanpodwareKeymasterDevice from Beanpod for encryption.  Security level: TRUSTED_ENVIRONMENT, HAL: android.hardware.keymaster@4.0::IKeymasterDevice/default
02-22 03:08:14.265   398   398 I vold    : Found policy 6eebcd45f90682e5 at /data/system_de/0 which matches expected value
02-22 03:08:14.265   398   398 I vold    : Found policy 6eebcd45f90682e5 at /data/misc_de/0 which matches expected value
02-22 03:08:14.265   398   398 I vold    : Found policy 6eebcd45f90682e5 at /data/vendor_de/0 which matches expected value
02-22 03:08:14.267   398   398 I vold    : Found policy 6eebcd45f90682e5 at /data/user_de/0 which matches expected value
02-22 03:08:14.849   398   403 I vold    : Found disk at /devices/platform/externdevice/mmc_host/mmc1/mmc1:0001/block/mmcblk1 but delaying scan due to secure keyguard
02-22 03:08:15.466   580   580 E BootLogoUpdater: [boot_logo_updater]fail to open: /sys/class/BOOT/BOOT/boot/boot_mode
02-22 03:08:15.466   580   580 E BootLogoUpdater: [boot_logo_updater]update boot reason = 0, ret = 0
02-22 03:08:15.898   673   673 I installd: installd firing up
02-22 03:08:16.175   688   688 I wificond: wificond is starting up...
02-22 03:08:18.533   589   664 W EventThreadInspector: slow VSync-sf on display(0), count=1, avg=381 ms, max=381 ms.
02-22 03:08:21.614   687   869 E storaged: getService package_native failed
02-22 03:08:21.616   687   869 I storaged: storaged: Start
02-22 03:08:23.137  1223  1223 I SystemServer: InitBeforeStartServices
02-22 03:08:23.141  1223  1223 I SystemServer: Entered the Android system server!
02-22 03:08:23.588  1223  1223 I SystemServer: StartServices
02-22 03:08:23.588  1223  1223 I SystemServer: StartWatchdog
02-22 03:08:23.595  1223  1223 I SystemServer: Reading configuration...
02-22 03:08:23.595  1223  1223 I SystemServer: ReadingSystemConfig
02-22 03:08:23.596  1223  1223 I SystemServer: StartInstaller
02-22 03:08:23.596  1223  1223 I SystemServiceManager: Starting com.android.server.pm.Installer
02-22 03:08:23.613  1223  1223 I SystemServer: DeviceIdentifiersPolicyService
02-22 03:08:23.613  1223  1223 I SystemServiceManager: Starting com.android.server.os.DeviceIdentifiersPolicyService
02-22 03:08:23.615  1223  1223 I SystemServer: UriGrantsManagerService
02-22 03:08:23.615  1223  1223 I SystemServiceManager: Starting com.android.server.uri.UriGrantsManagerService$Lifecycle
02-22 03:08:23.617  1223  1223 I SystemServer: StartActivityManager
02-22 03:08:23.617  1223  1223 I SystemServiceManager: Starting com.android.server.wm.ActivityTaskManagerService$Lifecycle
02-22 03:08:23.664  1223  1223 I SystemServiceManager: Starting com.android.server.am.ActivityManagerService$Lifecycle
02-22 03:08:23.682  1223  1257 I SystemConfig: Non-xml file /system/etc/permissions/pms_sysapp_removable_system_list.txt in /system/etc/permissions directory, ignoring
02-22 03:08:23.682  1223  1257 I SystemConfig: Non-xml file /system/etc/permissions/pms_sysapp_removable_vendor_list.txt in /system/etc/permissions directory, ignoring
02-22 03:08:23.741  1223  1223 W ActivityManager: Override mOomMinFree with: 73728,92160,110592,129024,276040,402560
02-22 03:08:23.744  1223  1223 I ActivityManager: Memory class: 256
02-22 03:08:23.755  1223  1223 I PackageWatchdog: Updated health check state for package com.google.android.tzdata: INACTIVE -> PASSED
02-22 03:08:23.792  1223  1257 W SystemConfig: No directory /product_services/etc/sysconfig, skipping
02-22 03:08:23.792  1223  1257 W SystemConfig: No directory /product_services/etc/permissions, skipping
02-22 03:08:23.806  1223  1264 E BatteryExternalStatsWorker: no controller energy info supplied for telephony
02-22 03:08:23.811  1223  1264 I KernelCpuUidFreqTimeReader: mPerClusterTimesAvailable=false
02-22 03:08:23.821  1223  1264 W KernelMemoryBandwidthStats: No kernel memory bandwidth stats available
02-22 03:08:23.951  1223  1223 I IntentFirewall: Read new rules (A:0 B:0 S:0)
02-22 03:08:23.989  1223  1223 I AnrManager: startAnrManagerService
02-22 03:08:24.101  1223  1223 I AnrManager: prepareStackTraceFile: 
02-22 03:08:24.101  1223  1223 W SystemServiceManager: Service com.android.server.am.ActivityManagerService$Lifecycle took 122 ms in onStart
02-22 03:08:24.101  1223  1223 I SystemServer: StartPowerManager
02-22 03:08:24.101  1223  1223 I SystemServiceManager: Starting com.android.server.power.PowerManagerService
02-22 03:08:24.111  1223  1223 I SystemServer: StartThermalManager
02-22 03:08:24.111  1223  1223 I SystemServiceManager: Starting com.android.server.power.ThermalManagerService
02-22 03:08:24.112  1223  1223 I SystemServer: InitPowerManagement
02-22 03:08:24.114  1223  1223 I SystemServer: StartRecoverySystemService
02-22 03:08:24.114  1223  1223 I SystemServiceManager: Starting com.android.server.RecoverySystemService
02-22 03:08:24.116  1223  1223 W RescueParty: Noticed 1 events for UID 0 in last 15 sec
02-22 03:08:24.116  1223  1223 I SystemServer: StartLightsService
02-22 03:08:24.116  1223  1223 I SystemServiceManager: Starting com.android.server.lights.MiuiLightsService
02-22 03:08:24.126  1223  1223 I SystemServer: StartSidekickService
02-22 03:08:24.126  1223  1223 I SystemServer: StartDisplayManager
02-22 03:08:24.126  1223  1223 I SystemServiceManager: Starting com.android.server.display.DisplayManagerService
02-22 03:08:24.133  1223  1223 I SystemServer: WaitForDisplay
02-22 03:08:24.133  1223  1223 I SystemServiceManager: Starting phase 100
02-22 03:08:24.136  1223  1252 I DisplayManagerService: Display device added: DisplayDeviceInfo{"Pantalla integrada": uniqueId="local:0", 720 x 1600, modeId 1, defaultModeId 1, supportedModes [{id=1, width=720, height=1600, fps=60.0}], colorMode 0, supportedColorModes [0], HdrCapabilities android.view.Display$HdrCapabilities@40f16308, density 320, 268.941 x 269.139 dpi, appVsyncOff 8300000, presDeadline 9366667, cutout DisplayCutout{insets=Rect(0, 55 - 0, 0) boundingRect={Bounds=[Rect(0, 0 - 0, 0), Rect(301, 0 - 419, 55), Rect(0, 0 - 0, 0), Rect(0, 0 - 0, 0)]}}, touch INTERNAL, rotation 0, type BUILT_IN, address {port=0}, state UNKNOWN, FLAG_DEFAULT_DISPLAY, FLAG_ROTATES_WITH_CONTENT, FLAG_SECURE, FLAG_SUPPORTS_PROTECTED_BUFFERS}
02-22 03:08:24.143  1223  1223 I SystemServiceManager: Starting phase 100 done
02-22 03:08:24.144  1223  1252 I DisplayManagerService: Display device changed state: "Pantalla integrada", ON
02-22 03:08:24.144  1223  1223 I SystemServer: StartPackageManagerService
02-22 03:08:24.144  1223  1223 I Watchdog: Pausing HandlerChecker: main thread for reason: packagemanagermain. Pause count: 1
02-22 03:08:24.520  1223  1223 W PackageManager: Unknown element under <package>: uses-static-lib
02-22 03:08:24.970  1223  1223 W PackageManager: Failed to parse /system/framework/arm: Missing base APK in /system/framework/arm
02-22 03:08:24.974  1223  1223 W PackageManager: Failed to parse /system/framework/oat: Missing base APK in /system/framework/oat
02-22 03:08:25.008  1223  1223 W PackageManager: Failed to scan /system/priv-app/MiDrop: Package com.xiaomi.midrop at /system/priv-app/MiDrop ignored: updated version 34709 better than this 12911
02-22 03:08:25.016  1223  1223 W PackageManager: Failed to scan /system/priv-app/YellowPage: Package com.miui.yellowpage at /system/priv-app/YellowPage ignored: updated version 202110220 better than this 202011190
02-22 03:08:25.044  1223  1223 W PackageManager: Failed to scan /system/priv-app/SecurityCenter: Package com.miui.securitycenter at /system/priv-app/SecurityCenter ignored: updated version 40001051 better than this 100560
02-22 03:08:25.046  1223  1223 W PackageManager: Failed to scan /system/priv-app/Weather: Package com.miui.weather2 at /system/priv-app/Weather ignored: updated version 13000201 better than this 12030300
02-22 03:08:25.065  1223  1223 W PackageManager: Failed to scan /system/priv-app/MiuiMusicGlobal: Package com.miui.player at /system/priv-app/MiuiMusicGlobal ignored: updated version 5470 better than this 575
02-22 03:08:25.068  1223  1223 W PackageManager: Failed to scan /system/priv-app/CloudBackup: Package com.miui.cloudbackup at /system/priv-app/CloudBackup ignored: updated version 1120106158 better than this 12010300
02-22 03:08:25.074  1223  1223 W PackageManager: Failed to scan /system/priv-app/MiBrowserGlobal: Package com.mi.globalbrowser at /system/priv-app/MiBrowserGlobal ignored: updated version 202511283 better than this 202107303
02-22 03:08:25.132  1223  1223 W PackageManager: Failed to scan /system/priv-app/SoundRecorder: Package com.android.soundrecorder at /system/priv-app/SoundRecorder ignored: updated version 1100 better than this 71
02-22 03:08:25.135  1223  1223 W PackageManager: Failed to scan /system/priv-app/MiuiHome: Package com.miui.home at /system/priv-app/MiuiHome ignored: updated version 421153260 better than this 421153239
02-22 03:08:25.181  1223  1223 W PackageManager: Failed to scan /system/app/AnalyticsCore: Package com.miui.analytics at /system/app/AnalyticsCore ignored: updated version 2025111700 better than this 2021123100
02-22 03:08:25.208  1223  1223 W PackageManager: Failed to scan /system/app/XiaomiServiceFramework: Package com.xiaomi.xmsf at /system/app/XiaomiServiceFramework ignored: updated version 60001080 better than this 30006011
02-22 03:08:25.213  1223  1223 W PackageManager: Failed to scan /system/app/DeskClock: Package com.android.deskclock at /system/app/DeskClock ignored: updated version 12120108 better than this 12061501
02-22 03:08:25.215  1223  1223 W PackageManager: Failed to scan /system/app/XiaomiAccount: Package com.xiaomi.account at /system/app/XiaomiAccount ignored: updated version 323030102 better than this 12010120
02-22 03:08:25.218  1223  1223 W PackageManager: Failed to scan /system/app/SystemAppUpdater: Package com.xiaomi.discover at /system/app/SystemAppUpdater ignored: updated version 2000856 better than this 2000545
02-22 03:08:25.229  1223  1223 W PackageManager: Failed to scan /system/app/ThemeManager: Package com.android.thememanager at /system/app/ThemeManager ignored: updated version 2150212 better than this 2000012
02-22 03:08:25.244  1223  1223 W PackageManager: Failed to scan /system/app/MSA-Global: Package com.miui.msa.global at /system/app/MSA-Global ignored: updated version 2026010600 better than this 2021052000
02-22 03:08:25.245  1223  1223 W PackageManager: Failed to scan /system/app/PlayAutoInstallStubApp: Package android.autoinstalls.config.Xiaomi.model at /system/app/PlayAutoInstallStubApp ignored: updated version 1001 better than this 1
02-22 03:08:25.252  1223  1223 W PackageManager: Failed to scan /system/app/CloudService: Package com.miui.cloudservice at /system/app/CloudService ignored: updated version 112000250 better than this 12010130
02-22 03:08:25.260  1223  1223 W PackageManager: Failed to scan /system/app/MiPicks: Package com.xiaomi.mipicks at /system/app/MiPicks ignored: updated version 6021020 better than this 4001901
02-22 03:08:25.268  1223  1223 W PackageManager: Failed to scan /system/app/MiuiScreenRecorder: Package com.miui.screenrecorder at /system/app/MiuiScreenRecorder ignored: updated version 90 better than this 74
02-22 03:08:25.282  1223  1223 W PackageManager: Failed to scan /system/app/Notes: Package com.miui.notes at /system/app/Notes ignored: updated version 786 better than this 217
02-22 03:08:25.291  1223  1223 W PackageManager: Failed to scan /system/app/MiuiVideoPlayer: Package com.miui.videoplayer at /system/app/MiuiVideoPlayer ignored: updated version 2026020530 better than this 2020101530
02-22 03:08:25.317  1223  1223 W PackageManager: Skipping provider name com.mipay.wallet.in.selfupdate.fileprovider (in package com.mipay.wallet.in): name already used by com.mipay.wallet.in
02-22 03:08:25.366  1223  1223 W PackageManager: Failed to scan /system/app/FileExplorerGlobal: Package com.mi.android.globalFileexplorer at /system/app/FileExplorerGlobal ignored: updated version 20210601 better than this 20200519
02-22 03:08:25.391  1223  1223 W PackageManager: Failed to scan /system/app/GlobalPackageInstaller: Package com.miui.global.packageinstaller at /system/app/GlobalPackageInstaller ignored: updated version 330 better than this 142
02-22 03:08:25.399  1223  1223 W PackageManager: Failed to scan /system/app/securityadd: Package com.miui.securityadd at /system/app/securityadd ignored: updated version 91157 better than this 91086
02-22 03:08:25.429  1223  1223 W PackageManager: Failed to scan /product/priv-app/Wellbeing: Package com.google.android.apps.wellbeing at /product/priv-app/Wellbeing ignored: updated version 802217 better than this 217207
02-22 03:08:25.431  1223  1223 W PackageManager: Failed to scan /product/priv-app/GooglePartnerSetup: Package com.google.android.partnersetup at /product/priv-app/GooglePartnerSetup ignored: updated version 7885 better than this 1184
02-22 03:08:25.440  1223  1223 W PackageManager: Failed to scan /product/priv-app/GoogleAssistant: Package com.google.android.apps.googleassistant at /product/priv-app/GoogleAssistant ignored: updated version 76 better than this 41
02-22 03:08:25.442  1223  1223 W PackageManager: Failed to scan /product/priv-app/Phonesky: Package com.android.vending at /product/priv-app/Phonesky ignored: updated version 85013320 better than this 82301110
02-22 03:08:25.444  1223  1223 W PackageManager: Failed to scan /product/priv-app/Velvet: Package com.google.android.googlequicksearchbox at /product/priv-app/Velvet ignored: updated version 301693718 better than this 301145757
02-22 03:08:25.461  1223  1223 W PackageManager: Failed to scan /product/priv-app/GoogleDialer: Package com.google.android.dialer at /product/priv-app/GoogleDialer ignored: updated version 18308707 better than this 6901757
02-22 03:08:25.465  1223  1223 W PackageManager: Failed to scan /product/priv-app/CarrierServices: Package com.google.android.ims at /product/priv-app/CarrierServices ignored: updated version 31153903 better than this 30354180
02-22 03:08:25.471  1223  1223 W PackageManager: Failed to scan /product/priv-app/AndroidAutoStub: Package com.google.android.projection.gearhead at /product/priv-app/AndroidAutoStub ignored: updated version 161660413 better than this 10892210
02-22 03:08:25.489  1223  1223 W PackageManager: Failed to scan /product/priv-app/GmsCore: Package com.google.android.gms at /product/priv-app/GmsCore ignored: updated version 260438009 better than this 210613035
02-22 03:08:25.496  1223  1223 W PackageManager: Failed to scan /product/app/GoogleTTS: Package com.google.android.tts at /product/app/GoogleTTS ignored: updated version 210616703 better than this 210316363
02-22 03:08:25.505  1223  1223 W PackageManager: Failed to scan /product/app/WebViewGoogle: Package com.google.android.webview at /product/app/WebViewGoogle ignored: updated version 755913200 better than this 428010130
02-22 03:08:25.507  1223  1223 W PackageManager: Failed to scan /product/app/GoogleOne: Package com.google.android.apps.subscriptions.red at /product/app/GoogleOne ignored: updated version 621514 better than this 24831
02-22 03:08:25.517  1223  1223 W PackageManager: Failed to scan /product/app/Gmail2: Package com.google.android.gm at /product/app/Gmail2 ignored: updated version 65578757 better than this 62578324
02-22 03:08:25.525  1223  1223 W PackageManager: Failed to scan /product/app/YouTube: Package com.google.android.youtube at /product/app/YouTube ignored: updated version 1561055668 better than this 1519244736
02-22 03:08:25.526  1223  1223 W PackageManager: Failed to scan /product/app/GoogleContacts: Package com.google.android.contacts at /product/app/GoogleContacts ignored: updated version 3262787 better than this 2548755
02-22 03:08:25.528  1223  1223 W PackageManager: Failed to scan /product/app/talkback: Package com.google.android.marvin.talkback at /product/app/talkback ignored: updated version 60192267 better than this 60111894
02-22 03:08:25.532  1223  1223 W PackageManager: Failed to scan /product/app/Messages: Package com.google.android.apps.messaging at /product/app/Messages ignored: updated version 299081063 better than this 76063063
02-22 03:08:25.542  1223  1223 W PackageManager: Failed to scan /product/app/LatinImeGoogle: Package com.google.android.inputmethod.latin at /product/app/LatinImeGoogle ignored: updated version 175646445 better than this 44340021
02-22 03:08:25.543  1223  1223 W PackageManager: Failed to scan /product/app/CalendarGoogle: Package com.google.android.calendar at /product/app/CalendarGoogle ignored: updated version 2018036481 better than this 2016979146
02-22 03:08:25.548  1223  1223 W PackageManager: Failed to scan /product/app/Chrome: Package com.android.chrome at /product/app/Chrome ignored: updated version 763207530 better than this 428010130
02-22 03:08:25.550  1223  1223 W PackageManager: Failed to scan /product/app/Maps: Package com.google.android.apps.maps at /product/app/Maps ignored: updated version 1068445305 better than this 1063100040
02-22 03:08:25.564  1223  1223 I PreinstallApp: read new track file content from /data/miui/pai/pre_install.appsflyer
02-22 03:08:25.566  1223  1223 I PreinstallApp: Nothing need copy for normal boot.
02-22 03:08:25.567  1223  1223 I SystemServiceManager: Starting com.android.server.pm.CloudControlPreinstallService
02-22 03:08:25.567  1223  1223 I CloudControlPreinstall: onStart
02-22 03:08:25.567  1223  1223 I SystemServiceManager: Starting com.android.server.pm.AdvancePreinstallService
02-22 03:08:25.568  1223  1223 I AdvancePreinstallService: onStart
02-22 03:08:25.569  1223  1223 I PackageManager: Finished scanning system apps. Time: 648 ms, packageCount: 226 , timePerPackage: 2 , cached: 272
02-22 03:08:25.579  1223  1223 W PackageManager: Relax SCAN_REQUIRE_KNOWN requirement for package android.autoinstalls.config.Xiaomi.model
02-22 03:08:25.615  1223  1223 W PackageManager: Relax SCAN_REQUIRE_KNOWN requirement for package com.miui.player
02-22 03:08:25.621  1223  1223 W PackageManager: Relax SCAN_REQUIRE_KNOWN requirement for package com.mi.globalbrowser
02-22 03:08:25.629  1223  1223 W PackageManager: Relax SCAN_REQUIRE_KNOWN requirement for package com.miui.cloudservice
02-22 03:08:25.645  1223  1223 W PackageManager: Provider ComponentInfo{com.dig.deep/com.tabtale.ttplugins.ttpcore.TTPFakeContentProvider} already defined; ignoring
02-22 03:08:25.647  1223  1223 W PackageManager: Relax SCAN_REQUIRE_KNOWN requirement for package com.miui.securitycenter
02-22 03:08:25.661  1223  1223 W PackageManager: Relax SCAN_REQUIRE_KNOWN requirement for package com.miui.home
02-22 03:08:25.667  1223  1223 W PackageManager: Relax SCAN_REQUIRE_KNOWN requirement for package com.xiaomi.mipicks
02-22 03:08:25.671  1223  1223 W PackageManager: Provider ComponentInfo{com.xiaomi.mipicks/androidx.startup.InitializationProvider} already defined; ignoring
02-22 03:08:25.671  1223  1223 W PackageManager: Skipping provider name com.xiaomi.mipicks.androidx-startup (in package com.xiaomi.mipicks): name already used by com.xiaomi.mipicks
02-22 03:08:25.672  1223  1223 W PackageManager: Relax SCAN_REQUIRE_KNOWN requirement for package com.xiaomi.midrop
02-22 03:08:25.691  1223  1223 W PackageManager: Relax SCAN_REQUIRE_KNOWN requirement for package com.miui.yellowpage
02-22 03:08:25.694  1223  1223 W PackageManager: Relax SCAN_REQUIRE_KNOWN requirement for package com.miui.analytics
02-22 03:08:25.699  1223  1223 W PackageManager: Relax SCAN_REQUIRE_KNOWN requirement for package com.google.android.youtube
02-22 03:08:25.704  1223  1223 W PackageManager: Relax SCAN_REQUIRE_KNOWN requirement for package com.google.android.gm
02-22 03:08:25.712  1223  1223 W PackageManager: Relax SCAN_REQUIRE_KNOWN requirement for package com.miui.cloudbackup
02-22 03:08:25.728  1223  1223 W PackageManager: Relax SCAN_REQUIRE_KNOWN requirement for package com.miui.global.packageinstaller
02-22 03:08:25.731  1223  1223 W PackageManager: Relax SCAN_REQUIRE_KNOWN requirement for package com.google.android.ims
02-22 03:08:25.734  1223  1223 W PackageManager: Relax SCAN_REQUIRE_KNOWN requirement for package com.miui.securityadd
02-22 03:08:25.738  1223  1223 W PackageManager: Relax SCAN_REQUIRE_KNOWN requirement for package com.xiaomi.xmsf
02-22 03:08:25.741  1223  1223 W PackageManager: Relax SCAN_REQUIRE_KNOWN requirement for package com.miui.msa.global
02-22 03:08:25.744  1223  1223 W PackageManager: Relax SCAN_REQUIRE_KNOWN requirement for package com.miui.screenrecorder
02-22 03:08:25.748  1223  1223 W PackageManager: Relax SCAN_REQUIRE_KNOWN requirement for package com.android.soundrecorder
02-22 03:08:25.755  1223  1223 W PackageManager: Relax SCAN_REQUIRE_KNOWN requirement for package com.android.chrome
02-22 03:08:25.760  1223  1223 W PackageManager: Relax SCAN_REQUIRE_KNOWN requirement for package com.xiaomi.account
02-22 03:08:25.847  1223  1223 W PackageManager: Relax SCAN_REQUIRE_KNOWN requirement for package com.android.deskclock
02-22 03:08:25.856  1223  1223 W PackageManager: Relax SCAN_REQUIRE_KNOWN requirement for package com.google.android.inputmethod.latin
02-22 03:08:25.861  1223  1223 W PackageManager: Relax SCAN_REQUIRE_KNOWN requirement for package com.google.android.marvin.talkback
02-22 03:08:25.865  1223  1223 W PackageManager: Relax SCAN_REQUIRE_KNOWN requirement for package com.google.android.apps.googleassistant
02-22 03:08:25.868  1223  1223 W PackageManager: Relax SCAN_REQUIRE_KNOWN requirement for package com.xiaomi.discover
02-22 03:08:25.872  1223  1223 W PackageManager: Relax SCAN_REQUIRE_KNOWN requirement for package com.miui.notes
02-22 03:08:25.875  1223  1223 W PackageManager: Skipping provider name com.miui.notes (in package com.miui.notes): name already used by com.miui.notes
02-22 03:08:25.880  1223  1223 W PackageManager: Relax SCAN_REQUIRE_KNOWN requirement for package com.miui.videoplayer
02-22 03:08:25.893  1223  1223 W PackageManager: Relax SCAN_REQUIRE_KNOWN requirement for package com.google.android.apps.messaging
02-22 03:08:25.898  1223  1223 W PackageManager: Skipping provider name com.google.android.apps.messaging.photopicker_images (in package com.google.android.apps.messaging): name already used by com.google.android.apps.messaging
02-22 03:08:25.900  1223  1223 W PackageManager: Relax SCAN_REQUIRE_KNOWN requirement for package com.google.android.gms
02-22 03:08:25.948  1223  1223 W PackageManager: Relax SCAN_REQUIRE_KNOWN requirement for package com.google.android.tts
02-22 03:08:25.951  1223  1223 W PackageManager: Relax SCAN_REQUIRE_KNOWN requirement for package com.miui.weather2
02-22 03:08:25.956  1223  1223 W PackageManager: Relax SCAN_REQUIRE_KNOWN requirement for package com.google.android.contacts
02-22 03:08:25.961  1223  1223 W PackageManager: Relax SCAN_REQUIRE_KNOWN requirement for package com.mi.android.globalFileexplorer
02-22 03:08:25.989  1223  1223 W PackageManager: Relax SCAN_REQUIRE_KNOWN requirement for package com.android.vending
02-22 03:08:25.999  1223  1223 W PackageManager: Relax SCAN_REQUIRE_KNOWN requirement for package com.google.android.calendar
02-22 03:08:26.006  1223  1223 W PackageManager: Relax SCAN_REQUIRE_KNOWN requirement for package com.google.android.apps.subscriptions.red
02-22 03:08:26.022  1223  1223 W PackageManager: Skipping provider name com.hookah.sandboxinspace.appmetrica.preloadinfo.retail (in package com.hookah.sandboxinspace): name already used by com.hookah.sandboxinspace
02-22 03:08:26.024  1223  1223 W PackageManager: Relax SCAN_REQUIRE_KNOWN requirement for package com.google.android.webview
02-22 03:08:26.033  1223  1223 W PackageManager: Relax SCAN_REQUIRE_KNOWN requirement for package com.google.android.partnersetup
02-22 03:08:26.035  1223  1223 W PackageManager: Relax SCAN_REQUIRE_KNOWN requirement for package com.google.android.dialer
02-22 03:08:26.042  1223  1223 W PackageManager: Relax SCAN_REQUIRE_KNOWN requirement for package com.google.android.googlequicksearchbox
02-22 03:08:26.057  1223  1223 W PackageManager: Relax SCAN_REQUIRE_KNOWN requirement for package com.android.thememanager
02-22 03:08:26.067  1223  1223 W PackageManager: Relax SCAN_REQUIRE_KNOWN requirement for package com.google.android.apps.maps
02-22 03:08:26.074  1223  1223 W PackageManager: Relax SCAN_REQUIRE_KNOWN requirement for package com.google.android.projection.gearhead
02-22 03:08:26.081  1223  1223 W PackageManager: Relax SCAN_REQUIRE_KNOWN requirement for package com.google.android.apps.wellbeing
02-22 03:08:26.086  1223  1223 I PackageManager: Finished scanning non-system apps. Time: 517 ms, packageCount: 77 , timePerPackage: 6 , cached: 76
02-22 03:08:26.102  1223  1223 I PackageManager: Time to scan packages: 1.18 seconds
02-22 03:08:26.106  1223  1223 I PackageManager: Un-granting permission android.permission.MANAGE_DOCUMENTS from package com.google.android.youtube (protectionLevel=262146 flags=0x205bbec5)
02-22 03:08:26.109  1223  1223 I PackageManager: Un-granting permission android.permission.CAPTURE_AUDIO_OUTPUT from package com.google.android.googlequicksearchbox (protectionLevel=18 flags=0x20583ec5)
02-22 03:08:26.109  1223  1223 I PackageManager: Un-granting permission android.permission.SUBSTITUTE_SHARE_TARGET_APP_NAME_AND_ICON from package com.google.android.googlequicksearchbox (protectionLevel=18 flags=0x20583ec5)
02-22 03:08:26.109  1223  1223 I PackageManager: Un-granting permission android.permission.CAPTURE_MEDIA_OUTPUT from package com.google.android.googlequicksearchbox (protectionLevel=18 flags=0x20583ec5)
02-22 03:08:26.109  1223  1223 I PackageManager: Un-granting permission android.permission.MODIFY_AUDIO_ROUTING from package com.google.android.googlequicksearchbox (protectionLevel=18 flags=0x20583ec5)
02-22 03:08:26.109  1223  1223 I PackageManager: Un-granting permission android.permission.SYSTEM_ALERT_WINDOW from package cn.wps.xiaomi.abroad.lite (protectionLevel=1250 flags=0x3858be44)
02-22 03:08:26.110  1223  1223 I PackageManager: Un-granting permission android.permission.REQUEST_INSTALL_PACKAGES from package cn.wps.xiaomi.abroad.lite (protectionLevel=66 flags=0x3858be44)
02-22 03:08:26.110  1223  1223 I PackageManager: Un-granting permission com.google.android.googleapps.permission.GOOGLE_AUTH from package com.android.providers.calendar (protectionLevel=2 flags=0x20083e45)
02-22 03:08:26.110  1223  1223 I PackageManager: Un-granting permission com.google.android.googleapps.permission.GOOGLE_AUTH.cl from package com.android.providers.calendar (protectionLevel=2 flags=0x20083e45)
02-22 03:08:26.116  1223  1223 I PackageManager: Un-granting permission android.permission.HIDE_NON_SYSTEM_OVERLAY_WINDOWS from package com.android.companiondevicemanager (protectionLevel=258 flags=0x30483e45)
02-22 03:08:26.118  1223  1223 I PackageManager: Un-granting permission android.permission.READ_PRIVILEGED_PHONE_STATE from package com.google.android.apps.messaging (protectionLevel=18 flags=0x284abec5)
02-22 03:08:26.118  1223  1223 I PackageManager: Un-granting permission android.permission.MODIFY_PHONE_STATE from package com.google.android.apps.messaging (protectionLevel=18 flags=0x284abec5)
02-22 03:08:26.118  1223  1223 I PackageManager: Un-granting permission android.permission.READ_PRECISE_PHONE_STATE from package com.google.android.apps.messaging (protectionLevel=18 flags=0x284abec5)
02-22 03:08:26.118  1223  1223 I PackageManager: Un-granting permission android.permission.CONNECTIVITY_USE_RESTRICTED_NETWORKS from package com.google.android.apps.messaging (protectionLevel=18 flags=0x284abec5)
02-22 03:08:26.118  1223  1223 I PackageManager: Un-granting permission com.google.android.setupwizard.READ_DEVICE_ORIGIN from package com.google.android.apps.messaging (protectionLevel=18 flags=0x284abec5)
02-22 03:08:26.119  1223  1223 I PackageManager: Un-granting permission android.permission.MANAGE_USERS from package com.miui.securitycenter (protectionLevel=18 flags=0x2049bec5)
02-22 03:08:26.119  1223  1223 I PackageManager: Un-granting permission android.permission.INTERACT_ACROSS_USERS from package com.miui.securitycenter (protectionLevel=50 flags=0x2049bec5)
02-22 03:08:26.119  1223  1223 I PackageManager: Un-granting permission android.permission.READ_PRIVILEGED_PHONE_STATE from package com.miui.securitycenter (protectionLevel=18 flags=0x2049bec5)
02-22 03:08:26.122  1223  1223 I PackageManager: Un-granting permission android.permission.START_ACTIVITIES_FROM_BACKGROUND from package com.android.soundrecorder (protectionLevel=49682 flags=0x30483e85)
02-22 03:08:26.123  1223  1223 I PackageManager: Un-granting permission android.permission.WRITE_DEVICE_CONFIG from package com.android.vending (protectionLevel=524802 flags=0x284abec5)
02-22 03:08:26.123  1223  1223 I PackageManager: Un-granting permission android.permission.HIDE_NON_SYSTEM_OVERLAY_WINDOWS from package com.android.vending (protectionLevel=258 flags=0x284abec5)
02-22 03:08:26.123  1223  1223 I PackageManager: Un-granting permission android.permission.SEND_DOWNLOAD_COMPLETED_INTENTS from package com.android.vending (protectionLevel=2 flags=0x284abec5)
02-22 03:08:26.123  1223  1223 I PackageManager: Un-granting permission android.permission.INSTALL_GRANT_RUNTIME_PERMISSIONS from package com.android.vending (protectionLevel=770 flags=0x284abec5)
02-22 03:08:26.123  1223  1223 I PackageManager: Un-granting permission android.permission.GRANT_RUNTIME_PERMISSIONS from package com.android.vending (protectionLevel=770 flags=0x284abec5)
02-22 03:08:26.123  1223  1223 I PackageManager: Un-granting permission android.permission.REVOKE_RUNTIME_PERMISSIONS from package com.android.vending (protectionLevel=770 flags=0x284abec5)
02-22 03:08:26.123  1223  1223 I PackageManager: Un-granting permission android.permission.SET_PREFERRED_APPLICATIONS from package com.android.vending (protectionLevel=770 flags=0x284abec5)
02-22 03:08:26.124  1223  1223 I PackageManager: Un-granting permission android.permission.ACCESS_INSTANT_APPS from package com.android.vending (protectionLevel=131842 flags=0x284abec5)
02-22 03:08:26.124  1223  1223 I PackageManager: Un-granting permission android.permission.MANAGE_APP_OPS_MODES from package com.android.vending (protectionLevel=770 flags=0x284abec5)
02-22 03:08:26.124  1223  1223 I PackageManager: Un-granting permission android.permission.MANAGE_ROLLBACKS from package com.android.vending (protectionLevel=514 flags=0x284abec5)
02-22 03:08:26.124  1223  1223 I PackageManager: Un-granting permission android.permission.SET_HARMFUL_APP_WARNINGS from package com.android.vending (protectionLevel=514 flags=0x284abec5)
02-22 03:08:26.132  1223  1223 I PackageManager: Un-granting permission android.permission.REQUEST_INSTALL_PACKAGES from package com.google.android.gm (protectionLevel=66 flags=0x285bbec5)
02-22 03:08:26.133  1223  1223 I PackageManager: Un-granting permission android.permission.GRANT_RUNTIME_PERMISSIONS from package com.google.android.permissioncontroller (protectionLevel=770 flags=0x30c83e05)
02-22 03:08:26.133  1223  1223 I PackageManager: Un-granting permission android.permission.REVOKE_RUNTIME_PERMISSIONS from package com.google.android.permissioncontroller (protectionLevel=770 flags=0x30c83e05)
02-22 03:08:26.133  1223  1223 I PackageManager: Un-granting permission android.permission.ADJUST_RUNTIME_PERMISSIONS_POLICY from package com.google.android.permissioncontroller (protectionLevel=258 flags=0x30c83e05)
02-22 03:08:26.133  1223  1223 I PackageManager: Un-granting permission android.permission.WHITELIST_RESTRICTED_PERMISSIONS from package com.google.android.permissioncontroller (protectionLevel=258 flags=0x30c83e05)
02-22 03:08:26.133  1223  1223 I PackageManager: Un-granting permission android.permission.INTERACT_ACROSS_USERS_FULL from package com.google.android.permissioncontroller (protectionLevel=258 flags=0x30c83e05)
02-22 03:08:26.133  1223  1223 I PackageManager: Un-granting permission android.permission.MANAGE_APP_OPS_MODES from package com.google.android.permissioncontroller (protectionLevel=770 flags=0x30c83e05)
02-22 03:08:26.133  1223  1223 I PackageManager: Un-granting permission android.permission.KILL_UID from package com.google.android.permissioncontroller (protectionLevel=258 flags=0x30c83e05)
02-22 03:08:26.133  1223  1223 I PackageManager: Un-granting permission android.permission.MANAGE_APP_OPS_RESTRICTIONS from package com.google.android.permissioncontroller (protectionLevel=258 flags=0x30c83e05)
02-22 03:08:26.133  1223  1223 I PackageManager: Un-granting permission android.permission.HIDE_NON_SYSTEM_OVERLAY_WINDOWS from package com.google.android.permissioncontroller (protectionLevel=258 flags=0x30c83e05)
02-22 03:08:26.133  1223  1223 I PackageManager: Un-granting permission android.permission.MANAGE_ROLE_HOLDERS from package com.google.android.permissioncontroller (protectionLevel=258 flags=0x30c83e05)
02-22 03:08:26.133  1223  1223 I PackageManager: Un-granting permission android.permission.OBSERVE_ROLE_HOLDERS from package com.google.android.permissioncontroller (protectionLevel=258 flags=0x30c83e05)
02-22 03:08:26.134  1223  1223 I PackageManager: Un-granting permission android.permission.SET_PREFERRED_APPLICATIONS from package com.google.android.permissioncontroller (protectionLevel=770 flags=0x30c83e05)
02-22 03:08:26.134  1223  1223 I PackageManager: Un-granting permission android.permission.ACCESS_SHARED_LIBRARIES from package com.google.android.permissioncontroller (protectionLevel=258 flags=0x30c83e05)
02-22 03:08:26.134  1223  1223 I PackageManager: Un-granting permission android.permission.ACCESS_INSTANT_APPS from package com.google.android.permissioncontroller (protectionLevel=131842 flags=0x30c83e05)
02-22 03:08:26.134  1223  1223 I PackageManager: Un-granting permission android.permission.OPEN_ACCESSIBILITY_DETAILS_SETTINGS from package com.google.android.permissioncontroller (protectionLevel=258 flags=0x30c83e05)
02-22 03:08:26.141  1223  1223 I PackageManager: Un-granting permission android.permission.WRITE_SECURE_SETTINGS from package com.android.printspooler (protectionLevel=50 flags=0x3848be45)
02-22 03:08:26.144  1223  1223 I PackageManager: Un-granting permission android.permission.REBOOT from package com.google.android.apps.wellbeing (protectionLevel=18 flags=0x204bbec5)
02-22 03:08:26.145  1223  1223 I PackageManager: Un-granting permission android.permission.REAL_GET_TASKS from package com.google.android.apps.wellbeing (protectionLevel=18 flags=0x204bbec5)
02-22 03:08:26.145  1223  1223 I PackageManager: Un-granting permission android.permission.START_TASKS_FROM_RECENTS from package com.google.android.apps.wellbeing (protectionLevel=18 flags=0x204bbec5)
02-22 03:08:26.145  1223  1223 I PackageManager: Un-granting permission android.permission.MODIFY_DAY_NIGHT_MODE from package com.google.android.apps.wellbeing (protectionLevel=18 flags=0x204bbec5)
02-22 03:08:26.151  1223  1223 I PackageManager: Un-granting permission android.permission.INTERACT_ACROSS_USERS from package com.google.android.syncadapters.contacts (protectionLevel=50 flags=0x20083e45)
02-22 03:08:26.153  1223  1223 I PackageManager: Un-granting permission android.permission.REQUEST_INSTALL_PACKAGES from package com.android.chrome (protectionLevel=66 flags=0xa04bbec5)
02-22 03:08:26.155  1223  1223 I PackageManager: Un-granting permission android.permission.HIDE_NON_SYSTEM_OVERLAY_WINDOWS from package com.google.android.packageinstaller (protectionLevel=258 flags=0x30483e45)
02-22 03:08:26.155  1223  1223 I PackageManager: Un-granting permission android.permission.MANAGE_APP_OPS_MODES from package com.google.android.packageinstaller (protectionLevel=770 flags=0x30483e45)
02-22 03:08:26.155  1223  1223 I PackageManager: Un-granting permission android.permission.INTERACT_ACROSS_USERS_FULL from package com.google.android.packageinstaller (protectionLevel=258 flags=0x30483e45)
02-22 03:08:26.156  1223  1223 I PackageManager: Un-granting permission android.permission.WRITE_EMBEDDED_SUBSCRIPTIONS from package com.google.android.gms (protectionLevel=50 flags=0xa04abec5)
02-22 03:08:26.156  1223  1223 I PackageManager: Un-granting permission android.permission.CAPTURE_VIDEO_OUTPUT from package com.google.android.gms (protectionLevel=2 flags=0xa04abec5)
02-22 03:08:26.156  1223  1223 I PackageManager: Un-granting permission android.permission.FORCE_STOP_PACKAGES from package com.google.android.gms (protectionLevel=18 flags=0xa04abec5)
02-22 03:08:26.156  1223  1223 I PackageManager: Un-granting permission android.permission.OBSERVE_ROLE_HOLDERS from package com.google.android.gms (protectionLevel=258 flags=0xa04abec5)
02-22 03:08:26.157  1223  1223 I PackageManager: Un-granting permission android.permission.MODIFY_DEFAULT_AUDIO_EFFECTS from package com.google.android.gms (protectionLevel=18 flags=0xa04abec5)
02-22 03:08:26.158  1223  1223 I PackageManager: Un-granting permission android.permission.MANAGE_DEVICE_ADMINS from package com.google.android.gms (protectionLevel=2 flags=0xa04abec5)
02-22 03:08:26.158  1223  1223 I PackageManager: Un-granting permission android.permission.MANAGE_ACTIVITY_STACKS from package com.google.android.gms (protectionLevel=2 flags=0xa04abec5)
02-22 03:08:26.158  1223  1223 I PackageManager: Un-granting permission android.permission.CAPTURE_SECURE_VIDEO_OUTPUT from package com.google.android.gms (protectionLevel=2 flags=0xa04abec5)
02-22 03:08:26.158  1223  1223 I PackageManager: Un-granting permission android.permission.MANAGE_ROLLBACKS from package com.google.android.gms (protectionLevel=514 flags=0xa04abec5)
02-22 03:08:26.159  1223  1223 I PackageManager: Un-granting permission android.permission.MEDIA_CONTENT_CONTROL from package com.google.android.gms (protectionLevel=18 flags=0xa04abec5)
02-22 03:08:26.159  1223  1223 I PackageManager: Un-granting permission android.permission.HIDE_NON_SYSTEM_OVERLAY_WINDOWS from package com.google.android.gms (protectionLevel=258 flags=0xa04abec5)
02-22 03:08:26.162  1223  1223 I PackageManager: Un-granting permission android.permission.UPDATE_APP_OPS_STATS from package com.google.android.tts (protectionLevel=274 flags=0x344bbec5)
02-22 03:08:26.162  1223  1223 I PackageManager: Un-granting permission android.permission.START_ACTIVITIES_FROM_BACKGROUND from package com.google.android.tts (protectionLevel=49682 flags=0x344bbec5)
02-22 03:08:26.174  1223  1223 I PackageManager: Un-granting permission android.permission.INTERACT_ACROSS_PROFILES from package com.google.android.calendar (protectionLevel=18 flags=0x204bbec5)
02-22 03:08:26.186  1223  1223 I PackageManager: Un-granting permission com.miui.bugreport.permission.DUMP_CACHED_LOG from package com.miui.weather2 (protectionLevel=2 flags=0x3049bec5)
02-22 03:08:26.187  1223  1223 I PackageManager: Un-granting permission com.google.android.finsky.permission.GEARHEAD_SERVICE from package com.google.android.projection.gearhead (protectionLevel=18 flags=0x280bbec5)
02-22 03:08:26.187  1223  1223 I PackageManager: Un-granting permission android.permission.CHANGE_COMPONENT_ENABLED_STATE from package com.google.android.projection.gearhead (protectionLevel=18 flags=0x280bbec5)
02-22 03:08:26.188  1223  1223 I PackageManager: Un-granting permission android.permission.UPDATE_APP_OPS_STATS from package com.google.android.projection.gearhead (protectionLevel=274 flags=0x280bbec5)
02-22 03:08:26.188  1223  1223 I PackageManager: Un-granting permission android.permission.BIND_APPWIDGET from package com.google.android.projection.gearhead (protectionLevel=18 flags=0x280bbec5)
02-22 03:08:26.188  1223  1223 I PackageManager: Un-granting permission android.permission.CAPTURE_SECURE_VIDEO_OUTPUT from package com.google.android.projection.gearhead (protectionLevel=2 flags=0x280bbec5)
02-22 03:08:26.188  1223  1223 I PackageManager: Un-granting permission android.permission.INTERACT_ACROSS_PROFILES from package com.google.android.projection.gearhead (protectionLevel=18 flags=0x280bbec5)
02-22 03:08:26.202  1223  1223 I PackageManager: Un-granting permission com.xiaomi.permission.CLOUD_MANAGER from package com.mipay.wallet.in (protectionLevel=18 flags=0x38483e45)
02-22 03:08:26.202  1223  1223 I PackageManager: Un-granting permission android.permission.REQUEST_INSTALL_PACKAGES from package com.mipay.wallet.in (protectionLevel=66 flags=0x38483e45)
02-22 03:08:26.206  1223  1223 I PackageManager: Un-granting permission android.permission.READ_PRIVILEGED_PHONE_STATE from package com.miui.core (protectionLevel=18 flags=0x28083e05)
02-22 03:08:26.209  1223  1223 I PackageManager: Un-granting permission android.permission.INTERACT_ACROSS_PROFILES from package com.google.android.inputmethod.latin (protectionLevel=18 flags=0x204abec5)
02-22 03:08:26.643   687  1219 E storaged: getService package_native failed
02-22 03:08:26.934  1223  1223 I Watchdog: Resuming HandlerChecker: main thread for reason: packagemanagermain. Pause count: 0
02-22 03:08:26.935  1223  1223 I SystemServer: StartOtaDexOptService
02-22 03:08:26.935  1223  1223 I Watchdog: Pausing HandlerChecker: main thread for reason: moveab. Pause count: 1
02-22 03:08:26.937  1223  1223 I Watchdog: Resuming HandlerChecker: main thread for reason: moveab. Pause count: 0
02-22 03:08:26.938  1223  1223 I SystemServer: StartUserManagerService
02-22 03:08:26.938  1223  1223 I SystemServiceManager: Starting com.android.server.pm.UserManagerService$LifeCycle
02-22 03:08:26.939  1223  1223 I SystemServer: InitAttributerCache
02-22 03:08:26.940  1223  1223 I SystemServer: SetSystemProcess
02-22 03:08:26.978  1223  1314 W BpBinder: Slow Binder: BpBinder transact took 589 ms, interface=android.os.IInstalld, code=8 oneway=false
02-22 03:08:26.996  1223  1223 I SystemServer: InitWatchdog
02-22 03:08:26.997  1223  1223 I SystemServer: StartOverlayManagerService
02-22 03:08:27.331  1223  1223 W BpBinder: Slow Binder: BpBinder transact took 256 ms, interface=android.os.IIdmap2, code=4 oneway=false
02-22 03:08:27.591  1223  1223 I SystemServer: StartSensorPrivacyService
02-22 03:08:27.594  1223  1223 I MtkSystemServerImpl: startMtkBootstrapServices
02-22 03:08:27.594  1223  1223 I SystemServer: StartBatteryService
02-22 03:08:27.594  1223  1223 I SystemServiceManager: Starting com.android.server.BatteryService
02-22 03:08:27.607  1223  1223 I HealthServiceWrapper: health: HealthServiceWrapper listening to instance default
02-22 03:08:27.607  1223  1223 I BatteryService: health: Waited 0ms and received the update.
02-22 03:08:27.612  1223  1223 I SystemServer: StartUsageService
02-22 03:08:27.612  1223  1223 I SystemServiceManager: Starting com.android.server.usage.UsageStatsService
02-22 03:08:27.649  1223  1223 I UsageStatsService: User[0] Rollover scheduled @ 2026-02-22 23:45:50(1771800350898)
02-22 03:08:27.650  1223  1223 I SystemServer: StartWebViewUpdateService
02-22 03:08:27.650  1223  1223 I SystemServiceManager: Starting com.android.server.webkit.WebViewUpdateService
02-22 03:08:27.653  1223  1223 I SystemServer: StartCachedDeviceStateService
02-22 03:08:27.653  1223  1223 I SystemServiceManager: Starting com.android.server.CachedDeviceStateService
02-22 03:08:27.654  1223  1223 I SystemServer: StartBinderCallsStatsService
02-22 03:08:27.654  1223  1223 I SystemServiceManager: Starting com.android.server.BinderCallsStatsService$LifeCycle
02-22 03:08:27.655  1223  1223 I SystemServer: StartLooperStatsService
02-22 03:08:27.655  1223  1223 I SystemServiceManager: Starting com.android.server.LooperStatsService$Lifecycle
02-22 03:08:27.657  1223  1223 I SystemServer: StartRollbackManagerService
02-22 03:08:27.658  1223  1223 I SystemServiceManager: Starting com.android.server.rollback.RollbackManagerService
02-22 03:08:27.667  1223  1223 I SystemServer: StartBugreportManagerService
02-22 03:08:27.667  1223  1223 I SystemServiceManager: Starting com.android.server.os.BugreportManagerService
02-22 03:08:27.669  1223  1223 I SystemServer: GpuService
02-22 03:08:27.669  1223  1223 I SystemServiceManager: Starting com.android.server.gpu.GpuService
02-22 03:08:27.669  1223  1223 I MtkSystemServerImpl: startMtkCoreServices 
02-22 03:08:27.670  1223  1223 I SystemServer: StartKeyAttestationApplicationIdProviderService
02-22 03:08:27.670  1223  1330 I SystemServer: SecondaryZygotePreload
02-22 03:08:27.672  1223  1223 I SystemServer: StartKeyChainSystemService
02-22 03:08:27.672  1223  1223 I SystemServiceManager: Starting com.android.server.security.KeyChainSystemService
02-22 03:08:27.672  1223  1223 I SystemServer: StartSchedulingPolicyService
02-22 03:08:27.674  1223  1223 I SystemServer: StartTelecomLoaderService
02-22 03:08:27.674  1223  1223 I SystemServiceManager: Starting com.android.server.telecom.TelecomLoaderService
02-22 03:08:27.675  1223  1223 I SystemServer: StartTelephonyRegistry
02-22 03:08:27.694  1223  1223 I SystemServer: StartEntropyMixer
02-22 03:08:27.696  1223  1223 I EntropyMixer: Writing entropy...
02-22 03:08:27.698  1223  1223 I SystemServer: StartAccountManagerService
02-22 03:08:27.698  1223  1223 I SystemServiceManager: Starting com.android.server.accounts.AccountManagerService$Lifecycle
02-22 03:08:27.705  1223  1223 I SystemServer: StartContentService
02-22 03:08:27.705  1223  1223 I SystemServiceManager: Starting com.android.server.content.ContentService$Lifecycle
02-22 03:08:27.708  1223  1223 I SystemServer: InstallSystemProviders
02-22 03:08:27.712  1223  1330 E SystemServer: Unable to preload default resources
02-22 03:08:27.808  1223  1223 I SystemServer: StartDropBoxManager
02-22 03:08:27.808  1223  1223 I SystemServiceManager: Starting com.android.server.DropBoxManagerService
02-22 03:08:27.811  1223  1223 I SystemServer: StartVibratorService
02-22 03:08:27.821  1223  1223 I SystemServer: StartDynamicSystemService
02-22 03:08:27.823  1223  1223 I SystemServer: StartConsumerIrService
02-22 03:08:27.825  1223  1223 I SystemServer: StartBsGamePadService
02-22 03:08:27.826  1223  1223 I SystemServer: StartAlarmManagerService
02-22 03:08:27.826  1223  1223 I MtkSystemServerImpl: startMtkAlarmManagerService
02-22 03:08:27.827  1223  1223 I SystemServiceManager: Starting com.mediatek.server.MtkAlarmManagerService
02-22 03:08:27.832  1223  1223 I SystemServer: StartInputManagerService
02-22 03:08:27.832  1223  1223 I InputManager: Initializing input manager, mUseDevInputEventForAudioJack=true
02-22 03:08:27.857  1223  1223 I SystemServer: StartWindowManagerService
02-22 03:08:27.864  1223  1252 I WindowManager: No existing display settings, starting empty
02-22 03:08:27.880  1223  1223 I SystemServer: SetWindowManagerService
02-22 03:08:27.929  1223  1223 I SystemServer: WindowManagerServiceOnInitReady
02-22 03:08:27.949  1223  1223 I SystemServer: StartInputManager
02-22 03:08:27.949  1223  1223 I InputManager: Starting input manager
02-22 03:08:27.954  1223  1223 I SystemServer: DisplayManagerWindowManagerAndInputReady
